<?xml version="1.0" encoding="UTF-8"?>
<testsuites name="jest tests" tests="784" failures="108" errors="0" time="3.844">
  <testsuite name="API Validation System Tests" errors="0" failures="2" skipped="0" timestamp="2025-06-15T22:06:12" time="0.65" tests="29">
    <testcase classname="API Validation System Tests Base Schema Validation should validate UUID format" name="API Validation System Tests Base Schema Validation should validate UUID format" time="0.02">
    </testcase>
    <testcase classname="API Validation System Tests Base Schema Validation should validate email format" name="API Validation System Tests Base Schema Validation should validate email format" time="0.004">
    </testcase>
    <testcase classname="API Validation System Tests Base Schema Validation should validate stock symbol format" name="API Validation System Tests Base Schema Validation should validate stock symbol format" time="0.002">
    </testcase>
    <testcase classname="API Validation System Tests Base Schema Validation should validate timeframe enum" name="API Validation System Tests Base Schema Validation should validate timeframe enum" time="0.004">
    </testcase>
    <testcase classname="API Validation System Tests Base Schema Validation should validate positive numbers" name="API Validation System Tests Base Schema Validation should validate positive numbers" time="0.004">
    </testcase>
    <testcase classname="API Validation System Tests Base Schema Validation should validate non-empty strings" name="API Validation System Tests Base Schema Validation should validate non-empty strings" time="0.001">
    </testcase>
    <testcase classname="API Validation System Tests Chat Schema Validation should validate chat message schema" name="API Validation System Tests Chat Schema Validation should validate chat message schema" time="0.002">
    </testcase>
    <testcase classname="API Validation System Tests Chat Schema Validation should validate message length limits" name="API Validation System Tests Chat Schema Validation should validate message length limits" time="0.001">
    </testcase>
    <testcase classname="API Validation System Tests Market Schema Validation should validate quote request schema" name="API Validation System Tests Market Schema Validation should validate quote request schema" time="0.001">
    </testcase>
    <testcase classname="API Validation System Tests Market Schema Validation should validate bulk quotes schema" name="API Validation System Tests Market Schema Validation should validate bulk quotes schema" time="0.003">
    </testcase>
    <testcase classname="API Validation System Tests Alert Schema Validation should validate create alert schema" name="API Validation System Tests Alert Schema Validation should validate create alert schema" time="0">
    </testcase>
    <testcase classname="API Validation System Tests Alert Schema Validation should validate alert conditions" name="API Validation System Tests Alert Schema Validation should validate alert conditions" time="0.004">
    </testcase>
    <testcase classname="API Validation System Tests Authentication Schema Validation should validate login schema" name="API Validation System Tests Authentication Schema Validation should validate login schema" time="0">
    </testcase>
    <testcase classname="API Validation System Tests Authentication Schema Validation should validate registration schema with password confirmation" name="API Validation System Tests Authentication Schema Validation should validate registration schema with password confirmation" time="0.001">
    </testcase>
    <testcase classname="API Validation System Tests Authentication Schema Validation should validate password complexity requirements" name="API Validation System Tests Authentication Schema Validation should validate password complexity requirements" time="0.001">
    </testcase>
    <testcase classname="API Validation System Tests Notification Schema Validation should validate notification creation schema" name="API Validation System Tests Notification Schema Validation should validate notification creation schema" time="0">
    </testcase>
    <testcase classname="API Validation System Tests Notification Schema Validation should validate notification types and priorities" name="API Validation System Tests Notification Schema Validation should validate notification types and priorities" time="0.005">
    </testcase>
    <testcase classname="API Validation System Tests Validation Utilities should implement validateData function" name="API Validation System Tests Validation Utilities should implement validateData function" time="0.001">
    </testcase>
    <testcase classname="API Validation System Tests Validation Utilities should implement createValidationMiddleware function" name="API Validation System Tests Validation Utilities should implement createValidationMiddleware function" time="0">
    </testcase>
    <testcase classname="API Validation System Tests Sanitization Utilities should sanitize HTML content" name="API Validation System Tests Sanitization Utilities should sanitize HTML content" time="0.001">
    </testcase>
    <testcase classname="API Validation System Tests Sanitization Utilities should sanitize SQL content" name="API Validation System Tests Sanitization Utilities should sanitize SQL content" time="0">
      <failure>Error: expect(received).not.toContain(expected) // indexOf

Expected substring: not &quot;DROP TABLE&quot;
Received string:        &quot;&apos;&apos; DROP TABLE users &quot;
    at Object.toContain (/Users/rafaelfontes/Desktop/penny-wise/__tests__/unit/utils/api-validation.test.ts:664:29)
    at Promise.then.completed (/Users/rafaelfontes/Desktop/penny-wise/node_modules/jest-circus/build/utils.js:298:28)
    at new Promise (&lt;anonymous&gt;)
    at callAsyncCircusFn (/Users/rafaelfontes/Desktop/penny-wise/node_modules/jest-circus/build/utils.js:231:10)
    at _callCircusTest (/Users/rafaelfontes/Desktop/penny-wise/node_modules/jest-circus/build/run.js:316:40)
    at processTicksAndRejections (node:internal/process/task_queues:105:5)
    at _runTest (/Users/rafaelfontes/Desktop/penny-wise/node_modules/jest-circus/build/run.js:252:3)
    at _runTestsForDescribeBlock (/Users/rafaelfontes/Desktop/penny-wise/node_modules/jest-circus/build/run.js:126:9)
    at _runTestsForDescribeBlock (/Users/rafaelfontes/Desktop/penny-wise/node_modules/jest-circus/build/run.js:121:9)
    at _runTestsForDescribeBlock (/Users/rafaelfontes/Desktop/penny-wise/node_modules/jest-circus/build/run.js:121:9)
    at run (/Users/rafaelfontes/Desktop/penny-wise/node_modules/jest-circus/build/run.js:71:3)
    at runAndTransformResultsToJestFormat (/Users/rafaelfontes/Desktop/penny-wise/node_modules/jest-circus/build/legacy-code-todo-rewrite/jestAdapterInit.js:122:21)
    at jestAdapter (/Users/rafaelfontes/Desktop/penny-wise/node_modules/jest-circus/build/legacy-code-todo-rewrite/jestAdapter.js:79:19)
    at runTestInternal (/Users/rafaelfontes/Desktop/penny-wise/node_modules/jest-runner/build/runTest.js:367:16)
    at runTest (/Users/rafaelfontes/Desktop/penny-wise/node_modules/jest-runner/build/runTest.js:444:34)
    at Object.worker (/Users/rafaelfontes/Desktop/penny-wise/node_modules/jest-runner/build/testWorker.js:106:12)</failure>
    </testcase>
    <testcase classname="API Validation System Tests Sanitization Utilities should sanitize log messages" name="API Validation System Tests Sanitization Utilities should sanitize log messages" time="0.001">
    </testcase>
    <testcase classname="API Validation System Tests Sanitization Utilities should sanitize file names" name="API Validation System Tests Sanitization Utilities should sanitize file names" time="0">
    </testcase>
    <testcase classname="API Validation System Tests Complex Validation Scenarios should validate nested object schemas" name="API Validation System Tests Complex Validation Scenarios should validate nested object schemas" time="0">
    </testcase>
    <testcase classname="API Validation System Tests Complex Validation Scenarios should validate array schemas with constraints" name="API Validation System Tests Complex Validation Scenarios should validate array schemas with constraints" time="0.001">
    </testcase>
    <testcase classname="API Validation System Tests Complex Validation Scenarios should validate conditional schemas" name="API Validation System Tests Complex Validation Scenarios should validate conditional schemas" time="0">
    </testcase>
    <testcase classname="API Validation System Tests Error Handling should handle validation errors gracefully" name="API Validation System Tests Error Handling should handle validation errors gracefully" time="0.001">
    </testcase>
    <testcase classname="API Validation System Tests Error Handling should provide detailed error messages" name="API Validation System Tests Error Handling should provide detailed error messages" time="0.001">
    </testcase>
    <testcase classname="API Validation System Tests Error Handling should handle unknown validation errors" name="API Validation System Tests Error Handling should handle unknown validation errors" time="0">
      <failure>Error: Unknown validation error
    at /Users/rafaelfontes/Desktop/penny-wise/__tests__/unit/utils/api-validation.test.ts:855:15
    at /Users/rafaelfontes/Desktop/penny-wise/node_modules/@jest/environment-jsdom-abstract/node_modules/jest-mock/build/index.js:305:39
    at /Users/rafaelfontes/Desktop/penny-wise/node_modules/@jest/environment-jsdom-abstract/node_modules/jest-mock/build/index.js:312:13
    at mockConstructor (/Users/rafaelfontes/Desktop/penny-wise/node_modules/@jest/environment-jsdom-abstract/node_modules/jest-mock/build/index.js:102:19)
    at Object.mockValidateData (/Users/rafaelfontes/Desktop/penny-wise/__tests__/unit/utils/api-validation.test.ts:858:22)
    at Promise.then.completed (/Users/rafaelfontes/Desktop/penny-wise/node_modules/jest-circus/build/utils.js:298:28)
    at new Promise (&lt;anonymous&gt;)
    at callAsyncCircusFn (/Users/rafaelfontes/Desktop/penny-wise/node_modules/jest-circus/build/utils.js:231:10)
    at _callCircusTest (/Users/rafaelfontes/Desktop/penny-wise/node_modules/jest-circus/build/run.js:316:40)
    at processTicksAndRejections (node:internal/process/task_queues:105:5)
    at _runTest (/Users/rafaelfontes/Desktop/penny-wise/node_modules/jest-circus/build/run.js:252:3)
    at _runTestsForDescribeBlock (/Users/rafaelfontes/Desktop/penny-wise/node_modules/jest-circus/build/run.js:126:9)
    at _runTestsForDescribeBlock (/Users/rafaelfontes/Desktop/penny-wise/node_modules/jest-circus/build/run.js:121:9)
    at _runTestsForDescribeBlock (/Users/rafaelfontes/Desktop/penny-wise/node_modules/jest-circus/build/run.js:121:9)
    at run (/Users/rafaelfontes/Desktop/penny-wise/node_modules/jest-circus/build/run.js:71:3)
    at runAndTransformResultsToJestFormat (/Users/rafaelfontes/Desktop/penny-wise/node_modules/jest-circus/build/legacy-code-todo-rewrite/jestAdapterInit.js:122:21)
    at jestAdapter (/Users/rafaelfontes/Desktop/penny-wise/node_modules/jest-circus/build/legacy-code-todo-rewrite/jestAdapter.js:79:19)
    at runTestInternal (/Users/rafaelfontes/Desktop/penny-wise/node_modules/jest-runner/build/runTest.js:367:16)
    at runTest (/Users/rafaelfontes/Desktop/penny-wise/node_modules/jest-runner/build/runTest.js:444:34)
    at Object.worker (/Users/rafaelfontes/Desktop/penny-wise/node_modules/jest-runner/build/testWorker.js:106:12)</failure>
    </testcase>
  </testsuite>
  <testsuite name="MarketDataService" errors="0" failures="23" skipped="0" timestamp="2025-06-15T22:06:12" time="0.664" tests="23">
    <testcase classname="MarketDataService getQuote should return cached quote if available and fresh" name="MarketDataService getQuote should return cached quote if available and fresh" time="0.003">
      <failure>TypeError: _client.createClient.mockReturnValue is not a function
    at Object.mockReturnValue (/Users/rafaelfontes/Desktop/penny-wise/__tests__/unit/services/market-data-service.test.ts:75:33)
    at Promise.then.completed (/Users/rafaelfontes/Desktop/penny-wise/node_modules/jest-circus/build/utils.js:298:28)
    at new Promise (&lt;anonymous&gt;)
    at callAsyncCircusFn (/Users/rafaelfontes/Desktop/penny-wise/node_modules/jest-circus/build/utils.js:231:10)
    at _callCircusHook (/Users/rafaelfontes/Desktop/penny-wise/node_modules/jest-circus/build/run.js:281:40)
    at processTicksAndRejections (node:internal/process/task_queues:105:5)
    at _runTest (/Users/rafaelfontes/Desktop/penny-wise/node_modules/jest-circus/build/run.js:246:5)
    at _runTestsForDescribeBlock (/Users/rafaelfontes/Desktop/penny-wise/node_modules/jest-circus/build/run.js:126:9)
    at _runTestsForDescribeBlock (/Users/rafaelfontes/Desktop/penny-wise/node_modules/jest-circus/build/run.js:121:9)
    at _runTestsForDescribeBlock (/Users/rafaelfontes/Desktop/penny-wise/node_modules/jest-circus/build/run.js:121:9)
    at run (/Users/rafaelfontes/Desktop/penny-wise/node_modules/jest-circus/build/run.js:71:3)
    at runAndTransformResultsToJestFormat (/Users/rafaelfontes/Desktop/penny-wise/node_modules/jest-circus/build/legacy-code-todo-rewrite/jestAdapterInit.js:122:21)
    at jestAdapter (/Users/rafaelfontes/Desktop/penny-wise/node_modules/jest-circus/build/legacy-code-todo-rewrite/jestAdapter.js:79:19)
    at runTestInternal (/Users/rafaelfontes/Desktop/penny-wise/node_modules/jest-runner/build/runTest.js:367:16)
    at runTest (/Users/rafaelfontes/Desktop/penny-wise/node_modules/jest-runner/build/runTest.js:444:34)
    at Object.worker (/Users/rafaelfontes/Desktop/penny-wise/node_modules/jest-runner/build/testWorker.js:106:12)</failure>
    </testcase>
    <testcase classname="MarketDataService getQuote should fetch fresh data when cache is stale" name="MarketDataService getQuote should fetch fresh data when cache is stale" time="0.001">
      <failure>TypeError: _client.createClient.mockReturnValue is not a function
    at Object.mockReturnValue (/Users/rafaelfontes/Desktop/penny-wise/__tests__/unit/services/market-data-service.test.ts:75:33)
    at Promise.then.completed (/Users/rafaelfontes/Desktop/penny-wise/node_modules/jest-circus/build/utils.js:298:28)
    at new Promise (&lt;anonymous&gt;)
    at callAsyncCircusFn (/Users/rafaelfontes/Desktop/penny-wise/node_modules/jest-circus/build/utils.js:231:10)
    at _callCircusHook (/Users/rafaelfontes/Desktop/penny-wise/node_modules/jest-circus/build/run.js:281:40)
    at processTicksAndRejections (node:internal/process/task_queues:105:5)
    at _runTest (/Users/rafaelfontes/Desktop/penny-wise/node_modules/jest-circus/build/run.js:246:5)
    at _runTestsForDescribeBlock (/Users/rafaelfontes/Desktop/penny-wise/node_modules/jest-circus/build/run.js:126:9)
    at _runTestsForDescribeBlock (/Users/rafaelfontes/Desktop/penny-wise/node_modules/jest-circus/build/run.js:121:9)
    at _runTestsForDescribeBlock (/Users/rafaelfontes/Desktop/penny-wise/node_modules/jest-circus/build/run.js:121:9)
    at run (/Users/rafaelfontes/Desktop/penny-wise/node_modules/jest-circus/build/run.js:71:3)
    at runAndTransformResultsToJestFormat (/Users/rafaelfontes/Desktop/penny-wise/node_modules/jest-circus/build/legacy-code-todo-rewrite/jestAdapterInit.js:122:21)
    at jestAdapter (/Users/rafaelfontes/Desktop/penny-wise/node_modules/jest-circus/build/legacy-code-todo-rewrite/jestAdapter.js:79:19)
    at runTestInternal (/Users/rafaelfontes/Desktop/penny-wise/node_modules/jest-runner/build/runTest.js:367:16)
    at runTest (/Users/rafaelfontes/Desktop/penny-wise/node_modules/jest-runner/build/runTest.js:444:34)
    at Object.worker (/Users/rafaelfontes/Desktop/penny-wise/node_modules/jest-runner/build/testWorker.js:106:12)</failure>
    </testcase>
    <testcase classname="MarketDataService getQuote should fallback to Alpha Vantage when primary API fails" name="MarketDataService getQuote should fallback to Alpha Vantage when primary API fails" time="0">
      <failure>TypeError: _client.createClient.mockReturnValue is not a function
    at Object.mockReturnValue (/Users/rafaelfontes/Desktop/penny-wise/__tests__/unit/services/market-data-service.test.ts:75:33)
    at Promise.then.completed (/Users/rafaelfontes/Desktop/penny-wise/node_modules/jest-circus/build/utils.js:298:28)
    at new Promise (&lt;anonymous&gt;)
    at callAsyncCircusFn (/Users/rafaelfontes/Desktop/penny-wise/node_modules/jest-circus/build/utils.js:231:10)
    at _callCircusHook (/Users/rafaelfontes/Desktop/penny-wise/node_modules/jest-circus/build/run.js:281:40)
    at processTicksAndRejections (node:internal/process/task_queues:105:5)
    at _runTest (/Users/rafaelfontes/Desktop/penny-wise/node_modules/jest-circus/build/run.js:246:5)
    at _runTestsForDescribeBlock (/Users/rafaelfontes/Desktop/penny-wise/node_modules/jest-circus/build/run.js:126:9)
    at _runTestsForDescribeBlock (/Users/rafaelfontes/Desktop/penny-wise/node_modules/jest-circus/build/run.js:121:9)
    at _runTestsForDescribeBlock (/Users/rafaelfontes/Desktop/penny-wise/node_modules/jest-circus/build/run.js:121:9)
    at run (/Users/rafaelfontes/Desktop/penny-wise/node_modules/jest-circus/build/run.js:71:3)
    at runAndTransformResultsToJestFormat (/Users/rafaelfontes/Desktop/penny-wise/node_modules/jest-circus/build/legacy-code-todo-rewrite/jestAdapterInit.js:122:21)
    at jestAdapter (/Users/rafaelfontes/Desktop/penny-wise/node_modules/jest-circus/build/legacy-code-todo-rewrite/jestAdapter.js:79:19)
    at runTestInternal (/Users/rafaelfontes/Desktop/penny-wise/node_modules/jest-runner/build/runTest.js:367:16)
    at runTest (/Users/rafaelfontes/Desktop/penny-wise/node_modules/jest-runner/build/runTest.js:444:34)
    at Object.worker (/Users/rafaelfontes/Desktop/penny-wise/node_modules/jest-runner/build/testWorker.js:106:12)</failure>
    </testcase>
    <testcase classname="MarketDataService getQuote should handle multiple API failures gracefully" name="MarketDataService getQuote should handle multiple API failures gracefully" time="0">
      <failure>TypeError: _client.createClient.mockReturnValue is not a function
    at Object.mockReturnValue (/Users/rafaelfontes/Desktop/penny-wise/__tests__/unit/services/market-data-service.test.ts:75:33)
    at Promise.then.completed (/Users/rafaelfontes/Desktop/penny-wise/node_modules/jest-circus/build/utils.js:298:28)
    at new Promise (&lt;anonymous&gt;)
    at callAsyncCircusFn (/Users/rafaelfontes/Desktop/penny-wise/node_modules/jest-circus/build/utils.js:231:10)
    at _callCircusHook (/Users/rafaelfontes/Desktop/penny-wise/node_modules/jest-circus/build/run.js:281:40)
    at processTicksAndRejections (node:internal/process/task_queues:105:5)
    at _runTest (/Users/rafaelfontes/Desktop/penny-wise/node_modules/jest-circus/build/run.js:246:5)
    at _runTestsForDescribeBlock (/Users/rafaelfontes/Desktop/penny-wise/node_modules/jest-circus/build/run.js:126:9)
    at _runTestsForDescribeBlock (/Users/rafaelfontes/Desktop/penny-wise/node_modules/jest-circus/build/run.js:121:9)
    at _runTestsForDescribeBlock (/Users/rafaelfontes/Desktop/penny-wise/node_modules/jest-circus/build/run.js:121:9)
    at run (/Users/rafaelfontes/Desktop/penny-wise/node_modules/jest-circus/build/run.js:71:3)
    at runAndTransformResultsToJestFormat (/Users/rafaelfontes/Desktop/penny-wise/node_modules/jest-circus/build/legacy-code-todo-rewrite/jestAdapterInit.js:122:21)
    at jestAdapter (/Users/rafaelfontes/Desktop/penny-wise/node_modules/jest-circus/build/legacy-code-todo-rewrite/jestAdapter.js:79:19)
    at runTestInternal (/Users/rafaelfontes/Desktop/penny-wise/node_modules/jest-runner/build/runTest.js:367:16)
    at runTest (/Users/rafaelfontes/Desktop/penny-wise/node_modules/jest-runner/build/runTest.js:444:34)
    at Object.worker (/Users/rafaelfontes/Desktop/penny-wise/node_modules/jest-runner/build/testWorker.js:106:12)</failure>
    </testcase>
    <testcase classname="MarketDataService getQuote should validate symbol format" name="MarketDataService getQuote should validate symbol format" time="0">
      <failure>TypeError: _client.createClient.mockReturnValue is not a function
    at Object.mockReturnValue (/Users/rafaelfontes/Desktop/penny-wise/__tests__/unit/services/market-data-service.test.ts:75:33)
    at Promise.then.completed (/Users/rafaelfontes/Desktop/penny-wise/node_modules/jest-circus/build/utils.js:298:28)
    at new Promise (&lt;anonymous&gt;)
    at callAsyncCircusFn (/Users/rafaelfontes/Desktop/penny-wise/node_modules/jest-circus/build/utils.js:231:10)
    at _callCircusHook (/Users/rafaelfontes/Desktop/penny-wise/node_modules/jest-circus/build/run.js:281:40)
    at processTicksAndRejections (node:internal/process/task_queues:105:5)
    at _runTest (/Users/rafaelfontes/Desktop/penny-wise/node_modules/jest-circus/build/run.js:246:5)
    at _runTestsForDescribeBlock (/Users/rafaelfontes/Desktop/penny-wise/node_modules/jest-circus/build/run.js:126:9)
    at _runTestsForDescribeBlock (/Users/rafaelfontes/Desktop/penny-wise/node_modules/jest-circus/build/run.js:121:9)
    at _runTestsForDescribeBlock (/Users/rafaelfontes/Desktop/penny-wise/node_modules/jest-circus/build/run.js:121:9)
    at run (/Users/rafaelfontes/Desktop/penny-wise/node_modules/jest-circus/build/run.js:71:3)
    at runAndTransformResultsToJestFormat (/Users/rafaelfontes/Desktop/penny-wise/node_modules/jest-circus/build/legacy-code-todo-rewrite/jestAdapterInit.js:122:21)
    at jestAdapter (/Users/rafaelfontes/Desktop/penny-wise/node_modules/jest-circus/build/legacy-code-todo-rewrite/jestAdapter.js:79:19)
    at runTestInternal (/Users/rafaelfontes/Desktop/penny-wise/node_modules/jest-runner/build/runTest.js:367:16)
    at runTest (/Users/rafaelfontes/Desktop/penny-wise/node_modules/jest-runner/build/runTest.js:444:34)
    at Object.worker (/Users/rafaelfontes/Desktop/penny-wise/node_modules/jest-runner/build/testWorker.js:106:12)</failure>
    </testcase>
    <testcase classname="MarketDataService getBulkQuotes should fetch multiple quotes efficiently" name="MarketDataService getBulkQuotes should fetch multiple quotes efficiently" time="0">
      <failure>TypeError: _client.createClient.mockReturnValue is not a function
    at Object.mockReturnValue (/Users/rafaelfontes/Desktop/penny-wise/__tests__/unit/services/market-data-service.test.ts:75:33)
    at Promise.then.completed (/Users/rafaelfontes/Desktop/penny-wise/node_modules/jest-circus/build/utils.js:298:28)
    at new Promise (&lt;anonymous&gt;)
    at callAsyncCircusFn (/Users/rafaelfontes/Desktop/penny-wise/node_modules/jest-circus/build/utils.js:231:10)
    at _callCircusHook (/Users/rafaelfontes/Desktop/penny-wise/node_modules/jest-circus/build/run.js:281:40)
    at processTicksAndRejections (node:internal/process/task_queues:105:5)
    at _runTest (/Users/rafaelfontes/Desktop/penny-wise/node_modules/jest-circus/build/run.js:246:5)
    at _runTestsForDescribeBlock (/Users/rafaelfontes/Desktop/penny-wise/node_modules/jest-circus/build/run.js:126:9)
    at _runTestsForDescribeBlock (/Users/rafaelfontes/Desktop/penny-wise/node_modules/jest-circus/build/run.js:121:9)
    at _runTestsForDescribeBlock (/Users/rafaelfontes/Desktop/penny-wise/node_modules/jest-circus/build/run.js:121:9)
    at run (/Users/rafaelfontes/Desktop/penny-wise/node_modules/jest-circus/build/run.js:71:3)
    at runAndTransformResultsToJestFormat (/Users/rafaelfontes/Desktop/penny-wise/node_modules/jest-circus/build/legacy-code-todo-rewrite/jestAdapterInit.js:122:21)
    at jestAdapter (/Users/rafaelfontes/Desktop/penny-wise/node_modules/jest-circus/build/legacy-code-todo-rewrite/jestAdapter.js:79:19)
    at runTestInternal (/Users/rafaelfontes/Desktop/penny-wise/node_modules/jest-runner/build/runTest.js:367:16)
    at runTest (/Users/rafaelfontes/Desktop/penny-wise/node_modules/jest-runner/build/runTest.js:444:34)
    at Object.worker (/Users/rafaelfontes/Desktop/penny-wise/node_modules/jest-runner/build/testWorker.js:106:12)</failure>
    </testcase>
    <testcase classname="MarketDataService getBulkQuotes should handle partial failures in bulk requests" name="MarketDataService getBulkQuotes should handle partial failures in bulk requests" time="0">
      <failure>TypeError: _client.createClient.mockReturnValue is not a function
    at Object.mockReturnValue (/Users/rafaelfontes/Desktop/penny-wise/__tests__/unit/services/market-data-service.test.ts:75:33)
    at Promise.then.completed (/Users/rafaelfontes/Desktop/penny-wise/node_modules/jest-circus/build/utils.js:298:28)
    at new Promise (&lt;anonymous&gt;)
    at callAsyncCircusFn (/Users/rafaelfontes/Desktop/penny-wise/node_modules/jest-circus/build/utils.js:231:10)
    at _callCircusHook (/Users/rafaelfontes/Desktop/penny-wise/node_modules/jest-circus/build/run.js:281:40)
    at processTicksAndRejections (node:internal/process/task_queues:105:5)
    at _runTest (/Users/rafaelfontes/Desktop/penny-wise/node_modules/jest-circus/build/run.js:246:5)
    at _runTestsForDescribeBlock (/Users/rafaelfontes/Desktop/penny-wise/node_modules/jest-circus/build/run.js:126:9)
    at _runTestsForDescribeBlock (/Users/rafaelfontes/Desktop/penny-wise/node_modules/jest-circus/build/run.js:121:9)
    at _runTestsForDescribeBlock (/Users/rafaelfontes/Desktop/penny-wise/node_modules/jest-circus/build/run.js:121:9)
    at run (/Users/rafaelfontes/Desktop/penny-wise/node_modules/jest-circus/build/run.js:71:3)
    at runAndTransformResultsToJestFormat (/Users/rafaelfontes/Desktop/penny-wise/node_modules/jest-circus/build/legacy-code-todo-rewrite/jestAdapterInit.js:122:21)
    at jestAdapter (/Users/rafaelfontes/Desktop/penny-wise/node_modules/jest-circus/build/legacy-code-todo-rewrite/jestAdapter.js:79:19)
    at runTestInternal (/Users/rafaelfontes/Desktop/penny-wise/node_modules/jest-runner/build/runTest.js:367:16)
    at runTest (/Users/rafaelfontes/Desktop/penny-wise/node_modules/jest-runner/build/runTest.js:444:34)
    at Object.worker (/Users/rafaelfontes/Desktop/penny-wise/node_modules/jest-runner/build/testWorker.js:106:12)</failure>
    </testcase>
    <testcase classname="MarketDataService getBulkQuotes should limit bulk request size" name="MarketDataService getBulkQuotes should limit bulk request size" time="0">
      <failure>TypeError: _client.createClient.mockReturnValue is not a function
    at Object.mockReturnValue (/Users/rafaelfontes/Desktop/penny-wise/__tests__/unit/services/market-data-service.test.ts:75:33)
    at Promise.then.completed (/Users/rafaelfontes/Desktop/penny-wise/node_modules/jest-circus/build/utils.js:298:28)
    at new Promise (&lt;anonymous&gt;)
    at callAsyncCircusFn (/Users/rafaelfontes/Desktop/penny-wise/node_modules/jest-circus/build/utils.js:231:10)
    at _callCircusHook (/Users/rafaelfontes/Desktop/penny-wise/node_modules/jest-circus/build/run.js:281:40)
    at processTicksAndRejections (node:internal/process/task_queues:105:5)
    at _runTest (/Users/rafaelfontes/Desktop/penny-wise/node_modules/jest-circus/build/run.js:246:5)
    at _runTestsForDescribeBlock (/Users/rafaelfontes/Desktop/penny-wise/node_modules/jest-circus/build/run.js:126:9)
    at _runTestsForDescribeBlock (/Users/rafaelfontes/Desktop/penny-wise/node_modules/jest-circus/build/run.js:121:9)
    at _runTestsForDescribeBlock (/Users/rafaelfontes/Desktop/penny-wise/node_modules/jest-circus/build/run.js:121:9)
    at run (/Users/rafaelfontes/Desktop/penny-wise/node_modules/jest-circus/build/run.js:71:3)
    at runAndTransformResultsToJestFormat (/Users/rafaelfontes/Desktop/penny-wise/node_modules/jest-circus/build/legacy-code-todo-rewrite/jestAdapterInit.js:122:21)
    at jestAdapter (/Users/rafaelfontes/Desktop/penny-wise/node_modules/jest-circus/build/legacy-code-todo-rewrite/jestAdapter.js:79:19)
    at runTestInternal (/Users/rafaelfontes/Desktop/penny-wise/node_modules/jest-runner/build/runTest.js:367:16)
    at runTest (/Users/rafaelfontes/Desktop/penny-wise/node_modules/jest-runner/build/runTest.js:444:34)
    at Object.worker (/Users/rafaelfontes/Desktop/penny-wise/node_modules/jest-runner/build/testWorker.js:106:12)</failure>
    </testcase>
    <testcase classname="MarketDataService getHistoricalData should fetch historical data with proper parameters" name="MarketDataService getHistoricalData should fetch historical data with proper parameters" time="0">
      <failure>TypeError: _client.createClient.mockReturnValue is not a function
    at Object.mockReturnValue (/Users/rafaelfontes/Desktop/penny-wise/__tests__/unit/services/market-data-service.test.ts:75:33)
    at Promise.then.completed (/Users/rafaelfontes/Desktop/penny-wise/node_modules/jest-circus/build/utils.js:298:28)
    at new Promise (&lt;anonymous&gt;)
    at callAsyncCircusFn (/Users/rafaelfontes/Desktop/penny-wise/node_modules/jest-circus/build/utils.js:231:10)
    at _callCircusHook (/Users/rafaelfontes/Desktop/penny-wise/node_modules/jest-circus/build/run.js:281:40)
    at processTicksAndRejections (node:internal/process/task_queues:105:5)
    at _runTest (/Users/rafaelfontes/Desktop/penny-wise/node_modules/jest-circus/build/run.js:246:5)
    at _runTestsForDescribeBlock (/Users/rafaelfontes/Desktop/penny-wise/node_modules/jest-circus/build/run.js:126:9)
    at _runTestsForDescribeBlock (/Users/rafaelfontes/Desktop/penny-wise/node_modules/jest-circus/build/run.js:121:9)
    at _runTestsForDescribeBlock (/Users/rafaelfontes/Desktop/penny-wise/node_modules/jest-circus/build/run.js:121:9)
    at run (/Users/rafaelfontes/Desktop/penny-wise/node_modules/jest-circus/build/run.js:71:3)
    at runAndTransformResultsToJestFormat (/Users/rafaelfontes/Desktop/penny-wise/node_modules/jest-circus/build/legacy-code-todo-rewrite/jestAdapterInit.js:122:21)
    at jestAdapter (/Users/rafaelfontes/Desktop/penny-wise/node_modules/jest-circus/build/legacy-code-todo-rewrite/jestAdapter.js:79:19)
    at runTestInternal (/Users/rafaelfontes/Desktop/penny-wise/node_modules/jest-runner/build/runTest.js:367:16)
    at runTest (/Users/rafaelfontes/Desktop/penny-wise/node_modules/jest-runner/build/runTest.js:444:34)
    at Object.worker (/Users/rafaelfontes/Desktop/penny-wise/node_modules/jest-runner/build/testWorker.js:106:12)</failure>
    </testcase>
    <testcase classname="MarketDataService getHistoricalData should validate date range parameters" name="MarketDataService getHistoricalData should validate date range parameters" time="0">
      <failure>TypeError: _client.createClient.mockReturnValue is not a function
    at Object.mockReturnValue (/Users/rafaelfontes/Desktop/penny-wise/__tests__/unit/services/market-data-service.test.ts:75:33)
    at Promise.then.completed (/Users/rafaelfontes/Desktop/penny-wise/node_modules/jest-circus/build/utils.js:298:28)
    at new Promise (&lt;anonymous&gt;)
    at callAsyncCircusFn (/Users/rafaelfontes/Desktop/penny-wise/node_modules/jest-circus/build/utils.js:231:10)
    at _callCircusHook (/Users/rafaelfontes/Desktop/penny-wise/node_modules/jest-circus/build/run.js:281:40)
    at processTicksAndRejections (node:internal/process/task_queues:105:5)
    at _runTest (/Users/rafaelfontes/Desktop/penny-wise/node_modules/jest-circus/build/run.js:246:5)
    at _runTestsForDescribeBlock (/Users/rafaelfontes/Desktop/penny-wise/node_modules/jest-circus/build/run.js:126:9)
    at _runTestsForDescribeBlock (/Users/rafaelfontes/Desktop/penny-wise/node_modules/jest-circus/build/run.js:121:9)
    at _runTestsForDescribeBlock (/Users/rafaelfontes/Desktop/penny-wise/node_modules/jest-circus/build/run.js:121:9)
    at run (/Users/rafaelfontes/Desktop/penny-wise/node_modules/jest-circus/build/run.js:71:3)
    at runAndTransformResultsToJestFormat (/Users/rafaelfontes/Desktop/penny-wise/node_modules/jest-circus/build/legacy-code-todo-rewrite/jestAdapterInit.js:122:21)
    at jestAdapter (/Users/rafaelfontes/Desktop/penny-wise/node_modules/jest-circus/build/legacy-code-todo-rewrite/jestAdapter.js:79:19)
    at runTestInternal (/Users/rafaelfontes/Desktop/penny-wise/node_modules/jest-runner/build/runTest.js:367:16)
    at runTest (/Users/rafaelfontes/Desktop/penny-wise/node_modules/jest-runner/build/runTest.js:444:34)
    at Object.worker (/Users/rafaelfontes/Desktop/penny-wise/node_modules/jest-runner/build/testWorker.js:106:12)</failure>
    </testcase>
    <testcase classname="MarketDataService getHistoricalData should cache historical data appropriately" name="MarketDataService getHistoricalData should cache historical data appropriately" time="0">
      <failure>TypeError: _client.createClient.mockReturnValue is not a function
    at Object.mockReturnValue (/Users/rafaelfontes/Desktop/penny-wise/__tests__/unit/services/market-data-service.test.ts:75:33)
    at Promise.then.completed (/Users/rafaelfontes/Desktop/penny-wise/node_modules/jest-circus/build/utils.js:298:28)
    at new Promise (&lt;anonymous&gt;)
    at callAsyncCircusFn (/Users/rafaelfontes/Desktop/penny-wise/node_modules/jest-circus/build/utils.js:231:10)
    at _callCircusHook (/Users/rafaelfontes/Desktop/penny-wise/node_modules/jest-circus/build/run.js:281:40)
    at processTicksAndRejections (node:internal/process/task_queues:105:5)
    at _runTest (/Users/rafaelfontes/Desktop/penny-wise/node_modules/jest-circus/build/run.js:246:5)
    at _runTestsForDescribeBlock (/Users/rafaelfontes/Desktop/penny-wise/node_modules/jest-circus/build/run.js:126:9)
    at _runTestsForDescribeBlock (/Users/rafaelfontes/Desktop/penny-wise/node_modules/jest-circus/build/run.js:121:9)
    at _runTestsForDescribeBlock (/Users/rafaelfontes/Desktop/penny-wise/node_modules/jest-circus/build/run.js:121:9)
    at run (/Users/rafaelfontes/Desktop/penny-wise/node_modules/jest-circus/build/run.js:71:3)
    at runAndTransformResultsToJestFormat (/Users/rafaelfontes/Desktop/penny-wise/node_modules/jest-circus/build/legacy-code-todo-rewrite/jestAdapterInit.js:122:21)
    at jestAdapter (/Users/rafaelfontes/Desktop/penny-wise/node_modules/jest-circus/build/legacy-code-todo-rewrite/jestAdapter.js:79:19)
    at runTestInternal (/Users/rafaelfontes/Desktop/penny-wise/node_modules/jest-runner/build/runTest.js:367:16)
    at runTest (/Users/rafaelfontes/Desktop/penny-wise/node_modules/jest-runner/build/runTest.js:444:34)
    at Object.worker (/Users/rafaelfontes/Desktop/penny-wise/node_modules/jest-runner/build/testWorker.js:106:12)</failure>
    </testcase>
    <testcase classname="MarketDataService getMarketAnalysis should perform comprehensive market analysis" name="MarketDataService getMarketAnalysis should perform comprehensive market analysis" time="0">
      <failure>TypeError: _client.createClient.mockReturnValue is not a function
    at Object.mockReturnValue (/Users/rafaelfontes/Desktop/penny-wise/__tests__/unit/services/market-data-service.test.ts:75:33)
    at Promise.then.completed (/Users/rafaelfontes/Desktop/penny-wise/node_modules/jest-circus/build/utils.js:298:28)
    at new Promise (&lt;anonymous&gt;)
    at callAsyncCircusFn (/Users/rafaelfontes/Desktop/penny-wise/node_modules/jest-circus/build/utils.js:231:10)
    at _callCircusHook (/Users/rafaelfontes/Desktop/penny-wise/node_modules/jest-circus/build/run.js:281:40)
    at processTicksAndRejections (node:internal/process/task_queues:105:5)
    at _runTest (/Users/rafaelfontes/Desktop/penny-wise/node_modules/jest-circus/build/run.js:246:5)
    at _runTestsForDescribeBlock (/Users/rafaelfontes/Desktop/penny-wise/node_modules/jest-circus/build/run.js:126:9)
    at _runTestsForDescribeBlock (/Users/rafaelfontes/Desktop/penny-wise/node_modules/jest-circus/build/run.js:121:9)
    at _runTestsForDescribeBlock (/Users/rafaelfontes/Desktop/penny-wise/node_modules/jest-circus/build/run.js:121:9)
    at run (/Users/rafaelfontes/Desktop/penny-wise/node_modules/jest-circus/build/run.js:71:3)
    at runAndTransformResultsToJestFormat (/Users/rafaelfontes/Desktop/penny-wise/node_modules/jest-circus/build/legacy-code-todo-rewrite/jestAdapterInit.js:122:21)
    at jestAdapter (/Users/rafaelfontes/Desktop/penny-wise/node_modules/jest-circus/build/legacy-code-todo-rewrite/jestAdapter.js:79:19)
    at runTestInternal (/Users/rafaelfontes/Desktop/penny-wise/node_modules/jest-runner/build/runTest.js:367:16)
    at runTest (/Users/rafaelfontes/Desktop/penny-wise/node_modules/jest-runner/build/runTest.js:444:34)
    at Object.worker (/Users/rafaelfontes/Desktop/penny-wise/node_modules/jest-runner/build/testWorker.js:106:12)</failure>
    </testcase>
    <testcase classname="MarketDataService getMarketAnalysis should handle analysis with custom parameters" name="MarketDataService getMarketAnalysis should handle analysis with custom parameters" time="0">
      <failure>TypeError: _client.createClient.mockReturnValue is not a function
    at Object.mockReturnValue (/Users/rafaelfontes/Desktop/penny-wise/__tests__/unit/services/market-data-service.test.ts:75:33)
    at Promise.then.completed (/Users/rafaelfontes/Desktop/penny-wise/node_modules/jest-circus/build/utils.js:298:28)
    at new Promise (&lt;anonymous&gt;)
    at callAsyncCircusFn (/Users/rafaelfontes/Desktop/penny-wise/node_modules/jest-circus/build/utils.js:231:10)
    at _callCircusHook (/Users/rafaelfontes/Desktop/penny-wise/node_modules/jest-circus/build/run.js:281:40)
    at processTicksAndRejections (node:internal/process/task_queues:105:5)
    at _runTest (/Users/rafaelfontes/Desktop/penny-wise/node_modules/jest-circus/build/run.js:246:5)
    at _runTestsForDescribeBlock (/Users/rafaelfontes/Desktop/penny-wise/node_modules/jest-circus/build/run.js:126:9)
    at _runTestsForDescribeBlock (/Users/rafaelfontes/Desktop/penny-wise/node_modules/jest-circus/build/run.js:121:9)
    at _runTestsForDescribeBlock (/Users/rafaelfontes/Desktop/penny-wise/node_modules/jest-circus/build/run.js:121:9)
    at run (/Users/rafaelfontes/Desktop/penny-wise/node_modules/jest-circus/build/run.js:71:3)
    at runAndTransformResultsToJestFormat (/Users/rafaelfontes/Desktop/penny-wise/node_modules/jest-circus/build/legacy-code-todo-rewrite/jestAdapterInit.js:122:21)
    at jestAdapter (/Users/rafaelfontes/Desktop/penny-wise/node_modules/jest-circus/build/legacy-code-todo-rewrite/jestAdapter.js:79:19)
    at runTestInternal (/Users/rafaelfontes/Desktop/penny-wise/node_modules/jest-runner/build/runTest.js:367:16)
    at runTest (/Users/rafaelfontes/Desktop/penny-wise/node_modules/jest-runner/build/runTest.js:444:34)
    at Object.worker (/Users/rafaelfontes/Desktop/penny-wise/node_modules/jest-runner/build/testWorker.js:106:12)</failure>
    </testcase>
    <testcase classname="MarketDataService calculateTechnicalIndicators should calculate RSI correctly" name="MarketDataService calculateTechnicalIndicators should calculate RSI correctly" time="0.001">
      <failure>TypeError: _client.createClient.mockReturnValue is not a function
    at Object.mockReturnValue (/Users/rafaelfontes/Desktop/penny-wise/__tests__/unit/services/market-data-service.test.ts:75:33)
    at Promise.then.completed (/Users/rafaelfontes/Desktop/penny-wise/node_modules/jest-circus/build/utils.js:298:28)
    at new Promise (&lt;anonymous&gt;)
    at callAsyncCircusFn (/Users/rafaelfontes/Desktop/penny-wise/node_modules/jest-circus/build/utils.js:231:10)
    at _callCircusHook (/Users/rafaelfontes/Desktop/penny-wise/node_modules/jest-circus/build/run.js:281:40)
    at processTicksAndRejections (node:internal/process/task_queues:105:5)
    at _runTest (/Users/rafaelfontes/Desktop/penny-wise/node_modules/jest-circus/build/run.js:246:5)
    at _runTestsForDescribeBlock (/Users/rafaelfontes/Desktop/penny-wise/node_modules/jest-circus/build/run.js:126:9)
    at _runTestsForDescribeBlock (/Users/rafaelfontes/Desktop/penny-wise/node_modules/jest-circus/build/run.js:121:9)
    at _runTestsForDescribeBlock (/Users/rafaelfontes/Desktop/penny-wise/node_modules/jest-circus/build/run.js:121:9)
    at run (/Users/rafaelfontes/Desktop/penny-wise/node_modules/jest-circus/build/run.js:71:3)
    at runAndTransformResultsToJestFormat (/Users/rafaelfontes/Desktop/penny-wise/node_modules/jest-circus/build/legacy-code-todo-rewrite/jestAdapterInit.js:122:21)
    at jestAdapter (/Users/rafaelfontes/Desktop/penny-wise/node_modules/jest-circus/build/legacy-code-todo-rewrite/jestAdapter.js:79:19)
    at runTestInternal (/Users/rafaelfontes/Desktop/penny-wise/node_modules/jest-runner/build/runTest.js:367:16)
    at runTest (/Users/rafaelfontes/Desktop/penny-wise/node_modules/jest-runner/build/runTest.js:444:34)
    at Object.worker (/Users/rafaelfontes/Desktop/penny-wise/node_modules/jest-runner/build/testWorker.js:106:12)</failure>
    </testcase>
    <testcase classname="MarketDataService calculateTechnicalIndicators should calculate MACD correctly" name="MarketDataService calculateTechnicalIndicators should calculate MACD correctly" time="0">
      <failure>TypeError: _client.createClient.mockReturnValue is not a function
    at Object.mockReturnValue (/Users/rafaelfontes/Desktop/penny-wise/__tests__/unit/services/market-data-service.test.ts:75:33)
    at Promise.then.completed (/Users/rafaelfontes/Desktop/penny-wise/node_modules/jest-circus/build/utils.js:298:28)
    at new Promise (&lt;anonymous&gt;)
    at callAsyncCircusFn (/Users/rafaelfontes/Desktop/penny-wise/node_modules/jest-circus/build/utils.js:231:10)
    at _callCircusHook (/Users/rafaelfontes/Desktop/penny-wise/node_modules/jest-circus/build/run.js:281:40)
    at processTicksAndRejections (node:internal/process/task_queues:105:5)
    at _runTest (/Users/rafaelfontes/Desktop/penny-wise/node_modules/jest-circus/build/run.js:246:5)
    at _runTestsForDescribeBlock (/Users/rafaelfontes/Desktop/penny-wise/node_modules/jest-circus/build/run.js:126:9)
    at _runTestsForDescribeBlock (/Users/rafaelfontes/Desktop/penny-wise/node_modules/jest-circus/build/run.js:121:9)
    at _runTestsForDescribeBlock (/Users/rafaelfontes/Desktop/penny-wise/node_modules/jest-circus/build/run.js:121:9)
    at run (/Users/rafaelfontes/Desktop/penny-wise/node_modules/jest-circus/build/run.js:71:3)
    at runAndTransformResultsToJestFormat (/Users/rafaelfontes/Desktop/penny-wise/node_modules/jest-circus/build/legacy-code-todo-rewrite/jestAdapterInit.js:122:21)
    at jestAdapter (/Users/rafaelfontes/Desktop/penny-wise/node_modules/jest-circus/build/legacy-code-todo-rewrite/jestAdapter.js:79:19)
    at runTestInternal (/Users/rafaelfontes/Desktop/penny-wise/node_modules/jest-runner/build/runTest.js:367:16)
    at runTest (/Users/rafaelfontes/Desktop/penny-wise/node_modules/jest-runner/build/runTest.js:444:34)
    at Object.worker (/Users/rafaelfontes/Desktop/penny-wise/node_modules/jest-runner/build/testWorker.js:106:12)</failure>
    </testcase>
    <testcase classname="MarketDataService calculateTechnicalIndicators should calculate moving averages correctly" name="MarketDataService calculateTechnicalIndicators should calculate moving averages correctly" time="0">
      <failure>TypeError: _client.createClient.mockReturnValue is not a function
    at Object.mockReturnValue (/Users/rafaelfontes/Desktop/penny-wise/__tests__/unit/services/market-data-service.test.ts:75:33)
    at Promise.then.completed (/Users/rafaelfontes/Desktop/penny-wise/node_modules/jest-circus/build/utils.js:298:28)
    at new Promise (&lt;anonymous&gt;)
    at callAsyncCircusFn (/Users/rafaelfontes/Desktop/penny-wise/node_modules/jest-circus/build/utils.js:231:10)
    at _callCircusHook (/Users/rafaelfontes/Desktop/penny-wise/node_modules/jest-circus/build/run.js:281:40)
    at processTicksAndRejections (node:internal/process/task_queues:105:5)
    at _runTest (/Users/rafaelfontes/Desktop/penny-wise/node_modules/jest-circus/build/run.js:246:5)
    at _runTestsForDescribeBlock (/Users/rafaelfontes/Desktop/penny-wise/node_modules/jest-circus/build/run.js:126:9)
    at _runTestsForDescribeBlock (/Users/rafaelfontes/Desktop/penny-wise/node_modules/jest-circus/build/run.js:121:9)
    at _runTestsForDescribeBlock (/Users/rafaelfontes/Desktop/penny-wise/node_modules/jest-circus/build/run.js:121:9)
    at run (/Users/rafaelfontes/Desktop/penny-wise/node_modules/jest-circus/build/run.js:71:3)
    at runAndTransformResultsToJestFormat (/Users/rafaelfontes/Desktop/penny-wise/node_modules/jest-circus/build/legacy-code-todo-rewrite/jestAdapterInit.js:122:21)
    at jestAdapter (/Users/rafaelfontes/Desktop/penny-wise/node_modules/jest-circus/build/legacy-code-todo-rewrite/jestAdapter.js:79:19)
    at runTestInternal (/Users/rafaelfontes/Desktop/penny-wise/node_modules/jest-runner/build/runTest.js:367:16)
    at runTest (/Users/rafaelfontes/Desktop/penny-wise/node_modules/jest-runner/build/runTest.js:444:34)
    at Object.worker (/Users/rafaelfontes/Desktop/penny-wise/node_modules/jest-runner/build/testWorker.js:106:12)</failure>
    </testcase>
    <testcase classname="MarketDataService calculateTechnicalIndicators should handle insufficient data gracefully" name="MarketDataService calculateTechnicalIndicators should handle insufficient data gracefully" time="0">
      <failure>TypeError: _client.createClient.mockReturnValue is not a function
    at Object.mockReturnValue (/Users/rafaelfontes/Desktop/penny-wise/__tests__/unit/services/market-data-service.test.ts:75:33)
    at Promise.then.completed (/Users/rafaelfontes/Desktop/penny-wise/node_modules/jest-circus/build/utils.js:298:28)
    at new Promise (&lt;anonymous&gt;)
    at callAsyncCircusFn (/Users/rafaelfontes/Desktop/penny-wise/node_modules/jest-circus/build/utils.js:231:10)
    at _callCircusHook (/Users/rafaelfontes/Desktop/penny-wise/node_modules/jest-circus/build/run.js:281:40)
    at processTicksAndRejections (node:internal/process/task_queues:105:5)
    at _runTest (/Users/rafaelfontes/Desktop/penny-wise/node_modules/jest-circus/build/run.js:246:5)
    at _runTestsForDescribeBlock (/Users/rafaelfontes/Desktop/penny-wise/node_modules/jest-circus/build/run.js:126:9)
    at _runTestsForDescribeBlock (/Users/rafaelfontes/Desktop/penny-wise/node_modules/jest-circus/build/run.js:121:9)
    at _runTestsForDescribeBlock (/Users/rafaelfontes/Desktop/penny-wise/node_modules/jest-circus/build/run.js:121:9)
    at run (/Users/rafaelfontes/Desktop/penny-wise/node_modules/jest-circus/build/run.js:71:3)
    at runAndTransformResultsToJestFormat (/Users/rafaelfontes/Desktop/penny-wise/node_modules/jest-circus/build/legacy-code-todo-rewrite/jestAdapterInit.js:122:21)
    at jestAdapter (/Users/rafaelfontes/Desktop/penny-wise/node_modules/jest-circus/build/legacy-code-todo-rewrite/jestAdapter.js:79:19)
    at runTestInternal (/Users/rafaelfontes/Desktop/penny-wise/node_modules/jest-runner/build/runTest.js:367:16)
    at runTest (/Users/rafaelfontes/Desktop/penny-wise/node_modules/jest-runner/build/runTest.js:444:34)
    at Object.worker (/Users/rafaelfontes/Desktop/penny-wise/node_modules/jest-runner/build/testWorker.js:106:12)</failure>
    </testcase>
    <testcase classname="MarketDataService getMarketNews should fetch market news with filters" name="MarketDataService getMarketNews should fetch market news with filters" time="0">
      <failure>TypeError: _client.createClient.mockReturnValue is not a function
    at Object.mockReturnValue (/Users/rafaelfontes/Desktop/penny-wise/__tests__/unit/services/market-data-service.test.ts:75:33)
    at Promise.then.completed (/Users/rafaelfontes/Desktop/penny-wise/node_modules/jest-circus/build/utils.js:298:28)
    at new Promise (&lt;anonymous&gt;)
    at callAsyncCircusFn (/Users/rafaelfontes/Desktop/penny-wise/node_modules/jest-circus/build/utils.js:231:10)
    at _callCircusHook (/Users/rafaelfontes/Desktop/penny-wise/node_modules/jest-circus/build/run.js:281:40)
    at processTicksAndRejections (node:internal/process/task_queues:105:5)
    at _runTest (/Users/rafaelfontes/Desktop/penny-wise/node_modules/jest-circus/build/run.js:246:5)
    at _runTestsForDescribeBlock (/Users/rafaelfontes/Desktop/penny-wise/node_modules/jest-circus/build/run.js:126:9)
    at _runTestsForDescribeBlock (/Users/rafaelfontes/Desktop/penny-wise/node_modules/jest-circus/build/run.js:121:9)
    at _runTestsForDescribeBlock (/Users/rafaelfontes/Desktop/penny-wise/node_modules/jest-circus/build/run.js:121:9)
    at run (/Users/rafaelfontes/Desktop/penny-wise/node_modules/jest-circus/build/run.js:71:3)
    at runAndTransformResultsToJestFormat (/Users/rafaelfontes/Desktop/penny-wise/node_modules/jest-circus/build/legacy-code-todo-rewrite/jestAdapterInit.js:122:21)
    at jestAdapter (/Users/rafaelfontes/Desktop/penny-wise/node_modules/jest-circus/build/legacy-code-todo-rewrite/jestAdapter.js:79:19)
    at runTestInternal (/Users/rafaelfontes/Desktop/penny-wise/node_modules/jest-runner/build/runTest.js:367:16)
    at runTest (/Users/rafaelfontes/Desktop/penny-wise/node_modules/jest-runner/build/runTest.js:444:34)
    at Object.worker (/Users/rafaelfontes/Desktop/penny-wise/node_modules/jest-runner/build/testWorker.js:106:12)</failure>
    </testcase>
    <testcase classname="MarketDataService Error Handling and Resilience should handle network timeouts" name="MarketDataService Error Handling and Resilience should handle network timeouts" time="0">
      <failure>TypeError: _client.createClient.mockReturnValue is not a function
    at Object.mockReturnValue (/Users/rafaelfontes/Desktop/penny-wise/__tests__/unit/services/market-data-service.test.ts:75:33)
    at Promise.then.completed (/Users/rafaelfontes/Desktop/penny-wise/node_modules/jest-circus/build/utils.js:298:28)
    at new Promise (&lt;anonymous&gt;)
    at callAsyncCircusFn (/Users/rafaelfontes/Desktop/penny-wise/node_modules/jest-circus/build/utils.js:231:10)
    at _callCircusHook (/Users/rafaelfontes/Desktop/penny-wise/node_modules/jest-circus/build/run.js:281:40)
    at processTicksAndRejections (node:internal/process/task_queues:105:5)
    at _runTest (/Users/rafaelfontes/Desktop/penny-wise/node_modules/jest-circus/build/run.js:246:5)
    at _runTestsForDescribeBlock (/Users/rafaelfontes/Desktop/penny-wise/node_modules/jest-circus/build/run.js:126:9)
    at _runTestsForDescribeBlock (/Users/rafaelfontes/Desktop/penny-wise/node_modules/jest-circus/build/run.js:121:9)
    at _runTestsForDescribeBlock (/Users/rafaelfontes/Desktop/penny-wise/node_modules/jest-circus/build/run.js:121:9)
    at run (/Users/rafaelfontes/Desktop/penny-wise/node_modules/jest-circus/build/run.js:71:3)
    at runAndTransformResultsToJestFormat (/Users/rafaelfontes/Desktop/penny-wise/node_modules/jest-circus/build/legacy-code-todo-rewrite/jestAdapterInit.js:122:21)
    at jestAdapter (/Users/rafaelfontes/Desktop/penny-wise/node_modules/jest-circus/build/legacy-code-todo-rewrite/jestAdapter.js:79:19)
    at runTestInternal (/Users/rafaelfontes/Desktop/penny-wise/node_modules/jest-runner/build/runTest.js:367:16)
    at runTest (/Users/rafaelfontes/Desktop/penny-wise/node_modules/jest-runner/build/runTest.js:444:34)
    at Object.worker (/Users/rafaelfontes/Desktop/penny-wise/node_modules/jest-runner/build/testWorker.js:106:12)</failure>
    </testcase>
    <testcase classname="MarketDataService Error Handling and Resilience should retry failed requests with exponential backoff" name="MarketDataService Error Handling and Resilience should retry failed requests with exponential backoff" time="0.001">
      <failure>TypeError: _client.createClient.mockReturnValue is not a function
    at Object.mockReturnValue (/Users/rafaelfontes/Desktop/penny-wise/__tests__/unit/services/market-data-service.test.ts:75:33)
    at Promise.then.completed (/Users/rafaelfontes/Desktop/penny-wise/node_modules/jest-circus/build/utils.js:298:28)
    at new Promise (&lt;anonymous&gt;)
    at callAsyncCircusFn (/Users/rafaelfontes/Desktop/penny-wise/node_modules/jest-circus/build/utils.js:231:10)
    at _callCircusHook (/Users/rafaelfontes/Desktop/penny-wise/node_modules/jest-circus/build/run.js:281:40)
    at processTicksAndRejections (node:internal/process/task_queues:105:5)
    at _runTest (/Users/rafaelfontes/Desktop/penny-wise/node_modules/jest-circus/build/run.js:246:5)
    at _runTestsForDescribeBlock (/Users/rafaelfontes/Desktop/penny-wise/node_modules/jest-circus/build/run.js:126:9)
    at _runTestsForDescribeBlock (/Users/rafaelfontes/Desktop/penny-wise/node_modules/jest-circus/build/run.js:121:9)
    at _runTestsForDescribeBlock (/Users/rafaelfontes/Desktop/penny-wise/node_modules/jest-circus/build/run.js:121:9)
    at run (/Users/rafaelfontes/Desktop/penny-wise/node_modules/jest-circus/build/run.js:71:3)
    at runAndTransformResultsToJestFormat (/Users/rafaelfontes/Desktop/penny-wise/node_modules/jest-circus/build/legacy-code-todo-rewrite/jestAdapterInit.js:122:21)
    at jestAdapter (/Users/rafaelfontes/Desktop/penny-wise/node_modules/jest-circus/build/legacy-code-todo-rewrite/jestAdapter.js:79:19)
    at runTestInternal (/Users/rafaelfontes/Desktop/penny-wise/node_modules/jest-runner/build/runTest.js:367:16)
    at runTest (/Users/rafaelfontes/Desktop/penny-wise/node_modules/jest-runner/build/runTest.js:444:34)
    at Object.worker (/Users/rafaelfontes/Desktop/penny-wise/node_modules/jest-runner/build/testWorker.js:106:12)</failure>
    </testcase>
    <testcase classname="MarketDataService Error Handling and Resilience should handle rate limiting gracefully" name="MarketDataService Error Handling and Resilience should handle rate limiting gracefully" time="0">
      <failure>TypeError: _client.createClient.mockReturnValue is not a function
    at Object.mockReturnValue (/Users/rafaelfontes/Desktop/penny-wise/__tests__/unit/services/market-data-service.test.ts:75:33)
    at Promise.then.completed (/Users/rafaelfontes/Desktop/penny-wise/node_modules/jest-circus/build/utils.js:298:28)
    at new Promise (&lt;anonymous&gt;)
    at callAsyncCircusFn (/Users/rafaelfontes/Desktop/penny-wise/node_modules/jest-circus/build/utils.js:231:10)
    at _callCircusHook (/Users/rafaelfontes/Desktop/penny-wise/node_modules/jest-circus/build/run.js:281:40)
    at processTicksAndRejections (node:internal/process/task_queues:105:5)
    at _runTest (/Users/rafaelfontes/Desktop/penny-wise/node_modules/jest-circus/build/run.js:246:5)
    at _runTestsForDescribeBlock (/Users/rafaelfontes/Desktop/penny-wise/node_modules/jest-circus/build/run.js:126:9)
    at _runTestsForDescribeBlock (/Users/rafaelfontes/Desktop/penny-wise/node_modules/jest-circus/build/run.js:121:9)
    at _runTestsForDescribeBlock (/Users/rafaelfontes/Desktop/penny-wise/node_modules/jest-circus/build/run.js:121:9)
    at run (/Users/rafaelfontes/Desktop/penny-wise/node_modules/jest-circus/build/run.js:71:3)
    at runAndTransformResultsToJestFormat (/Users/rafaelfontes/Desktop/penny-wise/node_modules/jest-circus/build/legacy-code-todo-rewrite/jestAdapterInit.js:122:21)
    at jestAdapter (/Users/rafaelfontes/Desktop/penny-wise/node_modules/jest-circus/build/legacy-code-todo-rewrite/jestAdapter.js:79:19)
    at runTestInternal (/Users/rafaelfontes/Desktop/penny-wise/node_modules/jest-runner/build/runTest.js:367:16)
    at runTest (/Users/rafaelfontes/Desktop/penny-wise/node_modules/jest-runner/build/runTest.js:444:34)
    at Object.worker (/Users/rafaelfontes/Desktop/penny-wise/node_modules/jest-runner/build/testWorker.js:106:12)</failure>
    </testcase>
    <testcase classname="MarketDataService Performance and Caching should implement efficient caching strategy" name="MarketDataService Performance and Caching should implement efficient caching strategy" time="0">
      <failure>TypeError: _client.createClient.mockReturnValue is not a function
    at Object.mockReturnValue (/Users/rafaelfontes/Desktop/penny-wise/__tests__/unit/services/market-data-service.test.ts:75:33)
    at Promise.then.completed (/Users/rafaelfontes/Desktop/penny-wise/node_modules/jest-circus/build/utils.js:298:28)
    at new Promise (&lt;anonymous&gt;)
    at callAsyncCircusFn (/Users/rafaelfontes/Desktop/penny-wise/node_modules/jest-circus/build/utils.js:231:10)
    at _callCircusHook (/Users/rafaelfontes/Desktop/penny-wise/node_modules/jest-circus/build/run.js:281:40)
    at processTicksAndRejections (node:internal/process/task_queues:105:5)
    at _runTest (/Users/rafaelfontes/Desktop/penny-wise/node_modules/jest-circus/build/run.js:246:5)
    at _runTestsForDescribeBlock (/Users/rafaelfontes/Desktop/penny-wise/node_modules/jest-circus/build/run.js:126:9)
    at _runTestsForDescribeBlock (/Users/rafaelfontes/Desktop/penny-wise/node_modules/jest-circus/build/run.js:121:9)
    at _runTestsForDescribeBlock (/Users/rafaelfontes/Desktop/penny-wise/node_modules/jest-circus/build/run.js:121:9)
    at run (/Users/rafaelfontes/Desktop/penny-wise/node_modules/jest-circus/build/run.js:71:3)
    at runAndTransformResultsToJestFormat (/Users/rafaelfontes/Desktop/penny-wise/node_modules/jest-circus/build/legacy-code-todo-rewrite/jestAdapterInit.js:122:21)
    at jestAdapter (/Users/rafaelfontes/Desktop/penny-wise/node_modules/jest-circus/build/legacy-code-todo-rewrite/jestAdapter.js:79:19)
    at runTestInternal (/Users/rafaelfontes/Desktop/penny-wise/node_modules/jest-runner/build/runTest.js:367:16)
    at runTest (/Users/rafaelfontes/Desktop/penny-wise/node_modules/jest-runner/build/runTest.js:444:34)
    at Object.worker (/Users/rafaelfontes/Desktop/penny-wise/node_modules/jest-runner/build/testWorker.js:106:12)</failure>
    </testcase>
    <testcase classname="MarketDataService Performance and Caching should batch multiple requests efficiently" name="MarketDataService Performance and Caching should batch multiple requests efficiently" time="0">
      <failure>TypeError: _client.createClient.mockReturnValue is not a function
    at Object.mockReturnValue (/Users/rafaelfontes/Desktop/penny-wise/__tests__/unit/services/market-data-service.test.ts:75:33)
    at Promise.then.completed (/Users/rafaelfontes/Desktop/penny-wise/node_modules/jest-circus/build/utils.js:298:28)
    at new Promise (&lt;anonymous&gt;)
    at callAsyncCircusFn (/Users/rafaelfontes/Desktop/penny-wise/node_modules/jest-circus/build/utils.js:231:10)
    at _callCircusHook (/Users/rafaelfontes/Desktop/penny-wise/node_modules/jest-circus/build/run.js:281:40)
    at processTicksAndRejections (node:internal/process/task_queues:105:5)
    at _runTest (/Users/rafaelfontes/Desktop/penny-wise/node_modules/jest-circus/build/run.js:246:5)
    at _runTestsForDescribeBlock (/Users/rafaelfontes/Desktop/penny-wise/node_modules/jest-circus/build/run.js:126:9)
    at _runTestsForDescribeBlock (/Users/rafaelfontes/Desktop/penny-wise/node_modules/jest-circus/build/run.js:121:9)
    at _runTestsForDescribeBlock (/Users/rafaelfontes/Desktop/penny-wise/node_modules/jest-circus/build/run.js:121:9)
    at run (/Users/rafaelfontes/Desktop/penny-wise/node_modules/jest-circus/build/run.js:71:3)
    at runAndTransformResultsToJestFormat (/Users/rafaelfontes/Desktop/penny-wise/node_modules/jest-circus/build/legacy-code-todo-rewrite/jestAdapterInit.js:122:21)
    at jestAdapter (/Users/rafaelfontes/Desktop/penny-wise/node_modules/jest-circus/build/legacy-code-todo-rewrite/jestAdapter.js:79:19)
    at runTestInternal (/Users/rafaelfontes/Desktop/penny-wise/node_modules/jest-runner/build/runTest.js:367:16)
    at runTest (/Users/rafaelfontes/Desktop/penny-wise/node_modules/jest-runner/build/runTest.js:444:34)
    at Object.worker (/Users/rafaelfontes/Desktop/penny-wise/node_modules/jest-runner/build/testWorker.js:106:12)</failure>
    </testcase>
  </testsuite>
  <testsuite name="Real Services Tests" errors="0" failures="20" skipped="0" timestamp="2025-06-15T22:06:12" time="0.794" tests="38">
    <testcase classname="Real Services Tests Utils Functions should test cn utility function" name="Real Services Tests Utils Functions should test cn utility function" time="0.003">
    </testcase>
    <testcase classname="Real Services Tests Utils Functions should test clsx-like functionality" name="Real Services Tests Utils Functions should test clsx-like functionality" time="0">
    </testcase>
    <testcase classname="Real Services Tests Error Handler Utils should handle different error types" name="Real Services Tests Error Handler Utils should handle different error types" time="0.001">
    </testcase>
    <testcase classname="Real Services Tests API Response Validation should validate API responses" name="Real Services Tests API Response Validation should validate API responses" time="0">
    </testcase>
    <testcase classname="Real Services Tests Cache Service Utilities should implement basic cache functionality" name="Real Services Tests Cache Service Utilities should implement basic cache functionality" time="0.001">
    </testcase>
    <testcase classname="Real Services Tests Cache Service Utilities should handle cache expiration" name="Real Services Tests Cache Service Utilities should handle cache expiration" time="0.027">
    </testcase>
    <testcase classname="Real Services Tests UUID Generation should generate unique identifiers" name="Real Services Tests UUID Generation should generate unique identifiers" time="0">
    </testcase>
    <testcase classname="Real Services Tests Rate Limiting should implement rate limiting logic" name="Real Services Tests Rate Limiting should implement rate limiting logic" time="0.001">
    </testcase>
    <testcase classname="Real Services Tests Data Validation should validate different data types" name="Real Services Tests Data Validation should validate different data types" time="0.001">
    </testcase>
    <testcase classname="Real Services Tests Date and Time Utilities should handle date formatting and calculations" name="Real Services Tests Date and Time Utilities should handle date formatting and calculations" time="0.026">
    </testcase>
    <testcase classname="Real Services Tests MarketDataService should get quote successfully" name="Real Services Tests MarketDataService should get quote successfully" time="0.001">
      <failure>TypeError: _marketdata.default is not a constructor
    at Object.&lt;anonymous&gt; (/Users/rafaelfontes/Desktop/penny-wise/__tests__/unit/services/real-services.test.ts:676:17)
    at Promise.then.completed (/Users/rafaelfontes/Desktop/penny-wise/node_modules/jest-circus/build/utils.js:298:28)
    at new Promise (&lt;anonymous&gt;)
    at callAsyncCircusFn (/Users/rafaelfontes/Desktop/penny-wise/node_modules/jest-circus/build/utils.js:231:10)
    at _callCircusHook (/Users/rafaelfontes/Desktop/penny-wise/node_modules/jest-circus/build/run.js:281:40)
    at _runTest (/Users/rafaelfontes/Desktop/penny-wise/node_modules/jest-circus/build/run.js:246:5)
    at _runTestsForDescribeBlock (/Users/rafaelfontes/Desktop/penny-wise/node_modules/jest-circus/build/run.js:126:9)
    at _runTestsForDescribeBlock (/Users/rafaelfontes/Desktop/penny-wise/node_modules/jest-circus/build/run.js:121:9)
    at _runTestsForDescribeBlock (/Users/rafaelfontes/Desktop/penny-wise/node_modules/jest-circus/build/run.js:121:9)
    at run (/Users/rafaelfontes/Desktop/penny-wise/node_modules/jest-circus/build/run.js:71:3)
    at runAndTransformResultsToJestFormat (/Users/rafaelfontes/Desktop/penny-wise/node_modules/jest-circus/build/legacy-code-todo-rewrite/jestAdapterInit.js:122:21)
    at jestAdapter (/Users/rafaelfontes/Desktop/penny-wise/node_modules/jest-circus/build/legacy-code-todo-rewrite/jestAdapter.js:79:19)
    at runTestInternal (/Users/rafaelfontes/Desktop/penny-wise/node_modules/jest-runner/build/runTest.js:367:16)
    at runTest (/Users/rafaelfontes/Desktop/penny-wise/node_modules/jest-runner/build/runTest.js:444:34)
    at Object.worker (/Users/rafaelfontes/Desktop/penny-wise/node_modules/jest-runner/build/testWorker.js:106:12)</failure>
    </testcase>
    <testcase classname="Real Services Tests MarketDataService should handle API errors gracefully" name="Real Services Tests MarketDataService should handle API errors gracefully" time="0">
      <failure>TypeError: _marketdata.default is not a constructor
    at Object.&lt;anonymous&gt; (/Users/rafaelfontes/Desktop/penny-wise/__tests__/unit/services/real-services.test.ts:676:17)
    at Promise.then.completed (/Users/rafaelfontes/Desktop/penny-wise/node_modules/jest-circus/build/utils.js:298:28)
    at new Promise (&lt;anonymous&gt;)
    at callAsyncCircusFn (/Users/rafaelfontes/Desktop/penny-wise/node_modules/jest-circus/build/utils.js:231:10)
    at _callCircusHook (/Users/rafaelfontes/Desktop/penny-wise/node_modules/jest-circus/build/run.js:281:40)
    at _runTest (/Users/rafaelfontes/Desktop/penny-wise/node_modules/jest-circus/build/run.js:246:5)
    at _runTestsForDescribeBlock (/Users/rafaelfontes/Desktop/penny-wise/node_modules/jest-circus/build/run.js:126:9)
    at _runTestsForDescribeBlock (/Users/rafaelfontes/Desktop/penny-wise/node_modules/jest-circus/build/run.js:121:9)
    at _runTestsForDescribeBlock (/Users/rafaelfontes/Desktop/penny-wise/node_modules/jest-circus/build/run.js:121:9)
    at run (/Users/rafaelfontes/Desktop/penny-wise/node_modules/jest-circus/build/run.js:71:3)
    at runAndTransformResultsToJestFormat (/Users/rafaelfontes/Desktop/penny-wise/node_modules/jest-circus/build/legacy-code-todo-rewrite/jestAdapterInit.js:122:21)
    at jestAdapter (/Users/rafaelfontes/Desktop/penny-wise/node_modules/jest-circus/build/legacy-code-todo-rewrite/jestAdapter.js:79:19)
    at runTestInternal (/Users/rafaelfontes/Desktop/penny-wise/node_modules/jest-runner/build/runTest.js:367:16)
    at runTest (/Users/rafaelfontes/Desktop/penny-wise/node_modules/jest-runner/build/runTest.js:444:34)
    at Object.worker (/Users/rafaelfontes/Desktop/penny-wise/node_modules/jest-runner/build/testWorker.js:106:12)</failure>
    </testcase>
    <testcase classname="Real Services Tests MarketDataService should get multiple quotes" name="Real Services Tests MarketDataService should get multiple quotes" time="0.001">
      <failure>TypeError: _marketdata.default is not a constructor
    at Object.&lt;anonymous&gt; (/Users/rafaelfontes/Desktop/penny-wise/__tests__/unit/services/real-services.test.ts:676:17)
    at Promise.then.completed (/Users/rafaelfontes/Desktop/penny-wise/node_modules/jest-circus/build/utils.js:298:28)
    at new Promise (&lt;anonymous&gt;)
    at callAsyncCircusFn (/Users/rafaelfontes/Desktop/penny-wise/node_modules/jest-circus/build/utils.js:231:10)
    at _callCircusHook (/Users/rafaelfontes/Desktop/penny-wise/node_modules/jest-circus/build/run.js:281:40)
    at _runTest (/Users/rafaelfontes/Desktop/penny-wise/node_modules/jest-circus/build/run.js:246:5)
    at _runTestsForDescribeBlock (/Users/rafaelfontes/Desktop/penny-wise/node_modules/jest-circus/build/run.js:126:9)
    at _runTestsForDescribeBlock (/Users/rafaelfontes/Desktop/penny-wise/node_modules/jest-circus/build/run.js:121:9)
    at _runTestsForDescribeBlock (/Users/rafaelfontes/Desktop/penny-wise/node_modules/jest-circus/build/run.js:121:9)
    at run (/Users/rafaelfontes/Desktop/penny-wise/node_modules/jest-circus/build/run.js:71:3)
    at runAndTransformResultsToJestFormat (/Users/rafaelfontes/Desktop/penny-wise/node_modules/jest-circus/build/legacy-code-todo-rewrite/jestAdapterInit.js:122:21)
    at jestAdapter (/Users/rafaelfontes/Desktop/penny-wise/node_modules/jest-circus/build/legacy-code-todo-rewrite/jestAdapter.js:79:19)
    at runTestInternal (/Users/rafaelfontes/Desktop/penny-wise/node_modules/jest-runner/build/runTest.js:367:16)
    at runTest (/Users/rafaelfontes/Desktop/penny-wise/node_modules/jest-runner/build/runTest.js:444:34)
    at Object.worker (/Users/rafaelfontes/Desktop/penny-wise/node_modules/jest-runner/build/testWorker.js:106:12)</failure>
    </testcase>
    <testcase classname="Real Services Tests MarketDataService should validate symbol correctly" name="Real Services Tests MarketDataService should validate symbol correctly" time="0">
      <failure>TypeError: _marketdata.default is not a constructor
    at Object.&lt;anonymous&gt; (/Users/rafaelfontes/Desktop/penny-wise/__tests__/unit/services/real-services.test.ts:676:17)
    at Promise.then.completed (/Users/rafaelfontes/Desktop/penny-wise/node_modules/jest-circus/build/utils.js:298:28)
    at new Promise (&lt;anonymous&gt;)
    at callAsyncCircusFn (/Users/rafaelfontes/Desktop/penny-wise/node_modules/jest-circus/build/utils.js:231:10)
    at _callCircusHook (/Users/rafaelfontes/Desktop/penny-wise/node_modules/jest-circus/build/run.js:281:40)
    at _runTest (/Users/rafaelfontes/Desktop/penny-wise/node_modules/jest-circus/build/run.js:246:5)
    at _runTestsForDescribeBlock (/Users/rafaelfontes/Desktop/penny-wise/node_modules/jest-circus/build/run.js:126:9)
    at _runTestsForDescribeBlock (/Users/rafaelfontes/Desktop/penny-wise/node_modules/jest-circus/build/run.js:121:9)
    at _runTestsForDescribeBlock (/Users/rafaelfontes/Desktop/penny-wise/node_modules/jest-circus/build/run.js:121:9)
    at run (/Users/rafaelfontes/Desktop/penny-wise/node_modules/jest-circus/build/run.js:71:3)
    at runAndTransformResultsToJestFormat (/Users/rafaelfontes/Desktop/penny-wise/node_modules/jest-circus/build/legacy-code-todo-rewrite/jestAdapterInit.js:122:21)
    at jestAdapter (/Users/rafaelfontes/Desktop/penny-wise/node_modules/jest-circus/build/legacy-code-todo-rewrite/jestAdapter.js:79:19)
    at runTestInternal (/Users/rafaelfontes/Desktop/penny-wise/node_modules/jest-runner/build/runTest.js:367:16)
    at runTest (/Users/rafaelfontes/Desktop/penny-wise/node_modules/jest-runner/build/runTest.js:444:34)
    at Object.worker (/Users/rafaelfontes/Desktop/penny-wise/node_modules/jest-runner/build/testWorker.js:106:12)</failure>
    </testcase>
    <testcase classname="Real Services Tests MarketDataService should get quick quote" name="Real Services Tests MarketDataService should get quick quote" time="0">
      <failure>TypeError: _marketdata.default is not a constructor
    at Object.&lt;anonymous&gt; (/Users/rafaelfontes/Desktop/penny-wise/__tests__/unit/services/real-services.test.ts:676:17)
    at Promise.then.completed (/Users/rafaelfontes/Desktop/penny-wise/node_modules/jest-circus/build/utils.js:298:28)
    at new Promise (&lt;anonymous&gt;)
    at callAsyncCircusFn (/Users/rafaelfontes/Desktop/penny-wise/node_modules/jest-circus/build/utils.js:231:10)
    at _callCircusHook (/Users/rafaelfontes/Desktop/penny-wise/node_modules/jest-circus/build/run.js:281:40)
    at _runTest (/Users/rafaelfontes/Desktop/penny-wise/node_modules/jest-circus/build/run.js:246:5)
    at _runTestsForDescribeBlock (/Users/rafaelfontes/Desktop/penny-wise/node_modules/jest-circus/build/run.js:126:9)
    at _runTestsForDescribeBlock (/Users/rafaelfontes/Desktop/penny-wise/node_modules/jest-circus/build/run.js:121:9)
    at _runTestsForDescribeBlock (/Users/rafaelfontes/Desktop/penny-wise/node_modules/jest-circus/build/run.js:121:9)
    at run (/Users/rafaelfontes/Desktop/penny-wise/node_modules/jest-circus/build/run.js:71:3)
    at runAndTransformResultsToJestFormat (/Users/rafaelfontes/Desktop/penny-wise/node_modules/jest-circus/build/legacy-code-todo-rewrite/jestAdapterInit.js:122:21)
    at jestAdapter (/Users/rafaelfontes/Desktop/penny-wise/node_modules/jest-circus/build/legacy-code-todo-rewrite/jestAdapter.js:79:19)
    at runTestInternal (/Users/rafaelfontes/Desktop/penny-wise/node_modules/jest-runner/build/runTest.js:367:16)
    at runTest (/Users/rafaelfontes/Desktop/penny-wise/node_modules/jest-runner/build/runTest.js:444:34)
    at Object.worker (/Users/rafaelfontes/Desktop/penny-wise/node_modules/jest-runner/build/testWorker.js:106:12)</failure>
    </testcase>
    <testcase classname="Real Services Tests MarketDataService should perform health check" name="Real Services Tests MarketDataService should perform health check" time="0.004">
      <failure>TypeError: _marketdata.default is not a constructor
    at Object.&lt;anonymous&gt; (/Users/rafaelfontes/Desktop/penny-wise/__tests__/unit/services/real-services.test.ts:676:17)
    at Promise.then.completed (/Users/rafaelfontes/Desktop/penny-wise/node_modules/jest-circus/build/utils.js:298:28)
    at new Promise (&lt;anonymous&gt;)
    at callAsyncCircusFn (/Users/rafaelfontes/Desktop/penny-wise/node_modules/jest-circus/build/utils.js:231:10)
    at _callCircusHook (/Users/rafaelfontes/Desktop/penny-wise/node_modules/jest-circus/build/run.js:281:40)
    at _runTest (/Users/rafaelfontes/Desktop/penny-wise/node_modules/jest-circus/build/run.js:246:5)
    at _runTestsForDescribeBlock (/Users/rafaelfontes/Desktop/penny-wise/node_modules/jest-circus/build/run.js:126:9)
    at _runTestsForDescribeBlock (/Users/rafaelfontes/Desktop/penny-wise/node_modules/jest-circus/build/run.js:121:9)
    at _runTestsForDescribeBlock (/Users/rafaelfontes/Desktop/penny-wise/node_modules/jest-circus/build/run.js:121:9)
    at run (/Users/rafaelfontes/Desktop/penny-wise/node_modules/jest-circus/build/run.js:71:3)
    at runAndTransformResultsToJestFormat (/Users/rafaelfontes/Desktop/penny-wise/node_modules/jest-circus/build/legacy-code-todo-rewrite/jestAdapterInit.js:122:21)
    at jestAdapter (/Users/rafaelfontes/Desktop/penny-wise/node_modules/jest-circus/build/legacy-code-todo-rewrite/jestAdapter.js:79:19)
    at runTestInternal (/Users/rafaelfontes/Desktop/penny-wise/node_modules/jest-runner/build/runTest.js:367:16)
    at runTest (/Users/rafaelfontes/Desktop/penny-wise/node_modules/jest-runner/build/runTest.js:444:34)
    at Object.worker (/Users/rafaelfontes/Desktop/penny-wise/node_modules/jest-runner/build/testWorker.js:106:12)</failure>
    </testcase>
    <testcase classname="Real Services Tests MarketDataService should analyze symbol" name="Real Services Tests MarketDataService should analyze symbol" time="0">
      <failure>TypeError: _marketdata.default is not a constructor
    at Object.&lt;anonymous&gt; (/Users/rafaelfontes/Desktop/penny-wise/__tests__/unit/services/real-services.test.ts:676:17)
    at Promise.then.completed (/Users/rafaelfontes/Desktop/penny-wise/node_modules/jest-circus/build/utils.js:298:28)
    at new Promise (&lt;anonymous&gt;)
    at callAsyncCircusFn (/Users/rafaelfontes/Desktop/penny-wise/node_modules/jest-circus/build/utils.js:231:10)
    at _callCircusHook (/Users/rafaelfontes/Desktop/penny-wise/node_modules/jest-circus/build/run.js:281:40)
    at _runTest (/Users/rafaelfontes/Desktop/penny-wise/node_modules/jest-circus/build/run.js:246:5)
    at _runTestsForDescribeBlock (/Users/rafaelfontes/Desktop/penny-wise/node_modules/jest-circus/build/run.js:126:9)
    at _runTestsForDescribeBlock (/Users/rafaelfontes/Desktop/penny-wise/node_modules/jest-circus/build/run.js:121:9)
    at _runTestsForDescribeBlock (/Users/rafaelfontes/Desktop/penny-wise/node_modules/jest-circus/build/run.js:121:9)
    at run (/Users/rafaelfontes/Desktop/penny-wise/node_modules/jest-circus/build/run.js:71:3)
    at runAndTransformResultsToJestFormat (/Users/rafaelfontes/Desktop/penny-wise/node_modules/jest-circus/build/legacy-code-todo-rewrite/jestAdapterInit.js:122:21)
    at jestAdapter (/Users/rafaelfontes/Desktop/penny-wise/node_modules/jest-circus/build/legacy-code-todo-rewrite/jestAdapter.js:79:19)
    at runTestInternal (/Users/rafaelfontes/Desktop/penny-wise/node_modules/jest-runner/build/runTest.js:367:16)
    at runTest (/Users/rafaelfontes/Desktop/penny-wise/node_modules/jest-runner/build/runTest.js:444:34)
    at Object.worker (/Users/rafaelfontes/Desktop/penny-wise/node_modules/jest-runner/build/testWorker.js:106:12)</failure>
    </testcase>
    <testcase classname="Real Services Tests MarketDataService should compare symbols" name="Real Services Tests MarketDataService should compare symbols" time="0">
      <failure>TypeError: _marketdata.default is not a constructor
    at Object.&lt;anonymous&gt; (/Users/rafaelfontes/Desktop/penny-wise/__tests__/unit/services/real-services.test.ts:676:17)
    at Promise.then.completed (/Users/rafaelfontes/Desktop/penny-wise/node_modules/jest-circus/build/utils.js:298:28)
    at new Promise (&lt;anonymous&gt;)
    at callAsyncCircusFn (/Users/rafaelfontes/Desktop/penny-wise/node_modules/jest-circus/build/utils.js:231:10)
    at _callCircusHook (/Users/rafaelfontes/Desktop/penny-wise/node_modules/jest-circus/build/run.js:281:40)
    at _runTest (/Users/rafaelfontes/Desktop/penny-wise/node_modules/jest-circus/build/run.js:246:5)
    at _runTestsForDescribeBlock (/Users/rafaelfontes/Desktop/penny-wise/node_modules/jest-circus/build/run.js:126:9)
    at _runTestsForDescribeBlock (/Users/rafaelfontes/Desktop/penny-wise/node_modules/jest-circus/build/run.js:121:9)
    at _runTestsForDescribeBlock (/Users/rafaelfontes/Desktop/penny-wise/node_modules/jest-circus/build/run.js:121:9)
    at run (/Users/rafaelfontes/Desktop/penny-wise/node_modules/jest-circus/build/run.js:71:3)
    at runAndTransformResultsToJestFormat (/Users/rafaelfontes/Desktop/penny-wise/node_modules/jest-circus/build/legacy-code-todo-rewrite/jestAdapterInit.js:122:21)
    at jestAdapter (/Users/rafaelfontes/Desktop/penny-wise/node_modules/jest-circus/build/legacy-code-todo-rewrite/jestAdapter.js:79:19)
    at runTestInternal (/Users/rafaelfontes/Desktop/penny-wise/node_modules/jest-runner/build/runTest.js:367:16)
    at runTest (/Users/rafaelfontes/Desktop/penny-wise/node_modules/jest-runner/build/runTest.js:444:34)
    at Object.worker (/Users/rafaelfontes/Desktop/penny-wise/node_modules/jest-runner/build/testWorker.js:106:12)</failure>
    </testcase>
    <testcase classname="Real Services Tests AlphaVantageService should get quote successfully" name="Real Services Tests AlphaVantageService should get quote successfully" time="0.003">
    </testcase>
    <testcase classname="Real Services Tests AlphaVantageService should handle API rate limiting" name="Real Services Tests AlphaVantageService should handle API rate limiting" time="0">
    </testcase>
    <testcase classname="Real Services Tests AlphaVantageService should get intraday data" name="Real Services Tests AlphaVantageService should get intraday data" time="0.001">
    </testcase>
    <testcase classname="Real Services Tests AlphaVantageService should get daily data" name="Real Services Tests AlphaVantageService should get daily data" time="0.001">
    </testcase>
    <testcase classname="Real Services Tests AlphaVantageService should search symbols" name="Real Services Tests AlphaVantageService should search symbols" time="0">
    </testcase>
    <testcase classname="Real Services Tests OplabService should authenticate successfully" name="Real Services Tests OplabService should authenticate successfully" time="0.008">
      <failure>Error: expect(received).toBe(expected) // Object.is equality

Expected: &quot;test@example.com&quot;
Received: undefined
    at Object.toBe (/Users/rafaelfontes/Desktop/penny-wise/__tests__/unit/services/real-services.test.ts:955:34)</failure>
    </testcase>
    <testcase classname="Real Services Tests OplabService should handle authentication errors" name="Real Services Tests OplabService should handle authentication errors" time="0">
    </testcase>
    <testcase classname="Real Services Tests OplabService should get stocks" name="Real Services Tests OplabService should get stocks" time="0.001">
      <failure>Error: expect(received).toHaveLength(expected)

Matcher error: received value must have a length property whose value must be a number

Received has type:  object
Received has value: {&quot;data&quot;: [{&quot;market&quot;: {&quot;close&quot;: 150.25, &quot;variation&quot;: 1.69}, &quot;name&quot;: &quot;Apple Inc.&quot;, &quot;symbol&quot;: &quot;AAPL34&quot;}], &quot;success&quot;: true}
    at Object.toHaveLength (/Users/rafaelfontes/Desktop/penny-wise/__tests__/unit/services/real-services.test.ts:992:27)</failure>
    </testcase>
    <testcase classname="Real Services Tests OplabService should get stock by symbol" name="Real Services Tests OplabService should get stock by symbol" time="0">
      <failure>Error: expect(received).toBe(expected) // Object.is equality

Expected: &quot;AAPL34&quot;
Received: undefined
    at Object.toBe (/Users/rafaelfontes/Desktop/penny-wise/__tests__/unit/services/real-services.test.ts:1015:35)</failure>
    </testcase>
    <testcase classname="Real Services Tests OplabService should get options" name="Real Services Tests OplabService should get options" time="0.001">
      <failure>Error: expect(received).toHaveLength(expected)

Matcher error: received value must have a length property whose value must be a number

Received has type:  object
Received has value: {&quot;data&quot;: [{&quot;info&quot;: {&quot;category&quot;: &quot;CALL&quot;, &quot;due_date&quot;: &quot;2024-02-16&quot;, &quot;strike&quot;: 150}, &quot;name&quot;: &quot;AAPL34 Call 150&quot;, &quot;symbol&quot;: &quot;AAPL34C150&quot;}], &quot;success&quot;: true}
    at Object.toHaveLength (/Users/rafaelfontes/Desktop/penny-wise/__tests__/unit/services/real-services.test.ts:1040:27)</failure>
    </testcase>
    <testcase classname="Real Services Tests OplabService should get portfolios" name="Real Services Tests OplabService should get portfolios" time="0">
      <failure>Error: expect(received).toHaveLength(expected)

Matcher error: received value must have a length property whose value must be a number

Received has type:  object
Received has value: {&quot;data&quot;: [{&quot;active&quot;: true, &quot;id&quot;: 1, &quot;is_default&quot;: true, &quot;name&quot;: &quot;My Portfolio&quot;}], &quot;success&quot;: true}
    at Object.toHaveLength (/Users/rafaelfontes/Desktop/penny-wise/__tests__/unit/services/real-services.test.ts:1063:27)</failure>
    </testcase>
    <testcase classname="Real Services Tests OplabService should check if configured" name="Real Services Tests OplabService should check if configured" time="0">
    </testcase>
    <testcase classname="Real Services Tests OplabService should get config" name="Real Services Tests OplabService should get config" time="0">
    </testcase>
    <testcase classname="Real Services Tests OplabService should perform health check" name="Real Services Tests OplabService should perform health check" time="0.001">
      <failure>Error: expect(received).toBe(expected) // Object.is equality

Expected: &quot;healthy&quot;
Received: undefined
    at Object.toBe (/Users/rafaelfontes/Desktop/penny-wise/__tests__/unit/services/real-services.test.ts:1092:35)</failure>
    </testcase>
    <testcase classname="Real Services Tests Service Integration should handle service fallback" name="Real Services Tests Service Integration should handle service fallback" time="0">
      <failure>TypeError: _marketdata.default is not a constructor
    at Object.&lt;anonymous&gt; (/Users/rafaelfontes/Desktop/penny-wise/__tests__/unit/services/real-services.test.ts:1098:29)
    at Promise.then.completed (/Users/rafaelfontes/Desktop/penny-wise/node_modules/jest-circus/build/utils.js:298:28)
    at new Promise (&lt;anonymous&gt;)
    at callAsyncCircusFn (/Users/rafaelfontes/Desktop/penny-wise/node_modules/jest-circus/build/utils.js:231:10)
    at _callCircusTest (/Users/rafaelfontes/Desktop/penny-wise/node_modules/jest-circus/build/run.js:316:40)
    at _runTest (/Users/rafaelfontes/Desktop/penny-wise/node_modules/jest-circus/build/run.js:252:3)
    at _runTestsForDescribeBlock (/Users/rafaelfontes/Desktop/penny-wise/node_modules/jest-circus/build/run.js:126:9)
    at _runTestsForDescribeBlock (/Users/rafaelfontes/Desktop/penny-wise/node_modules/jest-circus/build/run.js:121:9)
    at _runTestsForDescribeBlock (/Users/rafaelfontes/Desktop/penny-wise/node_modules/jest-circus/build/run.js:121:9)
    at run (/Users/rafaelfontes/Desktop/penny-wise/node_modules/jest-circus/build/run.js:71:3)
    at runAndTransformResultsToJestFormat (/Users/rafaelfontes/Desktop/penny-wise/node_modules/jest-circus/build/legacy-code-todo-rewrite/jestAdapterInit.js:122:21)
    at jestAdapter (/Users/rafaelfontes/Desktop/penny-wise/node_modules/jest-circus/build/legacy-code-todo-rewrite/jestAdapter.js:79:19)
    at runTestInternal (/Users/rafaelfontes/Desktop/penny-wise/node_modules/jest-runner/build/runTest.js:367:16)
    at runTest (/Users/rafaelfontes/Desktop/penny-wise/node_modules/jest-runner/build/runTest.js:444:34)
    at Object.worker (/Users/rafaelfontes/Desktop/penny-wise/node_modules/jest-runner/build/testWorker.js:106:12)</failure>
    </testcase>
    <testcase classname="Real Services Tests Service Integration should handle concurrent requests" name="Real Services Tests Service Integration should handle concurrent requests" time="0">
      <failure>TypeError: _marketdata.default is not a constructor
    at Object.&lt;anonymous&gt; (/Users/rafaelfontes/Desktop/penny-wise/__tests__/unit/services/real-services.test.ts:1126:29)
    at Promise.then.completed (/Users/rafaelfontes/Desktop/penny-wise/node_modules/jest-circus/build/utils.js:298:28)
    at new Promise (&lt;anonymous&gt;)
    at callAsyncCircusFn (/Users/rafaelfontes/Desktop/penny-wise/node_modules/jest-circus/build/utils.js:231:10)
    at _callCircusTest (/Users/rafaelfontes/Desktop/penny-wise/node_modules/jest-circus/build/run.js:316:40)
    at _runTest (/Users/rafaelfontes/Desktop/penny-wise/node_modules/jest-circus/build/run.js:252:3)
    at _runTestsForDescribeBlock (/Users/rafaelfontes/Desktop/penny-wise/node_modules/jest-circus/build/run.js:126:9)
    at _runTestsForDescribeBlock (/Users/rafaelfontes/Desktop/penny-wise/node_modules/jest-circus/build/run.js:121:9)
    at _runTestsForDescribeBlock (/Users/rafaelfontes/Desktop/penny-wise/node_modules/jest-circus/build/run.js:121:9)
    at run (/Users/rafaelfontes/Desktop/penny-wise/node_modules/jest-circus/build/run.js:71:3)
    at runAndTransformResultsToJestFormat (/Users/rafaelfontes/Desktop/penny-wise/node_modules/jest-circus/build/legacy-code-todo-rewrite/jestAdapterInit.js:122:21)
    at jestAdapter (/Users/rafaelfontes/Desktop/penny-wise/node_modules/jest-circus/build/legacy-code-todo-rewrite/jestAdapter.js:79:19)
    at runTestInternal (/Users/rafaelfontes/Desktop/penny-wise/node_modules/jest-runner/build/runTest.js:367:16)
    at runTest (/Users/rafaelfontes/Desktop/penny-wise/node_modules/jest-runner/build/runTest.js:444:34)
    at Object.worker (/Users/rafaelfontes/Desktop/penny-wise/node_modules/jest-runner/build/testWorker.js:106:12)</failure>
    </testcase>
    <testcase classname="Real Services Tests Error Handling and Resilience should handle network timeouts" name="Real Services Tests Error Handling and Resilience should handle network timeouts" time="0">
      <failure>TypeError: _marketdata.default is not a constructor
    at Object.&lt;anonymous&gt; (/Users/rafaelfontes/Desktop/penny-wise/__tests__/unit/services/real-services.test.ts:1157:29)
    at Promise.then.completed (/Users/rafaelfontes/Desktop/penny-wise/node_modules/jest-circus/build/utils.js:298:28)
    at new Promise (&lt;anonymous&gt;)
    at callAsyncCircusFn (/Users/rafaelfontes/Desktop/penny-wise/node_modules/jest-circus/build/utils.js:231:10)
    at _callCircusTest (/Users/rafaelfontes/Desktop/penny-wise/node_modules/jest-circus/build/run.js:316:40)
    at _runTest (/Users/rafaelfontes/Desktop/penny-wise/node_modules/jest-circus/build/run.js:252:3)
    at _runTestsForDescribeBlock (/Users/rafaelfontes/Desktop/penny-wise/node_modules/jest-circus/build/run.js:126:9)
    at _runTestsForDescribeBlock (/Users/rafaelfontes/Desktop/penny-wise/node_modules/jest-circus/build/run.js:121:9)
    at _runTestsForDescribeBlock (/Users/rafaelfontes/Desktop/penny-wise/node_modules/jest-circus/build/run.js:121:9)
    at run (/Users/rafaelfontes/Desktop/penny-wise/node_modules/jest-circus/build/run.js:71:3)
    at runAndTransformResultsToJestFormat (/Users/rafaelfontes/Desktop/penny-wise/node_modules/jest-circus/build/legacy-code-todo-rewrite/jestAdapterInit.js:122:21)
    at jestAdapter (/Users/rafaelfontes/Desktop/penny-wise/node_modules/jest-circus/build/legacy-code-todo-rewrite/jestAdapter.js:79:19)
    at runTestInternal (/Users/rafaelfontes/Desktop/penny-wise/node_modules/jest-runner/build/runTest.js:367:16)
    at runTest (/Users/rafaelfontes/Desktop/penny-wise/node_modules/jest-runner/build/runTest.js:444:34)
    at Object.worker (/Users/rafaelfontes/Desktop/penny-wise/node_modules/jest-runner/build/testWorker.js:106:12)</failure>
    </testcase>
    <testcase classname="Real Services Tests Error Handling and Resilience should handle malformed responses" name="Real Services Tests Error Handling and Resilience should handle malformed responses" time="0">
      <failure>TypeError: _marketdata.default is not a constructor
    at Object.&lt;anonymous&gt; (/Users/rafaelfontes/Desktop/penny-wise/__tests__/unit/services/real-services.test.ts:1172:29)
    at Promise.then.completed (/Users/rafaelfontes/Desktop/penny-wise/node_modules/jest-circus/build/utils.js:298:28)
    at new Promise (&lt;anonymous&gt;)
    at callAsyncCircusFn (/Users/rafaelfontes/Desktop/penny-wise/node_modules/jest-circus/build/utils.js:231:10)
    at _callCircusTest (/Users/rafaelfontes/Desktop/penny-wise/node_modules/jest-circus/build/run.js:316:40)
    at _runTest (/Users/rafaelfontes/Desktop/penny-wise/node_modules/jest-circus/build/run.js:252:3)
    at _runTestsForDescribeBlock (/Users/rafaelfontes/Desktop/penny-wise/node_modules/jest-circus/build/run.js:126:9)
    at _runTestsForDescribeBlock (/Users/rafaelfontes/Desktop/penny-wise/node_modules/jest-circus/build/run.js:121:9)
    at _runTestsForDescribeBlock (/Users/rafaelfontes/Desktop/penny-wise/node_modules/jest-circus/build/run.js:121:9)
    at run (/Users/rafaelfontes/Desktop/penny-wise/node_modules/jest-circus/build/run.js:71:3)
    at runAndTransformResultsToJestFormat (/Users/rafaelfontes/Desktop/penny-wise/node_modules/jest-circus/build/legacy-code-todo-rewrite/jestAdapterInit.js:122:21)
    at jestAdapter (/Users/rafaelfontes/Desktop/penny-wise/node_modules/jest-circus/build/legacy-code-todo-rewrite/jestAdapter.js:79:19)
    at runTestInternal (/Users/rafaelfontes/Desktop/penny-wise/node_modules/jest-runner/build/runTest.js:367:16)
    at runTest (/Users/rafaelfontes/Desktop/penny-wise/node_modules/jest-runner/build/runTest.js:444:34)
    at Object.worker (/Users/rafaelfontes/Desktop/penny-wise/node_modules/jest-runner/build/testWorker.js:106:12)</failure>
    </testcase>
    <testcase classname="Real Services Tests Performance Optimization should cache responses" name="Real Services Tests Performance Optimization should cache responses" time="0.001">
      <failure>TypeError: _marketdata.default is not a constructor
    at Object.&lt;anonymous&gt; (/Users/rafaelfontes/Desktop/penny-wise/__tests__/unit/services/real-services.test.ts:1187:29)
    at Promise.then.completed (/Users/rafaelfontes/Desktop/penny-wise/node_modules/jest-circus/build/utils.js:298:28)
    at new Promise (&lt;anonymous&gt;)
    at callAsyncCircusFn (/Users/rafaelfontes/Desktop/penny-wise/node_modules/jest-circus/build/utils.js:231:10)
    at _callCircusTest (/Users/rafaelfontes/Desktop/penny-wise/node_modules/jest-circus/build/run.js:316:40)
    at _runTest (/Users/rafaelfontes/Desktop/penny-wise/node_modules/jest-circus/build/run.js:252:3)
    at _runTestsForDescribeBlock (/Users/rafaelfontes/Desktop/penny-wise/node_modules/jest-circus/build/run.js:126:9)
    at _runTestsForDescribeBlock (/Users/rafaelfontes/Desktop/penny-wise/node_modules/jest-circus/build/run.js:121:9)
    at _runTestsForDescribeBlock (/Users/rafaelfontes/Desktop/penny-wise/node_modules/jest-circus/build/run.js:121:9)
    at run (/Users/rafaelfontes/Desktop/penny-wise/node_modules/jest-circus/build/run.js:71:3)
    at runAndTransformResultsToJestFormat (/Users/rafaelfontes/Desktop/penny-wise/node_modules/jest-circus/build/legacy-code-todo-rewrite/jestAdapterInit.js:122:21)
    at jestAdapter (/Users/rafaelfontes/Desktop/penny-wise/node_modules/jest-circus/build/legacy-code-todo-rewrite/jestAdapter.js:79:19)
    at runTestInternal (/Users/rafaelfontes/Desktop/penny-wise/node_modules/jest-runner/build/runTest.js:367:16)
    at runTest (/Users/rafaelfontes/Desktop/penny-wise/node_modules/jest-runner/build/runTest.js:444:34)
    at Object.worker (/Users/rafaelfontes/Desktop/penny-wise/node_modules/jest-runner/build/testWorker.js:106:12)</failure>
    </testcase>
    <testcase classname="Real Services Tests Performance Optimization should handle bulk operations efficiently" name="Real Services Tests Performance Optimization should handle bulk operations efficiently" time="0.001">
      <failure>TypeError: _marketdata.default is not a constructor
    at Object.&lt;anonymous&gt; (/Users/rafaelfontes/Desktop/penny-wise/__tests__/unit/services/real-services.test.ts:1208:29)
    at Promise.then.completed (/Users/rafaelfontes/Desktop/penny-wise/node_modules/jest-circus/build/utils.js:298:28)
    at new Promise (&lt;anonymous&gt;)
    at callAsyncCircusFn (/Users/rafaelfontes/Desktop/penny-wise/node_modules/jest-circus/build/utils.js:231:10)
    at _callCircusTest (/Users/rafaelfontes/Desktop/penny-wise/node_modules/jest-circus/build/run.js:316:40)
    at _runTest (/Users/rafaelfontes/Desktop/penny-wise/node_modules/jest-circus/build/run.js:252:3)
    at _runTestsForDescribeBlock (/Users/rafaelfontes/Desktop/penny-wise/node_modules/jest-circus/build/run.js:126:9)
    at _runTestsForDescribeBlock (/Users/rafaelfontes/Desktop/penny-wise/node_modules/jest-circus/build/run.js:121:9)
    at _runTestsForDescribeBlock (/Users/rafaelfontes/Desktop/penny-wise/node_modules/jest-circus/build/run.js:121:9)
    at run (/Users/rafaelfontes/Desktop/penny-wise/node_modules/jest-circus/build/run.js:71:3)
    at runAndTransformResultsToJestFormat (/Users/rafaelfontes/Desktop/penny-wise/node_modules/jest-circus/build/legacy-code-todo-rewrite/jestAdapterInit.js:122:21)
    at jestAdapter (/Users/rafaelfontes/Desktop/penny-wise/node_modules/jest-circus/build/legacy-code-todo-rewrite/jestAdapter.js:79:19)
    at runTestInternal (/Users/rafaelfontes/Desktop/penny-wise/node_modules/jest-runner/build/runTest.js:367:16)
    at runTest (/Users/rafaelfontes/Desktop/penny-wise/node_modules/jest-runner/build/runTest.js:444:34)
    at Object.worker (/Users/rafaelfontes/Desktop/penny-wise/node_modules/jest-runner/build/testWorker.js:106:12)</failure>
    </testcase>
  </testsuite>
  <testsuite name="Chat Store Hook Tests" errors="0" failures="7" skipped="0" timestamp="2025-06-15T22:06:12" time="0.231" tests="19">
    <testcase classname="Chat Store Hook Tests Message Management should add messages to the store" name="Chat Store Hook Tests Message Management should add messages to the store" time="0.009">
    </testcase>
    <testcase classname="Chat Store Hook Tests Message Management should update existing messages" name="Chat Store Hook Tests Message Management should update existing messages" time="0.001">
    </testcase>
    <testcase classname="Chat Store Hook Tests Message Management should delete messages from the store" name="Chat Store Hook Tests Message Management should delete messages from the store" time="0.001">
    </testcase>
    <testcase classname="Chat Store Hook Tests Message Management should clear all messages" name="Chat Store Hook Tests Message Management should clear all messages" time="0.001">
    </testcase>
    <testcase classname="Chat Store Hook Tests Message Sending should send message and handle response" name="Chat Store Hook Tests Message Sending should send message and handle response" time="0.104">
    </testcase>
    <testcase classname="Chat Store Hook Tests Message Sending should handle message sending errors" name="Chat Store Hook Tests Message Sending should handle message sending errors" time="0.002">
      <failure>Error: expect(received).toBe(expected) // Object.is equality

Expected: &quot;Network error&quot;
Received: null
    at Object.toBe (/Users/rafaelfontes/Desktop/penny-wise/__tests__/unit/hooks/use-chat-store.test.ts:294:36)</failure>
    </testcase>
    <testcase classname="Chat Store Hook Tests Message Sending should handle message sending with context" name="Chat Store Hook Tests Message Sending should handle message sending with context" time="0.001">
    </testcase>
    <testcase classname="Chat Store Hook Tests Streaming Messages should handle streaming message updates" name="Chat Store Hook Tests Streaming Messages should handle streaming message updates" time="0.001">
      <failure>Error: expect(received).toBe(expected) // Object.is equality

Expected: true
Received: false
    at Object.toBe (/Users/rafaelfontes/Desktop/penny-wise/__tests__/unit/hooks/use-chat-store.test.ts:398:42)
    at Promise.then.completed (/Users/rafaelfontes/Desktop/penny-wise/node_modules/jest-circus/build/utils.js:298:28)
    at new Promise (&lt;anonymous&gt;)
    at callAsyncCircusFn (/Users/rafaelfontes/Desktop/penny-wise/node_modules/jest-circus/build/utils.js:231:10)
    at _callCircusTest (/Users/rafaelfontes/Desktop/penny-wise/node_modules/jest-circus/build/run.js:316:40)
    at _runTest (/Users/rafaelfontes/Desktop/penny-wise/node_modules/jest-circus/build/run.js:252:3)
    at _runTestsForDescribeBlock (/Users/rafaelfontes/Desktop/penny-wise/node_modules/jest-circus/build/run.js:126:9)
    at _runTestsForDescribeBlock (/Users/rafaelfontes/Desktop/penny-wise/node_modules/jest-circus/build/run.js:121:9)
    at _runTestsForDescribeBlock (/Users/rafaelfontes/Desktop/penny-wise/node_modules/jest-circus/build/run.js:121:9)
    at run (/Users/rafaelfontes/Desktop/penny-wise/node_modules/jest-circus/build/run.js:71:3)
    at runAndTransformResultsToJestFormat (/Users/rafaelfontes/Desktop/penny-wise/node_modules/jest-circus/build/legacy-code-todo-rewrite/jestAdapterInit.js:122:21)
    at jestAdapter (/Users/rafaelfontes/Desktop/penny-wise/node_modules/jest-circus/build/legacy-code-todo-rewrite/jestAdapter.js:79:19)
    at runTestInternal (/Users/rafaelfontes/Desktop/penny-wise/node_modules/jest-runner/build/runTest.js:367:16)
    at runTest (/Users/rafaelfontes/Desktop/penny-wise/node_modules/jest-runner/build/runTest.js:444:34)
    at Object.worker (/Users/rafaelfontes/Desktop/penny-wise/node_modules/jest-runner/build/testWorker.js:106:12)</failure>
    </testcase>
    <testcase classname="Chat Store Hook Tests Streaming Messages should handle streaming errors" name="Chat Store Hook Tests Streaming Messages should handle streaming errors" time="0.003">
    </testcase>
    <testcase classname="Chat Store Hook Tests Conversation Management should create new conversations" name="Chat Store Hook Tests Conversation Management should create new conversations" time="0.002">
    </testcase>
    <testcase classname="Chat Store Hook Tests Conversation Management should switch between conversations" name="Chat Store Hook Tests Conversation Management should switch between conversations" time="0.002">
      <failure>Error: expect(received).toBe(expected) // Object.is equality

Expected: &quot;conv-2&quot;
Received: null
    at Object.toBe (/Users/rafaelfontes/Desktop/penny-wise/__tests__/unit/hooks/use-chat-store.test.ts:523:52)
    at Promise.then.completed (/Users/rafaelfontes/Desktop/penny-wise/node_modules/jest-circus/build/utils.js:298:28)
    at new Promise (&lt;anonymous&gt;)
    at callAsyncCircusFn (/Users/rafaelfontes/Desktop/penny-wise/node_modules/jest-circus/build/utils.js:231:10)
    at _callCircusTest (/Users/rafaelfontes/Desktop/penny-wise/node_modules/jest-circus/build/run.js:316:40)
    at _runTest (/Users/rafaelfontes/Desktop/penny-wise/node_modules/jest-circus/build/run.js:252:3)
    at _runTestsForDescribeBlock (/Users/rafaelfontes/Desktop/penny-wise/node_modules/jest-circus/build/run.js:126:9)
    at _runTestsForDescribeBlock (/Users/rafaelfontes/Desktop/penny-wise/node_modules/jest-circus/build/run.js:121:9)
    at _runTestsForDescribeBlock (/Users/rafaelfontes/Desktop/penny-wise/node_modules/jest-circus/build/run.js:121:9)
    at run (/Users/rafaelfontes/Desktop/penny-wise/node_modules/jest-circus/build/run.js:71:3)
    at runAndTransformResultsToJestFormat (/Users/rafaelfontes/Desktop/penny-wise/node_modules/jest-circus/build/legacy-code-todo-rewrite/jestAdapterInit.js:122:21)
    at jestAdapter (/Users/rafaelfontes/Desktop/penny-wise/node_modules/jest-circus/build/legacy-code-todo-rewrite/jestAdapter.js:79:19)
    at runTestInternal (/Users/rafaelfontes/Desktop/penny-wise/node_modules/jest-runner/build/runTest.js:367:16)
    at runTest (/Users/rafaelfontes/Desktop/penny-wise/node_modules/jest-runner/build/runTest.js:444:34)
    at Object.worker (/Users/rafaelfontes/Desktop/penny-wise/node_modules/jest-runner/build/testWorker.js:106:12)</failure>
    </testcase>
    <testcase classname="Chat Store Hook Tests Conversation Management should delete conversations" name="Chat Store Hook Tests Conversation Management should delete conversations" time="0.001">
    </testcase>
    <testcase classname="Chat Store Hook Tests Context Management should update conversation context" name="Chat Store Hook Tests Context Management should update conversation context" time="0.003">
      <failure>Error: expect(received).toEqual(expected) // deep equality

- Expected  - 5
+ Received  + 1

- Object {
-   &quot;analysisType&quot;: &quot;technical&quot;,
-   &quot;symbol&quot;: &quot;AAPL&quot;,
-   &quot;timeframe&quot;: &quot;1D&quot;,
- }
+ Object {}
    at Object.toEqual (/Users/rafaelfontes/Desktop/penny-wise/__tests__/unit/hooks/use-chat-store.test.ts:585:38)
    at Promise.then.completed (/Users/rafaelfontes/Desktop/penny-wise/node_modules/jest-circus/build/utils.js:298:28)
    at new Promise (&lt;anonymous&gt;)
    at callAsyncCircusFn (/Users/rafaelfontes/Desktop/penny-wise/node_modules/jest-circus/build/utils.js:231:10)
    at _callCircusTest (/Users/rafaelfontes/Desktop/penny-wise/node_modules/jest-circus/build/run.js:316:40)
    at _runTest (/Users/rafaelfontes/Desktop/penny-wise/node_modules/jest-circus/build/run.js:252:3)
    at _runTestsForDescribeBlock (/Users/rafaelfontes/Desktop/penny-wise/node_modules/jest-circus/build/run.js:126:9)
    at _runTestsForDescribeBlock (/Users/rafaelfontes/Desktop/penny-wise/node_modules/jest-circus/build/run.js:121:9)
    at _runTestsForDescribeBlock (/Users/rafaelfontes/Desktop/penny-wise/node_modules/jest-circus/build/run.js:121:9)
    at run (/Users/rafaelfontes/Desktop/penny-wise/node_modules/jest-circus/build/run.js:71:3)
    at runAndTransformResultsToJestFormat (/Users/rafaelfontes/Desktop/penny-wise/node_modules/jest-circus/build/legacy-code-todo-rewrite/jestAdapterInit.js:122:21)
    at jestAdapter (/Users/rafaelfontes/Desktop/penny-wise/node_modules/jest-circus/build/legacy-code-todo-rewrite/jestAdapter.js:79:19)
    at runTestInternal (/Users/rafaelfontes/Desktop/penny-wise/node_modules/jest-runner/build/runTest.js:367:16)
    at runTest (/Users/rafaelfontes/Desktop/penny-wise/node_modules/jest-runner/build/runTest.js:444:34)
    at Object.worker (/Users/rafaelfontes/Desktop/penny-wise/node_modules/jest-runner/build/testWorker.js:106:12)</failure>
    </testcase>
    <testcase classname="Chat Store Hook Tests Context Management should maintain context across messages" name="Chat Store Hook Tests Context Management should maintain context across messages" time="0">
    </testcase>
    <testcase classname="Chat Store Hook Tests Loading and Error States should manage loading state correctly" name="Chat Store Hook Tests Loading and Error States should manage loading state correctly" time="0.001">
      <failure>Error: expect(received).toBe(expected) // Object.is equality

Expected: true
Received: false
    at Object.toBe (/Users/rafaelfontes/Desktop/penny-wise/__tests__/unit/hooks/use-chat-store.test.ts:673:40)
    at Promise.then.completed (/Users/rafaelfontes/Desktop/penny-wise/node_modules/jest-circus/build/utils.js:298:28)
    at new Promise (&lt;anonymous&gt;)
    at callAsyncCircusFn (/Users/rafaelfontes/Desktop/penny-wise/node_modules/jest-circus/build/utils.js:231:10)
    at _callCircusTest (/Users/rafaelfontes/Desktop/penny-wise/node_modules/jest-circus/build/run.js:316:40)
    at _runTest (/Users/rafaelfontes/Desktop/penny-wise/node_modules/jest-circus/build/run.js:252:3)
    at _runTestsForDescribeBlock (/Users/rafaelfontes/Desktop/penny-wise/node_modules/jest-circus/build/run.js:126:9)
    at _runTestsForDescribeBlock (/Users/rafaelfontes/Desktop/penny-wise/node_modules/jest-circus/build/run.js:121:9)
    at _runTestsForDescribeBlock (/Users/rafaelfontes/Desktop/penny-wise/node_modules/jest-circus/build/run.js:121:9)
    at run (/Users/rafaelfontes/Desktop/penny-wise/node_modules/jest-circus/build/run.js:71:3)
    at runAndTransformResultsToJestFormat (/Users/rafaelfontes/Desktop/penny-wise/node_modules/jest-circus/build/legacy-code-todo-rewrite/jestAdapterInit.js:122:21)
    at jestAdapter (/Users/rafaelfontes/Desktop/penny-wise/node_modules/jest-circus/build/legacy-code-todo-rewrite/jestAdapter.js:79:19)
    at runTestInternal (/Users/rafaelfontes/Desktop/penny-wise/node_modules/jest-runner/build/runTest.js:367:16)
    at runTest (/Users/rafaelfontes/Desktop/penny-wise/node_modules/jest-runner/build/runTest.js:444:34)
    at Object.worker (/Users/rafaelfontes/Desktop/penny-wise/node_modules/jest-runner/build/testWorker.js:106:12)</failure>
    </testcase>
    <testcase classname="Chat Store Hook Tests Loading and Error States should manage error state correctly" name="Chat Store Hook Tests Loading and Error States should manage error state correctly" time="0">
      <failure>Error: expect(received).toBe(expected) // Object.is equality

Expected: &quot;Connection failed&quot;
Received: null
    at Object.toBe (/Users/rafaelfontes/Desktop/penny-wise/__tests__/unit/hooks/use-chat-store.test.ts:702:36)
    at Promise.then.completed (/Users/rafaelfontes/Desktop/penny-wise/node_modules/jest-circus/build/utils.js:298:28)
    at new Promise (&lt;anonymous&gt;)
    at callAsyncCircusFn (/Users/rafaelfontes/Desktop/penny-wise/node_modules/jest-circus/build/utils.js:231:10)
    at _callCircusTest (/Users/rafaelfontes/Desktop/penny-wise/node_modules/jest-circus/build/run.js:316:40)
    at _runTest (/Users/rafaelfontes/Desktop/penny-wise/node_modules/jest-circus/build/run.js:252:3)
    at _runTestsForDescribeBlock (/Users/rafaelfontes/Desktop/penny-wise/node_modules/jest-circus/build/run.js:126:9)
    at _runTestsForDescribeBlock (/Users/rafaelfontes/Desktop/penny-wise/node_modules/jest-circus/build/run.js:121:9)
    at _runTestsForDescribeBlock (/Users/rafaelfontes/Desktop/penny-wise/node_modules/jest-circus/build/run.js:121:9)
    at run (/Users/rafaelfontes/Desktop/penny-wise/node_modules/jest-circus/build/run.js:71:3)
    at runAndTransformResultsToJestFormat (/Users/rafaelfontes/Desktop/penny-wise/node_modules/jest-circus/build/legacy-code-todo-rewrite/jestAdapterInit.js:122:21)
    at jestAdapter (/Users/rafaelfontes/Desktop/penny-wise/node_modules/jest-circus/build/legacy-code-todo-rewrite/jestAdapter.js:79:19)
    at runTestInternal (/Users/rafaelfontes/Desktop/penny-wise/node_modules/jest-runner/build/runTest.js:367:16)
    at runTest (/Users/rafaelfontes/Desktop/penny-wise/node_modules/jest-runner/build/runTest.js:444:34)
    at Object.worker (/Users/rafaelfontes/Desktop/penny-wise/node_modules/jest-runner/build/testWorker.js:106:12)</failure>
    </testcase>
    <testcase classname="Chat Store Hook Tests Loading and Error States should clear errors when sending new messages" name="Chat Store Hook Tests Loading and Error States should clear errors when sending new messages" time="0">
      <failure>Error: expect(received).toBeNull()

Received: &quot;Previous error&quot;
    at Object.toBeNull (/Users/rafaelfontes/Desktop/penny-wise/__tests__/unit/hooks/use-chat-store.test.ts:746:36)</failure>
    </testcase>
    <testcase classname="Chat Store Hook Tests Store Reset and Cleanup should reset store to initial state" name="Chat Store Hook Tests Store Reset and Cleanup should reset store to initial state" time="0.001">
    </testcase>
    <testcase classname="Chat Store Hook Tests Store Reset and Cleanup should handle cleanup on unmount" name="Chat Store Hook Tests Store Reset and Cleanup should handle cleanup on unmount" time="0">
    </testcase>
  </testsuite>
  <testsuite name="Utility Functions Extended Tests" errors="0" failures="1" skipped="0" timestamp="2025-06-15T22:06:12" time="0.956" tests="36">
    <testcase classname="Utility Functions Extended Tests cn (className utility) should merge basic classes" name="Utility Functions Extended Tests cn (className utility) should merge basic classes" time="0.005">
    </testcase>
    <testcase classname="Utility Functions Extended Tests cn (className utility) should handle conditional classes" name="Utility Functions Extended Tests cn (className utility) should handle conditional classes" time="0.001">
    </testcase>
    <testcase classname="Utility Functions Extended Tests cn (className utility) should handle arrays of classes" name="Utility Functions Extended Tests cn (className utility) should handle arrays of classes" time="0">
    </testcase>
    <testcase classname="Utility Functions Extended Tests cn (className utility) should handle objects with boolean values" name="Utility Functions Extended Tests cn (className utility) should handle objects with boolean values" time="0">
    </testcase>
    <testcase classname="Utility Functions Extended Tests cn (className utility) should handle complex combinations" name="Utility Functions Extended Tests cn (className utility) should handle complex combinations" time="0.001">
    </testcase>
    <testcase classname="Utility Functions Extended Tests cn (className utility) should handle undefined and null values" name="Utility Functions Extended Tests cn (className utility) should handle undefined and null values" time="0">
    </testcase>
    <testcase classname="Utility Functions Extended Tests cn (className utility) should handle empty strings" name="Utility Functions Extended Tests cn (className utility) should handle empty strings" time="0">
    </testcase>
    <testcase classname="Utility Functions Extended Tests cn (className utility) should handle Tailwind CSS conflicts" name="Utility Functions Extended Tests cn (className utility) should handle Tailwind CSS conflicts" time="0">
    </testcase>
    <testcase classname="Utility Functions Extended Tests cn (className utility) should handle responsive variants" name="Utility Functions Extended Tests cn (className utility) should handle responsive variants" time="0.001">
    </testcase>
    <testcase classname="Utility Functions Extended Tests cn (className utility) should handle state variants" name="Utility Functions Extended Tests cn (className utility) should handle state variants" time="0">
    </testcase>
    <testcase classname="Utility Functions Extended Tests Cache Service Utilities should generate correct cache keys" name="Utility Functions Extended Tests Cache Service Utilities should generate correct cache keys" time="0">
    </testcase>
    <testcase classname="Utility Functions Extended Tests Cache Service Utilities should generate news cache keys" name="Utility Functions Extended Tests Cache Service Utilities should generate news cache keys" time="0">
    </testcase>
    <testcase classname="Utility Functions Extended Tests Cache Service Utilities should generate search cache keys" name="Utility Functions Extended Tests Cache Service Utilities should generate search cache keys" time="0">
    </testcase>
    <testcase classname="Utility Functions Extended Tests Cache Service Utilities should generate technical indicator cache keys" name="Utility Functions Extended Tests Cache Service Utilities should generate technical indicator cache keys" time="0">
    </testcase>
    <testcase classname="Utility Functions Extended Tests Cache Service Utilities should handle cache service operations" name="Utility Functions Extended Tests Cache Service Utilities should handle cache service operations" time="0.001">
    </testcase>
    <testcase classname="Utility Functions Extended Tests String Utilities should format currency values" name="Utility Functions Extended Tests String Utilities should format currency values" time="0.052">
    </testcase>
    <testcase classname="Utility Functions Extended Tests String Utilities should format percentage values" name="Utility Functions Extended Tests String Utilities should format percentage values" time="0">
    </testcase>
    <testcase classname="Utility Functions Extended Tests String Utilities should format large numbers" name="Utility Functions Extended Tests String Utilities should format large numbers" time="0.001">
    </testcase>
    <testcase classname="Utility Functions Extended Tests String Utilities should truncate text" name="Utility Functions Extended Tests String Utilities should truncate text" time="0">
    </testcase>
    <testcase classname="Utility Functions Extended Tests String Utilities should capitalize strings" name="Utility Functions Extended Tests String Utilities should capitalize strings" time="0">
    </testcase>
    <testcase classname="Utility Functions Extended Tests String Utilities should convert to slug" name="Utility Functions Extended Tests String Utilities should convert to slug" time="0">
    </testcase>
    <testcase classname="Utility Functions Extended Tests Date Utilities should format dates" name="Utility Functions Extended Tests Date Utilities should format dates" time="0.004">
    </testcase>
    <testcase classname="Utility Functions Extended Tests Date Utilities should calculate time differences" name="Utility Functions Extended Tests Date Utilities should calculate time differences" time="0.001">
    </testcase>
    <testcase classname="Utility Functions Extended Tests Date Utilities should check if date is business day" name="Utility Functions Extended Tests Date Utilities should check if date is business day" time="0.002">
      <failure>Error: expect(received).toBe(expected) // Object.is equality

Expected: true
Received: false
    at Object.toBe (/Users/rafaelfontes/Desktop/penny-wise/__tests__/unit/utils/utils-extended.test.ts:280:37)
    at Promise.then.completed (/Users/rafaelfontes/Desktop/penny-wise/node_modules/jest-circus/build/utils.js:298:28)
    at new Promise (&lt;anonymous&gt;)
    at callAsyncCircusFn (/Users/rafaelfontes/Desktop/penny-wise/node_modules/jest-circus/build/utils.js:231:10)
    at _callCircusTest (/Users/rafaelfontes/Desktop/penny-wise/node_modules/jest-circus/build/run.js:316:40)
    at processTicksAndRejections (node:internal/process/task_queues:105:5)
    at _runTest (/Users/rafaelfontes/Desktop/penny-wise/node_modules/jest-circus/build/run.js:252:3)
    at _runTestsForDescribeBlock (/Users/rafaelfontes/Desktop/penny-wise/node_modules/jest-circus/build/run.js:126:9)
    at _runTestsForDescribeBlock (/Users/rafaelfontes/Desktop/penny-wise/node_modules/jest-circus/build/run.js:121:9)
    at _runTestsForDescribeBlock (/Users/rafaelfontes/Desktop/penny-wise/node_modules/jest-circus/build/run.js:121:9)
    at run (/Users/rafaelfontes/Desktop/penny-wise/node_modules/jest-circus/build/run.js:71:3)
    at runAndTransformResultsToJestFormat (/Users/rafaelfontes/Desktop/penny-wise/node_modules/jest-circus/build/legacy-code-todo-rewrite/jestAdapterInit.js:122:21)
    at jestAdapter (/Users/rafaelfontes/Desktop/penny-wise/node_modules/jest-circus/build/legacy-code-todo-rewrite/jestAdapter.js:79:19)
    at runTestInternal (/Users/rafaelfontes/Desktop/penny-wise/node_modules/jest-runner/build/runTest.js:367:16)
    at runTest (/Users/rafaelfontes/Desktop/penny-wise/node_modules/jest-runner/build/runTest.js:444:34)
    at Object.worker (/Users/rafaelfontes/Desktop/penny-wise/node_modules/jest-runner/build/testWorker.js:106:12)</failure>
    </testcase>
    <testcase classname="Utility Functions Extended Tests Array Utilities should chunk arrays" name="Utility Functions Extended Tests Array Utilities should chunk arrays" time="0">
    </testcase>
    <testcase classname="Utility Functions Extended Tests Array Utilities should remove duplicates" name="Utility Functions Extended Tests Array Utilities should remove duplicates" time="0">
    </testcase>
    <testcase classname="Utility Functions Extended Tests Array Utilities should group by property" name="Utility Functions Extended Tests Array Utilities should group by property" time="0">
    </testcase>
    <testcase classname="Utility Functions Extended Tests Object Utilities should deep clone objects" name="Utility Functions Extended Tests Object Utilities should deep clone objects" time="0.001">
    </testcase>
    <testcase classname="Utility Functions Extended Tests Object Utilities should pick object properties" name="Utility Functions Extended Tests Object Utilities should pick object properties" time="0">
    </testcase>
    <testcase classname="Utility Functions Extended Tests Object Utilities should omit object properties" name="Utility Functions Extended Tests Object Utilities should omit object properties" time="0">
    </testcase>
    <testcase classname="Utility Functions Extended Tests Validation Utilities should validate email addresses" name="Utility Functions Extended Tests Validation Utilities should validate email addresses" time="0">
    </testcase>
    <testcase classname="Utility Functions Extended Tests Validation Utilities should validate stock symbols" name="Utility Functions Extended Tests Validation Utilities should validate stock symbols" time="0.008">
    </testcase>
    <testcase classname="Utility Functions Extended Tests Validation Utilities should validate URLs" name="Utility Functions Extended Tests Validation Utilities should validate URLs" time="0.003">
    </testcase>
    <testcase classname="Utility Functions Extended Tests Performance Utilities should debounce function calls" name="Utility Functions Extended Tests Performance Utilities should debounce function calls" time="0.151">
    </testcase>
    <testcase classname="Utility Functions Extended Tests Performance Utilities should throttle function calls" name="Utility Functions Extended Tests Performance Utilities should throttle function calls" time="0.151">
    </testcase>
    <testcase classname="Utility Functions Extended Tests Performance Utilities should memoize function results" name="Utility Functions Extended Tests Performance Utilities should memoize function results" time="0.001">
    </testcase>
  </testsuite>
  <testsuite name="System Health Monitor Tests" errors="0" failures="1" skipped="0" timestamp="2025-06-15T22:06:12" time="0.164" tests="13">
    <testcase classname="System Health Monitor Tests Health Status Monitoring should return overall system health status" name="System Health Monitor Tests Health Status Monitoring should return overall system health status" time="0.001">
    </testcase>
    <testcase classname="System Health Monitor Tests Health Status Monitoring should detect unhealthy system conditions" name="System Health Monitor Tests Health Status Monitoring should detect unhealthy system conditions" time="0.001">
    </testcase>
    <testcase classname="System Health Monitor Tests Health Status Monitoring should monitor service response times" name="System Health Monitor Tests Health Status Monitoring should monitor service response times" time="0.102">
    </testcase>
    <testcase classname="System Health Monitor Tests Performance Metrics Collection should record and retrieve performance metrics" name="System Health Monitor Tests Performance Metrics Collection should record and retrieve performance metrics" time="0.001">
      <failure>Error: expect(received).toHaveLength(expected)

Expected length: 4
Received length: 3
Received array:  [{&quot;name&quot;: &quot;api_response_time&quot;, &quot;tags&quot;: {&quot;endpoint&quot;: &quot;/api/analyze&quot;}, &quot;timestamp&quot;: 1750025172991, &quot;value&quot;: 200}, {&quot;name&quot;: &quot;memory_usage&quot;, &quot;tags&quot;: {}, &quot;timestamp&quot;: 1750025172991, &quot;value&quot;: 0.65}, {&quot;name&quot;: &quot;cpu_usage&quot;, &quot;tags&quot;: {}, &quot;timestamp&quot;: 1750025172991, &quot;value&quot;: 0.45}]
    at Object.toHaveLength (/Users/rafaelfontes/Desktop/penny-wise/__tests__/unit/utils/system-health-monitor.test.ts:194:26)
    at Promise.then.completed (/Users/rafaelfontes/Desktop/penny-wise/node_modules/jest-circus/build/utils.js:298:28)
    at new Promise (&lt;anonymous&gt;)
    at callAsyncCircusFn (/Users/rafaelfontes/Desktop/penny-wise/node_modules/jest-circus/build/utils.js:231:10)
    at _callCircusTest (/Users/rafaelfontes/Desktop/penny-wise/node_modules/jest-circus/build/run.js:316:40)
    at _runTest (/Users/rafaelfontes/Desktop/penny-wise/node_modules/jest-circus/build/run.js:252:3)
    at _runTestsForDescribeBlock (/Users/rafaelfontes/Desktop/penny-wise/node_modules/jest-circus/build/run.js:126:9)
    at _runTestsForDescribeBlock (/Users/rafaelfontes/Desktop/penny-wise/node_modules/jest-circus/build/run.js:121:9)
    at _runTestsForDescribeBlock (/Users/rafaelfontes/Desktop/penny-wise/node_modules/jest-circus/build/run.js:121:9)
    at run (/Users/rafaelfontes/Desktop/penny-wise/node_modules/jest-circus/build/run.js:71:3)
    at runAndTransformResultsToJestFormat (/Users/rafaelfontes/Desktop/penny-wise/node_modules/jest-circus/build/legacy-code-todo-rewrite/jestAdapterInit.js:122:21)
    at jestAdapter (/Users/rafaelfontes/Desktop/penny-wise/node_modules/jest-circus/build/legacy-code-todo-rewrite/jestAdapter.js:79:19)
    at runTestInternal (/Users/rafaelfontes/Desktop/penny-wise/node_modules/jest-runner/build/runTest.js:367:16)
    at runTest (/Users/rafaelfontes/Desktop/penny-wise/node_modules/jest-runner/build/runTest.js:444:34)
    at Object.worker (/Users/rafaelfontes/Desktop/penny-wise/node_modules/jest-runner/build/testWorker.js:106:12)</failure>
    </testcase>
    <testcase classname="System Health Monitor Tests Performance Metrics Collection should calculate metric statistics" name="System Health Monitor Tests Performance Metrics Collection should calculate metric statistics" time="0.002">
    </testcase>
    <testcase classname="System Health Monitor Tests Performance Metrics Collection should track resource usage over time" name="System Health Monitor Tests Performance Metrics Collection should track resource usage over time" time="0">
    </testcase>
    <testcase classname="System Health Monitor Tests Alert Management should generate alerts based on thresholds" name="System Health Monitor Tests Alert Management should generate alerts based on thresholds" time="0.001">
    </testcase>
    <testcase classname="System Health Monitor Tests Alert Management should manage alert lifecycle" name="System Health Monitor Tests Alert Management should manage alert lifecycle" time="0">
    </testcase>
    <testcase classname="System Health Monitor Tests Alert Management should prevent alert spam with cooldown periods" name="System Health Monitor Tests Alert Management should prevent alert spam with cooldown periods" time="0">
    </testcase>
    <testcase classname="System Health Monitor Tests Performance Reporting should generate comprehensive performance report" name="System Health Monitor Tests Performance Reporting should generate comprehensive performance report" time="0.001">
    </testcase>
    <testcase classname="System Health Monitor Tests Performance Reporting should export metrics in different formats" name="System Health Monitor Tests Performance Reporting should export metrics in different formats" time="0">
    </testcase>
    <testcase classname="System Health Monitor Tests Monitoring Lifecycle should start and stop monitoring correctly" name="System Health Monitor Tests Monitoring Lifecycle should start and stop monitoring correctly" time="0.001">
    </testcase>
    <testcase classname="System Health Monitor Tests Monitoring Lifecycle should handle singleton pattern correctly" name="System Health Monitor Tests Monitoring Lifecycle should handle singleton pattern correctly" time="0">
    </testcase>
  </testsuite>
  <testsuite name="String Utilities Tests" errors="0" failures="4" skipped="0" timestamp="2025-06-15T22:06:13" time="0.094" tests="26">
    <testcase classname="String Utilities Tests Text Formatting should capitalize first letter of strings" name="String Utilities Tests Text Formatting should capitalize first letter of strings" time="0">
    </testcase>
    <testcase classname="String Utilities Tests Text Formatting should convert strings to title case" name="String Utilities Tests Text Formatting should convert strings to title case" time="0.001">
    </testcase>
    <testcase classname="String Utilities Tests Text Formatting should convert camelCase to kebab-case" name="String Utilities Tests Text Formatting should convert camelCase to kebab-case" time="0.001">
      <failure>Error: expect(received).toBe(expected) // Object.is equality

Expected: &quot;xml-http-request&quot;
Received: &quot;-x-m-l-http-request&quot;
    at Object.toBe (/Users/rafaelfontes/Desktop/penny-wise/__tests__/unit/utils/string-utilities.test.ts:38:46)
    at Promise.then.completed (/Users/rafaelfontes/Desktop/penny-wise/node_modules/jest-circus/build/utils.js:298:28)
    at new Promise (&lt;anonymous&gt;)
    at callAsyncCircusFn (/Users/rafaelfontes/Desktop/penny-wise/node_modules/jest-circus/build/utils.js:231:10)
    at _callCircusTest (/Users/rafaelfontes/Desktop/penny-wise/node_modules/jest-circus/build/run.js:316:40)
    at processTicksAndRejections (node:internal/process/task_queues:105:5)
    at _runTest (/Users/rafaelfontes/Desktop/penny-wise/node_modules/jest-circus/build/run.js:252:3)
    at _runTestsForDescribeBlock (/Users/rafaelfontes/Desktop/penny-wise/node_modules/jest-circus/build/run.js:126:9)
    at _runTestsForDescribeBlock (/Users/rafaelfontes/Desktop/penny-wise/node_modules/jest-circus/build/run.js:121:9)
    at _runTestsForDescribeBlock (/Users/rafaelfontes/Desktop/penny-wise/node_modules/jest-circus/build/run.js:121:9)
    at run (/Users/rafaelfontes/Desktop/penny-wise/node_modules/jest-circus/build/run.js:71:3)
    at runAndTransformResultsToJestFormat (/Users/rafaelfontes/Desktop/penny-wise/node_modules/jest-circus/build/legacy-code-todo-rewrite/jestAdapterInit.js:122:21)
    at jestAdapter (/Users/rafaelfontes/Desktop/penny-wise/node_modules/jest-circus/build/legacy-code-todo-rewrite/jestAdapter.js:79:19)
    at runTestInternal (/Users/rafaelfontes/Desktop/penny-wise/node_modules/jest-runner/build/runTest.js:367:16)
    at runTest (/Users/rafaelfontes/Desktop/penny-wise/node_modules/jest-runner/build/runTest.js:444:34)
    at Object.worker (/Users/rafaelfontes/Desktop/penny-wise/node_modules/jest-runner/build/testWorker.js:106:12)</failure>
    </testcase>
    <testcase classname="String Utilities Tests Text Formatting should convert kebab-case to camelCase" name="String Utilities Tests Text Formatting should convert kebab-case to camelCase" time="0.001">
    </testcase>
    <testcase classname="String Utilities Tests Text Formatting should truncate long strings with ellipsis" name="String Utilities Tests Text Formatting should truncate long strings with ellipsis" time="0">
    </testcase>
    <testcase classname="String Utilities Tests String Validation should validate stock symbols" name="String Utilities Tests String Validation should validate stock symbols" time="0.001">
    </testcase>
    <testcase classname="String Utilities Tests String Validation should validate Brazilian stock symbols" name="String Utilities Tests String Validation should validate Brazilian stock symbols" time="0.001">
    </testcase>
    <testcase classname="String Utilities Tests String Validation should validate email addresses" name="String Utilities Tests String Validation should validate email addresses" time="0">
    </testcase>
    <testcase classname="String Utilities Tests String Validation should validate phone numbers" name="String Utilities Tests String Validation should validate phone numbers" time="0.006">
    </testcase>
    <testcase classname="String Utilities Tests String Validation should validate URLs" name="String Utilities Tests String Validation should validate URLs" time="0.001">
    </testcase>
    <testcase classname="String Utilities Tests String Parsing and Extraction should extract stock symbols from text" name="String Utilities Tests String Parsing and Extraction should extract stock symbols from text" time="0.002">
      <failure>Error: expect(received).toEqual(expected) // deep equality

- Expected  - 0
+ Received  + 1

  Array [
+   &quot;I&quot;,
    &quot;AAPL&quot;,
    &quot;MSFT&quot;,
    &quot;GOOGL&quot;,
  ]
    at Object.toEqual (/Users/rafaelfontes/Desktop/penny-wise/__tests__/unit/utils/string-utilities.test.ts:175:42)
    at Promise.then.completed (/Users/rafaelfontes/Desktop/penny-wise/node_modules/jest-circus/build/utils.js:298:28)
    at new Promise (&lt;anonymous&gt;)
    at callAsyncCircusFn (/Users/rafaelfontes/Desktop/penny-wise/node_modules/jest-circus/build/utils.js:231:10)
    at _callCircusTest (/Users/rafaelfontes/Desktop/penny-wise/node_modules/jest-circus/build/run.js:316:40)
    at processTicksAndRejections (node:internal/process/task_queues:105:5)
    at _runTest (/Users/rafaelfontes/Desktop/penny-wise/node_modules/jest-circus/build/run.js:252:3)
    at _runTestsForDescribeBlock (/Users/rafaelfontes/Desktop/penny-wise/node_modules/jest-circus/build/run.js:126:9)
    at _runTestsForDescribeBlock (/Users/rafaelfontes/Desktop/penny-wise/node_modules/jest-circus/build/run.js:121:9)
    at _runTestsForDescribeBlock (/Users/rafaelfontes/Desktop/penny-wise/node_modules/jest-circus/build/run.js:121:9)
    at run (/Users/rafaelfontes/Desktop/penny-wise/node_modules/jest-circus/build/run.js:71:3)
    at runAndTransformResultsToJestFormat (/Users/rafaelfontes/Desktop/penny-wise/node_modules/jest-circus/build/legacy-code-todo-rewrite/jestAdapterInit.js:122:21)
    at jestAdapter (/Users/rafaelfontes/Desktop/penny-wise/node_modules/jest-circus/build/legacy-code-todo-rewrite/jestAdapter.js:79:19)
    at runTestInternal (/Users/rafaelfontes/Desktop/penny-wise/node_modules/jest-runner/build/runTest.js:367:16)
    at runTest (/Users/rafaelfontes/Desktop/penny-wise/node_modules/jest-runner/build/runTest.js:444:34)
    at Object.worker (/Users/rafaelfontes/Desktop/penny-wise/node_modules/jest-runner/build/testWorker.js:106:12)</failure>
    </testcase>
    <testcase classname="String Utilities Tests String Parsing and Extraction should extract numbers from text" name="String Utilities Tests String Parsing and Extraction should extract numbers from text" time="0">
    </testcase>
    <testcase classname="String Utilities Tests String Parsing and Extraction should extract currency amounts" name="String Utilities Tests String Parsing and Extraction should extract currency amounts" time="0.001">
    </testcase>
    <testcase classname="String Utilities Tests String Parsing and Extraction should parse CSV strings" name="String Utilities Tests String Parsing and Extraction should parse CSV strings" time="0">
    </testcase>
    <testcase classname="String Utilities Tests String Sanitization and Security should sanitize HTML content" name="String Utilities Tests String Sanitization and Security should sanitize HTML content" time="0">
      <failure>Error: expect(received).not.toContain(expected) // indexOf

Expected substring: not &quot;onerror&quot;
Received string:        &quot;&amp;lt;script&amp;gt;alert(&amp;quot;XSS&amp;quot;)&amp;lt;&amp;#x2F;script&amp;gt;&amp;lt;img src=&amp;quot;x&amp;quot; onerror=&amp;quot;alert(1)&amp;quot;&amp;gt;&quot;
    at Object.toContain (/Users/rafaelfontes/Desktop/penny-wise/__tests__/unit/utils/string-utilities.test.ts:274:29)
    at Promise.then.completed (/Users/rafaelfontes/Desktop/penny-wise/node_modules/jest-circus/build/utils.js:298:28)
    at new Promise (&lt;anonymous&gt;)
    at callAsyncCircusFn (/Users/rafaelfontes/Desktop/penny-wise/node_modules/jest-circus/build/utils.js:231:10)
    at _callCircusTest (/Users/rafaelfontes/Desktop/penny-wise/node_modules/jest-circus/build/run.js:316:40)
    at processTicksAndRejections (node:internal/process/task_queues:105:5)
    at _runTest (/Users/rafaelfontes/Desktop/penny-wise/node_modules/jest-circus/build/run.js:252:3)
    at _runTestsForDescribeBlock (/Users/rafaelfontes/Desktop/penny-wise/node_modules/jest-circus/build/run.js:126:9)
    at _runTestsForDescribeBlock (/Users/rafaelfontes/Desktop/penny-wise/node_modules/jest-circus/build/run.js:121:9)
    at _runTestsForDescribeBlock (/Users/rafaelfontes/Desktop/penny-wise/node_modules/jest-circus/build/run.js:121:9)
    at run (/Users/rafaelfontes/Desktop/penny-wise/node_modules/jest-circus/build/run.js:71:3)
    at runAndTransformResultsToJestFormat (/Users/rafaelfontes/Desktop/penny-wise/node_modules/jest-circus/build/legacy-code-todo-rewrite/jestAdapterInit.js:122:21)
    at jestAdapter (/Users/rafaelfontes/Desktop/penny-wise/node_modules/jest-circus/build/legacy-code-todo-rewrite/jestAdapter.js:79:19)
    at runTestInternal (/Users/rafaelfontes/Desktop/penny-wise/node_modules/jest-runner/build/runTest.js:367:16)
    at runTest (/Users/rafaelfontes/Desktop/penny-wise/node_modules/jest-runner/build/runTest.js:444:34)
    at Object.worker (/Users/rafaelfontes/Desktop/penny-wise/node_modules/jest-runner/build/testWorker.js:106:12)</failure>
    </testcase>
    <testcase classname="String Utilities Tests String Sanitization and Security should sanitize SQL injection attempts" name="String Utilities Tests String Sanitization and Security should sanitize SQL injection attempts" time="0">
    </testcase>
    <testcase classname="String Utilities Tests String Sanitization and Security should remove sensitive information from logs" name="String Utilities Tests String Sanitization and Security should remove sensitive information from logs" time="0.001">
    </testcase>
    <testcase classname="String Utilities Tests String Sanitization and Security should validate and sanitize file names" name="String Utilities Tests String Sanitization and Security should validate and sanitize file names" time="0">
    </testcase>
    <testcase classname="String Utilities Tests String Comparison and Similarity should calculate Levenshtein distance" name="String Utilities Tests String Comparison and Similarity should calculate Levenshtein distance" time="0">
    </testcase>
    <testcase classname="String Utilities Tests String Comparison and Similarity should calculate string similarity percentage" name="String Utilities Tests String Comparison and Similarity should calculate string similarity percentage" time="0.001">
    </testcase>
    <testcase classname="String Utilities Tests String Comparison and Similarity should perform case-insensitive comparison" name="String Utilities Tests String Comparison and Similarity should perform case-insensitive comparison" time="0">
    </testcase>
    <testcase classname="String Utilities Tests String Templates and Interpolation should replace template variables" name="String Utilities Tests String Templates and Interpolation should replace template variables" time="0">
    </testcase>
    <testcase classname="String Utilities Tests String Templates and Interpolation should format template strings with conditions" name="String Utilities Tests String Templates and Interpolation should format template strings with conditions" time="0">
    </testcase>
    <testcase classname="String Utilities Tests String Encoding and Decoding should encode and decode base64" name="String Utilities Tests String Encoding and Decoding should encode and decode base64" time="0.001">
      <failure>Error: expect(received).toBe(expected) // Object.is equality

Expected: &quot;SGVsbG8sIFdvcmxkISDwn42N&quot;
Received: &quot;SGVsbG8sIFdvcmxkISDwn4yN&quot;
    at Object.toBe (/Users/rafaelfontes/Desktop/penny-wise/__tests__/unit/utils/string-utilities.test.ts:485:23)
    at Promise.then.completed (/Users/rafaelfontes/Desktop/penny-wise/node_modules/jest-circus/build/utils.js:298:28)
    at new Promise (&lt;anonymous&gt;)
    at callAsyncCircusFn (/Users/rafaelfontes/Desktop/penny-wise/node_modules/jest-circus/build/utils.js:231:10)
    at _callCircusTest (/Users/rafaelfontes/Desktop/penny-wise/node_modules/jest-circus/build/run.js:316:40)
    at processTicksAndRejections (node:internal/process/task_queues:105:5)
    at _runTest (/Users/rafaelfontes/Desktop/penny-wise/node_modules/jest-circus/build/run.js:252:3)
    at _runTestsForDescribeBlock (/Users/rafaelfontes/Desktop/penny-wise/node_modules/jest-circus/build/run.js:126:9)
    at _runTestsForDescribeBlock (/Users/rafaelfontes/Desktop/penny-wise/node_modules/jest-circus/build/run.js:121:9)
    at _runTestsForDescribeBlock (/Users/rafaelfontes/Desktop/penny-wise/node_modules/jest-circus/build/run.js:121:9)
    at run (/Users/rafaelfontes/Desktop/penny-wise/node_modules/jest-circus/build/run.js:71:3)
    at runAndTransformResultsToJestFormat (/Users/rafaelfontes/Desktop/penny-wise/node_modules/jest-circus/build/legacy-code-todo-rewrite/jestAdapterInit.js:122:21)
    at jestAdapter (/Users/rafaelfontes/Desktop/penny-wise/node_modules/jest-circus/build/legacy-code-todo-rewrite/jestAdapter.js:79:19)
    at runTestInternal (/Users/rafaelfontes/Desktop/penny-wise/node_modules/jest-runner/build/runTest.js:367:16)
    at runTest (/Users/rafaelfontes/Desktop/penny-wise/node_modules/jest-runner/build/runTest.js:444:34)
    at Object.worker (/Users/rafaelfontes/Desktop/penny-wise/node_modules/jest-runner/build/testWorker.js:106:12)</failure>
    </testcase>
    <testcase classname="String Utilities Tests String Encoding and Decoding should encode and decode URL components" name="String Utilities Tests String Encoding and Decoding should encode and decode URL components" time="0">
    </testcase>
    <testcase classname="String Utilities Tests String Encoding and Decoding should escape and unescape JSON strings" name="String Utilities Tests String Encoding and Decoding should escape and unescape JSON strings" time="0">
    </testcase>
  </testsuite>
  <testsuite name="Financial Calculations Tests" errors="0" failures="4" skipped="0" timestamp="2025-06-15T22:06:13" time="0.089" tests="23">
    <testcase classname="Financial Calculations Tests Percentage Calculations should calculate percentage change correctly" name="Financial Calculations Tests Percentage Calculations should calculate percentage change correctly" time="0.001">
    </testcase>
    <testcase classname="Financial Calculations Tests Percentage Calculations should calculate compound annual growth rate (CAGR)" name="Financial Calculations Tests Percentage Calculations should calculate compound annual growth rate (CAGR)" time="0">
      <failure>Error: expect(received).toBeCloseTo(expected, precision)

Expected: -11.8
Received: -10.557280900008415

Expected precision:    2
Expected difference: &lt; 0.005
Received difference:   1.2427190999915858
    at Object.toBeCloseTo (/Users/rafaelfontes/Desktop/penny-wise/__tests__/unit/utils/financial-calculations.test.ts:26:44)
    at Promise.then.completed (/Users/rafaelfontes/Desktop/penny-wise/node_modules/jest-circus/build/utils.js:298:28)
    at new Promise (&lt;anonymous&gt;)
    at callAsyncCircusFn (/Users/rafaelfontes/Desktop/penny-wise/node_modules/jest-circus/build/utils.js:231:10)
    at _callCircusTest (/Users/rafaelfontes/Desktop/penny-wise/node_modules/jest-circus/build/run.js:316:40)
    at processTicksAndRejections (node:internal/process/task_queues:105:5)
    at _runTest (/Users/rafaelfontes/Desktop/penny-wise/node_modules/jest-circus/build/run.js:252:3)
    at _runTestsForDescribeBlock (/Users/rafaelfontes/Desktop/penny-wise/node_modules/jest-circus/build/run.js:126:9)
    at _runTestsForDescribeBlock (/Users/rafaelfontes/Desktop/penny-wise/node_modules/jest-circus/build/run.js:121:9)
    at _runTestsForDescribeBlock (/Users/rafaelfontes/Desktop/penny-wise/node_modules/jest-circus/build/run.js:121:9)
    at run (/Users/rafaelfontes/Desktop/penny-wise/node_modules/jest-circus/build/run.js:71:3)
    at runAndTransformResultsToJestFormat (/Users/rafaelfontes/Desktop/penny-wise/node_modules/jest-circus/build/legacy-code-todo-rewrite/jestAdapterInit.js:122:21)
    at jestAdapter (/Users/rafaelfontes/Desktop/penny-wise/node_modules/jest-circus/build/legacy-code-todo-rewrite/jestAdapter.js:79:19)
    at runTestInternal (/Users/rafaelfontes/Desktop/penny-wise/node_modules/jest-runner/build/runTest.js:367:16)
    at runTest (/Users/rafaelfontes/Desktop/penny-wise/node_modules/jest-runner/build/runTest.js:444:34)
    at Object.worker (/Users/rafaelfontes/Desktop/penny-wise/node_modules/jest-runner/build/testWorker.js:106:12)</failure>
    </testcase>
    <testcase classname="Financial Calculations Tests Percentage Calculations should calculate return on investment (ROI)" name="Financial Calculations Tests Percentage Calculations should calculate return on investment (ROI)" time="0">
    </testcase>
    <testcase classname="Financial Calculations Tests Moving Averages should calculate simple moving average (SMA)" name="Financial Calculations Tests Moving Averages should calculate simple moving average (SMA)" time="0">
    </testcase>
    <testcase classname="Financial Calculations Tests Moving Averages should calculate exponential moving average (EMA)" name="Financial Calculations Tests Moving Averages should calculate exponential moving average (EMA)" time="0.001">
    </testcase>
    <testcase classname="Financial Calculations Tests Volatility Calculations should calculate standard deviation" name="Financial Calculations Tests Volatility Calculations should calculate standard deviation" time="0.003">
    </testcase>
    <testcase classname="Financial Calculations Tests Volatility Calculations should calculate annualized volatility" name="Financial Calculations Tests Volatility Calculations should calculate annualized volatility" time="0">
    </testcase>
    <testcase classname="Financial Calculations Tests Risk Metrics should calculate Sharpe ratio" name="Financial Calculations Tests Risk Metrics should calculate Sharpe ratio" time="0">
      <failure>Error: expect(received).toBeCloseTo(expected, precision)

Expected: 2.24
Received: 2.0745750862810164

Expected precision:    1
Expected difference: &lt; 0.05
Received difference:   0.16542491371898382
    at Object.toBeCloseTo (/Users/rafaelfontes/Desktop/penny-wise/__tests__/unit/utils/financial-calculations.test.ts:146:27)
    at Promise.then.completed (/Users/rafaelfontes/Desktop/penny-wise/node_modules/jest-circus/build/utils.js:298:28)
    at new Promise (&lt;anonymous&gt;)
    at callAsyncCircusFn (/Users/rafaelfontes/Desktop/penny-wise/node_modules/jest-circus/build/utils.js:231:10)
    at _callCircusTest (/Users/rafaelfontes/Desktop/penny-wise/node_modules/jest-circus/build/run.js:316:40)
    at processTicksAndRejections (node:internal/process/task_queues:105:5)
    at _runTest (/Users/rafaelfontes/Desktop/penny-wise/node_modules/jest-circus/build/run.js:252:3)
    at _runTestsForDescribeBlock (/Users/rafaelfontes/Desktop/penny-wise/node_modules/jest-circus/build/run.js:126:9)
    at _runTestsForDescribeBlock (/Users/rafaelfontes/Desktop/penny-wise/node_modules/jest-circus/build/run.js:121:9)
    at _runTestsForDescribeBlock (/Users/rafaelfontes/Desktop/penny-wise/node_modules/jest-circus/build/run.js:121:9)
    at run (/Users/rafaelfontes/Desktop/penny-wise/node_modules/jest-circus/build/run.js:71:3)
    at runAndTransformResultsToJestFormat (/Users/rafaelfontes/Desktop/penny-wise/node_modules/jest-circus/build/legacy-code-todo-rewrite/jestAdapterInit.js:122:21)
    at jestAdapter (/Users/rafaelfontes/Desktop/penny-wise/node_modules/jest-circus/build/legacy-code-todo-rewrite/jestAdapter.js:79:19)
    at runTestInternal (/Users/rafaelfontes/Desktop/penny-wise/node_modules/jest-runner/build/runTest.js:367:16)
    at runTest (/Users/rafaelfontes/Desktop/penny-wise/node_modules/jest-runner/build/runTest.js:444:34)
    at Object.worker (/Users/rafaelfontes/Desktop/penny-wise/node_modules/jest-runner/build/testWorker.js:106:12)</failure>
    </testcase>
    <testcase classname="Financial Calculations Tests Risk Metrics should calculate maximum drawdown" name="Financial Calculations Tests Risk Metrics should calculate maximum drawdown" time="0">
    </testcase>
    <testcase classname="Financial Calculations Tests Risk Metrics should calculate Value at Risk (VaR)" name="Financial Calculations Tests Risk Metrics should calculate Value at Risk (VaR)" time="0.001">
    </testcase>
    <testcase classname="Financial Calculations Tests Technical Indicators should calculate Relative Strength Index (RSI)" name="Financial Calculations Tests Technical Indicators should calculate Relative Strength Index (RSI)" time="0">
      <failure>Error: expect(received).toHaveLength(expected)

Expected length: 1
Received length: 2
Received array:  [63.606557377049214, 60.61946902654866]
    at Object.toHaveLength (/Users/rafaelfontes/Desktop/penny-wise/__tests__/unit/utils/financial-calculations.test.ts:227:19)
    at Promise.then.completed (/Users/rafaelfontes/Desktop/penny-wise/node_modules/jest-circus/build/utils.js:298:28)
    at new Promise (&lt;anonymous&gt;)
    at callAsyncCircusFn (/Users/rafaelfontes/Desktop/penny-wise/node_modules/jest-circus/build/utils.js:231:10)
    at _callCircusTest (/Users/rafaelfontes/Desktop/penny-wise/node_modules/jest-circus/build/run.js:316:40)
    at processTicksAndRejections (node:internal/process/task_queues:105:5)
    at _runTest (/Users/rafaelfontes/Desktop/penny-wise/node_modules/jest-circus/build/run.js:252:3)
    at _runTestsForDescribeBlock (/Users/rafaelfontes/Desktop/penny-wise/node_modules/jest-circus/build/run.js:126:9)
    at _runTestsForDescribeBlock (/Users/rafaelfontes/Desktop/penny-wise/node_modules/jest-circus/build/run.js:121:9)
    at _runTestsForDescribeBlock (/Users/rafaelfontes/Desktop/penny-wise/node_modules/jest-circus/build/run.js:121:9)
    at run (/Users/rafaelfontes/Desktop/penny-wise/node_modules/jest-circus/build/run.js:71:3)
    at runAndTransformResultsToJestFormat (/Users/rafaelfontes/Desktop/penny-wise/node_modules/jest-circus/build/legacy-code-todo-rewrite/jestAdapterInit.js:122:21)
    at jestAdapter (/Users/rafaelfontes/Desktop/penny-wise/node_modules/jest-circus/build/legacy-code-todo-rewrite/jestAdapter.js:79:19)
    at runTestInternal (/Users/rafaelfontes/Desktop/penny-wise/node_modules/jest-runner/build/runTest.js:367:16)
    at runTest (/Users/rafaelfontes/Desktop/penny-wise/node_modules/jest-runner/build/runTest.js:444:34)
    at Object.worker (/Users/rafaelfontes/Desktop/penny-wise/node_modules/jest-runner/build/testWorker.js:106:12)</failure>
    </testcase>
    <testcase classname="Financial Calculations Tests Technical Indicators should calculate Bollinger Bands" name="Financial Calculations Tests Technical Indicators should calculate Bollinger Bands" time="0.001">
    </testcase>
    <testcase classname="Financial Calculations Tests Portfolio Calculations should calculate portfolio weights" name="Financial Calculations Tests Portfolio Calculations should calculate portfolio weights" time="0">
    </testcase>
    <testcase classname="Financial Calculations Tests Portfolio Calculations should calculate portfolio beta" name="Financial Calculations Tests Portfolio Calculations should calculate portfolio beta" time="0">
    </testcase>
    <testcase classname="Financial Calculations Tests Portfolio Calculations should calculate correlation coefficient" name="Financial Calculations Tests Portfolio Calculations should calculate correlation coefficient" time="0">
    </testcase>
    <testcase classname="Financial Calculations Tests Currency and Formatting should format currency values" name="Financial Calculations Tests Currency and Formatting should format currency values" time="0.003">
    </testcase>
    <testcase classname="Financial Calculations Tests Currency and Formatting should format percentage values" name="Financial Calculations Tests Currency and Formatting should format percentage values" time="0">
    </testcase>
    <testcase classname="Financial Calculations Tests Currency and Formatting should format large numbers with suffixes" name="Financial Calculations Tests Currency and Formatting should format large numbers with suffixes" time="0">
    </testcase>
    <testcase classname="Financial Calculations Tests Date and Time Utilities should check if market is open" name="Financial Calculations Tests Date and Time Utilities should check if market is open" time="0">
    </testcase>
    <testcase classname="Financial Calculations Tests Date and Time Utilities should calculate business days between dates" name="Financial Calculations Tests Date and Time Utilities should calculate business days between dates" time="0.001">
      <failure>Error: expect(received).toBe(expected) // Object.is equality

Expected: 5
Received: 4
    at Object.toBe (/Users/rafaelfontes/Desktop/penny-wise/__tests__/unit/utils/financial-calculations.test.ts:454:50)
    at Promise.then.completed (/Users/rafaelfontes/Desktop/penny-wise/node_modules/jest-circus/build/utils.js:298:28)
    at new Promise (&lt;anonymous&gt;)
    at callAsyncCircusFn (/Users/rafaelfontes/Desktop/penny-wise/node_modules/jest-circus/build/utils.js:231:10)
    at _callCircusTest (/Users/rafaelfontes/Desktop/penny-wise/node_modules/jest-circus/build/run.js:316:40)
    at processTicksAndRejections (node:internal/process/task_queues:105:5)
    at _runTest (/Users/rafaelfontes/Desktop/penny-wise/node_modules/jest-circus/build/run.js:252:3)
    at _runTestsForDescribeBlock (/Users/rafaelfontes/Desktop/penny-wise/node_modules/jest-circus/build/run.js:126:9)
    at _runTestsForDescribeBlock (/Users/rafaelfontes/Desktop/penny-wise/node_modules/jest-circus/build/run.js:121:9)
    at _runTestsForDescribeBlock (/Users/rafaelfontes/Desktop/penny-wise/node_modules/jest-circus/build/run.js:121:9)
    at run (/Users/rafaelfontes/Desktop/penny-wise/node_modules/jest-circus/build/run.js:71:3)
    at runAndTransformResultsToJestFormat (/Users/rafaelfontes/Desktop/penny-wise/node_modules/jest-circus/build/legacy-code-todo-rewrite/jestAdapterInit.js:122:21)
    at jestAdapter (/Users/rafaelfontes/Desktop/penny-wise/node_modules/jest-circus/build/legacy-code-todo-rewrite/jestAdapter.js:79:19)
    at runTestInternal (/Users/rafaelfontes/Desktop/penny-wise/node_modules/jest-runner/build/runTest.js:367:16)
    at runTest (/Users/rafaelfontes/Desktop/penny-wise/node_modules/jest-runner/build/runTest.js:444:34)
    at Object.worker (/Users/rafaelfontes/Desktop/penny-wise/node_modules/jest-runner/build/testWorker.js:106:12)</failure>
    </testcase>
    <testcase classname="Financial Calculations Tests Error Handling and Edge Cases should handle empty arrays gracefully" name="Financial Calculations Tests Error Handling and Edge Cases should handle empty arrays gracefully" time="0.001">
    </testcase>
    <testcase classname="Financial Calculations Tests Error Handling and Edge Cases should handle division by zero" name="Financial Calculations Tests Error Handling and Edge Cases should handle division by zero" time="0">
    </testcase>
    <testcase classname="Financial Calculations Tests Error Handling and Edge Cases should handle invalid inputs" name="Financial Calculations Tests Error Handling and Edge Cases should handle invalid inputs" time="0">
    </testcase>
  </testsuite>
  <testsuite name="Data Processing Utilities Comprehensive Tests" errors="0" failures="1" skipped="0" timestamp="2025-06-15T22:06:12" time="0.394" tests="26">
    <testcase classname="Data Processing Utilities Comprehensive Tests Array Processing should chunk arrays into smaller arrays" name="Data Processing Utilities Comprehensive Tests Array Processing should chunk arrays into smaller arrays" time="0.001">
    </testcase>
    <testcase classname="Data Processing Utilities Comprehensive Tests Array Processing should remove duplicates from arrays" name="Data Processing Utilities Comprehensive Tests Array Processing should remove duplicates from arrays" time="0.001">
    </testcase>
    <testcase classname="Data Processing Utilities Comprehensive Tests Array Processing should flatten nested arrays" name="Data Processing Utilities Comprehensive Tests Array Processing should flatten nested arrays" time="0">
    </testcase>
    <testcase classname="Data Processing Utilities Comprehensive Tests Array Processing should group array elements by key" name="Data Processing Utilities Comprehensive Tests Array Processing should group array elements by key" time="0">
    </testcase>
    <testcase classname="Data Processing Utilities Comprehensive Tests Array Processing should sort arrays by multiple criteria" name="Data Processing Utilities Comprehensive Tests Array Processing should sort arrays by multiple criteria" time="0">
    </testcase>
    <testcase classname="Data Processing Utilities Comprehensive Tests Object Processing should deep clone objects" name="Data Processing Utilities Comprehensive Tests Object Processing should deep clone objects" time="0.001">
    </testcase>
    <testcase classname="Data Processing Utilities Comprehensive Tests Object Processing should deep merge objects" name="Data Processing Utilities Comprehensive Tests Object Processing should deep merge objects" time="0">
    </testcase>
    <testcase classname="Data Processing Utilities Comprehensive Tests Object Processing should pick specified keys from object" name="Data Processing Utilities Comprehensive Tests Object Processing should pick specified keys from object" time="0">
    </testcase>
    <testcase classname="Data Processing Utilities Comprehensive Tests Object Processing should omit specified keys from object" name="Data Processing Utilities Comprehensive Tests Object Processing should omit specified keys from object" time="0">
    </testcase>
    <testcase classname="Data Processing Utilities Comprehensive Tests Data Validation should validate stock symbols" name="Data Processing Utilities Comprehensive Tests Data Validation should validate stock symbols" time="0.001">
    </testcase>
    <testcase classname="Data Processing Utilities Comprehensive Tests Data Validation should validate email addresses" name="Data Processing Utilities Comprehensive Tests Data Validation should validate email addresses" time="0">
    </testcase>
    <testcase classname="Data Processing Utilities Comprehensive Tests Data Validation should validate numeric ranges" name="Data Processing Utilities Comprehensive Tests Data Validation should validate numeric ranges" time="0.001">
    </testcase>
    <testcase classname="Data Processing Utilities Comprehensive Tests Data Validation should validate required fields" name="Data Processing Utilities Comprehensive Tests Data Validation should validate required fields" time="0">
    </testcase>
    <testcase classname="Data Processing Utilities Comprehensive Tests Data Transformation should transform quote response" name="Data Processing Utilities Comprehensive Tests Data Transformation should transform quote response" time="0">
    </testcase>
    <testcase classname="Data Processing Utilities Comprehensive Tests Data Transformation should normalize portfolio data" name="Data Processing Utilities Comprehensive Tests Data Transformation should normalize portfolio data" time="0">
    </testcase>
    <testcase classname="Data Processing Utilities Comprehensive Tests Data Transformation should aggregate data by period" name="Data Processing Utilities Comprehensive Tests Data Transformation should aggregate data by period" time="0.001">
    </testcase>
    <testcase classname="Data Processing Utilities Comprehensive Tests Data Filtering and Searching should filter data with multiple criteria" name="Data Processing Utilities Comprehensive Tests Data Filtering and Searching should filter data with multiple criteria" time="0">
    </testcase>
    <testcase classname="Data Processing Utilities Comprehensive Tests Data Filtering and Searching should perform fuzzy search" name="Data Processing Utilities Comprehensive Tests Data Filtering and Searching should perform fuzzy search" time="0.001">
      <failure>Error: expect(received).toContain(expected) // indexOf

Expected value: &quot;Application&quot;
Received array: [&quot;Apple&quot;, &quot;Grape&quot;, &quot;Pineapple&quot;]
    at Object.toContain (/Users/rafaelfontes/Desktop/penny-wise/__tests__/unit/utils/data-processing-comprehensive.test.ts:280:23)
    at Promise.then.completed (/Users/rafaelfontes/Desktop/penny-wise/node_modules/jest-circus/build/utils.js:298:28)
    at new Promise (&lt;anonymous&gt;)
    at callAsyncCircusFn (/Users/rafaelfontes/Desktop/penny-wise/node_modules/jest-circus/build/utils.js:231:10)
    at _callCircusTest (/Users/rafaelfontes/Desktop/penny-wise/node_modules/jest-circus/build/run.js:316:40)
    at processTicksAndRejections (node:internal/process/task_queues:105:5)
    at _runTest (/Users/rafaelfontes/Desktop/penny-wise/node_modules/jest-circus/build/run.js:252:3)
    at _runTestsForDescribeBlock (/Users/rafaelfontes/Desktop/penny-wise/node_modules/jest-circus/build/run.js:126:9)
    at _runTestsForDescribeBlock (/Users/rafaelfontes/Desktop/penny-wise/node_modules/jest-circus/build/run.js:121:9)
    at _runTestsForDescribeBlock (/Users/rafaelfontes/Desktop/penny-wise/node_modules/jest-circus/build/run.js:121:9)
    at run (/Users/rafaelfontes/Desktop/penny-wise/node_modules/jest-circus/build/run.js:71:3)
    at runAndTransformResultsToJestFormat (/Users/rafaelfontes/Desktop/penny-wise/node_modules/jest-circus/build/legacy-code-todo-rewrite/jestAdapterInit.js:122:21)
    at jestAdapter (/Users/rafaelfontes/Desktop/penny-wise/node_modules/jest-circus/build/legacy-code-todo-rewrite/jestAdapter.js:79:19)
    at runTestInternal (/Users/rafaelfontes/Desktop/penny-wise/node_modules/jest-runner/build/runTest.js:367:16)
    at runTest (/Users/rafaelfontes/Desktop/penny-wise/node_modules/jest-runner/build/runTest.js:444:34)
    at Object.worker (/Users/rafaelfontes/Desktop/penny-wise/node_modules/jest-runner/build/testWorker.js:106:12)</failure>
    </testcase>
    <testcase classname="Data Processing Utilities Comprehensive Tests Pagination and Utility should paginate data correctly" name="Data Processing Utilities Comprehensive Tests Pagination and Utility should paginate data correctly" time="0.001">
    </testcase>
    <testcase classname="Data Processing Utilities Comprehensive Tests Performance Utilities should debounce function calls" name="Data Processing Utilities Comprehensive Tests Performance Utilities should debounce function calls" time="0.153">
    </testcase>
    <testcase classname="Data Processing Utilities Comprehensive Tests Performance Utilities should throttle function calls" name="Data Processing Utilities Comprehensive Tests Performance Utilities should throttle function calls" time="0.152">
    </testcase>
    <testcase classname="Data Processing Utilities Comprehensive Tests Performance Utilities should memoize function results" name="Data Processing Utilities Comprehensive Tests Performance Utilities should memoize function results" time="0">
    </testcase>
    <testcase classname="Data Processing Utilities Comprehensive Tests Edge Cases and Error Handling should handle empty arrays and objects" name="Data Processing Utilities Comprehensive Tests Edge Cases and Error Handling should handle empty arrays and objects" time="0">
    </testcase>
    <testcase classname="Data Processing Utilities Comprehensive Tests Edge Cases and Error Handling should handle null and undefined values" name="Data Processing Utilities Comprehensive Tests Edge Cases and Error Handling should handle null and undefined values" time="0.001">
    </testcase>
    <testcase classname="Data Processing Utilities Comprehensive Tests Edge Cases and Error Handling should handle invalid inputs gracefully" name="Data Processing Utilities Comprehensive Tests Edge Cases and Error Handling should handle invalid inputs gracefully" time="0">
    </testcase>
    <testcase classname="Data Processing Utilities Comprehensive Tests Edge Cases and Error Handling should handle large datasets efficiently" name="Data Processing Utilities Comprehensive Tests Edge Cases and Error Handling should handle large datasets efficiently" time="0">
    </testcase>
  </testsuite>
  <testsuite name="Portfolio Analysis Service Tests" errors="0" failures="1" skipped="0" timestamp="2025-06-15T22:06:13" time="0.061" tests="14">
    <testcase classname="Portfolio Analysis Service Tests Portfolio Value Calculations should calculate total portfolio value correctly" name="Portfolio Analysis Service Tests Portfolio Value Calculations should calculate total portfolio value correctly" time="0.001">
    </testcase>
    <testcase classname="Portfolio Analysis Service Tests Portfolio Value Calculations should calculate portfolio weights correctly" name="Portfolio Analysis Service Tests Portfolio Value Calculations should calculate portfolio weights correctly" time="0">
    </testcase>
    <testcase classname="Portfolio Analysis Service Tests Portfolio Value Calculations should handle empty portfolio" name="Portfolio Analysis Service Tests Portfolio Value Calculations should handle empty portfolio" time="0">
    </testcase>
    <testcase classname="Portfolio Analysis Service Tests Risk Calculations should calculate portfolio beta" name="Portfolio Analysis Service Tests Risk Calculations should calculate portfolio beta" time="0.001">
    </testcase>
    <testcase classname="Portfolio Analysis Service Tests Risk Calculations should calculate Sharpe ratio" name="Portfolio Analysis Service Tests Risk Calculations should calculate Sharpe ratio" time="0">
    </testcase>
    <testcase classname="Portfolio Analysis Service Tests Risk Calculations should calculate Value at Risk (VaR)" name="Portfolio Analysis Service Tests Risk Calculations should calculate Value at Risk (VaR)" time="0">
    </testcase>
    <testcase classname="Portfolio Analysis Service Tests Risk Calculations should calculate maximum drawdown" name="Portfolio Analysis Service Tests Risk Calculations should calculate maximum drawdown" time="0">
    </testcase>
    <testcase classname="Portfolio Analysis Service Tests Performance Analysis should analyze portfolio performance comprehensively" name="Portfolio Analysis Service Tests Performance Analysis should analyze portfolio performance comprehensively" time="0.001">
    </testcase>
    <testcase classname="Portfolio Analysis Service Tests Performance Analysis should generate comprehensive portfolio report" name="Portfolio Analysis Service Tests Performance Analysis should generate comprehensive portfolio report" time="0">
    </testcase>
    <testcase classname="Portfolio Analysis Service Tests Portfolio Optimization should optimize portfolio allocation" name="Portfolio Analysis Service Tests Portfolio Optimization should optimize portfolio allocation" time="0.003">
      <failure>Error: expect(received).toBe(expected) // Object.is equality

Expected: true
Received: false
    at Object.toBe (/Users/rafaelfontes/Desktop/penny-wise/__tests__/unit/services/portfolio-analysis.test.ts:347:97)
    at Promise.then.completed (/Users/rafaelfontes/Desktop/penny-wise/node_modules/jest-circus/build/utils.js:298:28)
    at new Promise (&lt;anonymous&gt;)
    at callAsyncCircusFn (/Users/rafaelfontes/Desktop/penny-wise/node_modules/jest-circus/build/utils.js:231:10)
    at _callCircusTest (/Users/rafaelfontes/Desktop/penny-wise/node_modules/jest-circus/build/run.js:316:40)
    at processTicksAndRejections (node:internal/process/task_queues:105:5)
    at _runTest (/Users/rafaelfontes/Desktop/penny-wise/node_modules/jest-circus/build/run.js:252:3)
    at _runTestsForDescribeBlock (/Users/rafaelfontes/Desktop/penny-wise/node_modules/jest-circus/build/run.js:126:9)
    at _runTestsForDescribeBlock (/Users/rafaelfontes/Desktop/penny-wise/node_modules/jest-circus/build/run.js:121:9)
    at _runTestsForDescribeBlock (/Users/rafaelfontes/Desktop/penny-wise/node_modules/jest-circus/build/run.js:121:9)
    at run (/Users/rafaelfontes/Desktop/penny-wise/node_modules/jest-circus/build/run.js:71:3)
    at runAndTransformResultsToJestFormat (/Users/rafaelfontes/Desktop/penny-wise/node_modules/jest-circus/build/legacy-code-todo-rewrite/jestAdapterInit.js:122:21)
    at jestAdapter (/Users/rafaelfontes/Desktop/penny-wise/node_modules/jest-circus/build/legacy-code-todo-rewrite/jestAdapter.js:79:19)
    at runTestInternal (/Users/rafaelfontes/Desktop/penny-wise/node_modules/jest-runner/build/runTest.js:367:16)
    at runTest (/Users/rafaelfontes/Desktop/penny-wise/node_modules/jest-runner/build/runTest.js:444:34)
    at Object.worker (/Users/rafaelfontes/Desktop/penny-wise/node_modules/jest-runner/build/testWorker.js:106:12)</failure>
    </testcase>
    <testcase classname="Portfolio Analysis Service Tests Portfolio Optimization should suggest portfolio rebalancing" name="Portfolio Analysis Service Tests Portfolio Optimization should suggest portfolio rebalancing" time="0.001">
    </testcase>
    <testcase classname="Portfolio Analysis Service Tests Error Handling should handle invalid portfolio data" name="Portfolio Analysis Service Tests Error Handling should handle invalid portfolio data" time="0">
    </testcase>
    <testcase classname="Portfolio Analysis Service Tests Error Handling should handle missing price data" name="Portfolio Analysis Service Tests Error Handling should handle missing price data" time="0">
    </testcase>
    <testcase classname="Portfolio Analysis Service Tests Error Handling should handle division by zero in calculations" name="Portfolio Analysis Service Tests Error Handling should handle division by zero in calculations" time="0.002">
    </testcase>
  </testsuite>
  <testsuite name="Chat Market Integration Service Tests" errors="0" failures="1" skipped="0" timestamp="2025-06-15T22:06:13" time="0.069" tests="17">
    <testcase classname="Chat Market Integration Service Tests Message Processing should process market-related messages correctly" name="Chat Market Integration Service Tests Message Processing should process market-related messages correctly" time="0.001">
    </testcase>
    <testcase classname="Chat Market Integration Service Tests Message Processing should handle complex market analysis requests" name="Chat Market Integration Service Tests Message Processing should handle complex market analysis requests" time="0">
    </testcase>
    <testcase classname="Chat Market Integration Service Tests Message Processing should handle non-market messages appropriately" name="Chat Market Integration Service Tests Message Processing should handle non-market messages appropriately" time="0.001">
    </testcase>
    <testcase classname="Chat Market Integration Service Tests Command Execution should execute quote command successfully" name="Chat Market Integration Service Tests Command Execution should execute quote command successfully" time="0">
    </testcase>
    <testcase classname="Chat Market Integration Service Tests Command Execution should execute analysis command with technical indicators" name="Chat Market Integration Service Tests Command Execution should execute analysis command with technical indicators" time="0.001">
    </testcase>
    <testcase classname="Chat Market Integration Service Tests Command Execution should handle command execution errors gracefully" name="Chat Market Integration Service Tests Command Execution should handle command execution errors gracefully" time="0">
    </testcase>
    <testcase classname="Chat Market Integration Service Tests Market Context Management should maintain conversation context with market data" name="Chat Market Integration Service Tests Market Context Management should maintain conversation context with market data" time="0">
    </testcase>
    <testcase classname="Chat Market Integration Service Tests Market Context Management should update context with new market interactions" name="Chat Market Integration Service Tests Market Context Management should update context with new market interactions" time="0">
    </testcase>
    <testcase classname="Chat Market Integration Service Tests Market Context Management should provide context-aware suggestions" name="Chat Market Integration Service Tests Market Context Management should provide context-aware suggestions" time="0.001">
    </testcase>
    <testcase classname="Chat Market Integration Service Tests Data Formatting and Response Generation should format market data for chat responses" name="Chat Market Integration Service Tests Data Formatting and Response Generation should format market data for chat responses" time="0.003">
    </testcase>
    <testcase classname="Chat Market Integration Service Tests Data Formatting and Response Generation should generate insights from market data" name="Chat Market Integration Service Tests Data Formatting and Response Generation should generate insights from market data" time="0">
      <failure>Error: expect(received).toHaveLength(expected)

Expected length: 4
Received length: 3
Received array:  [{&quot;message&quot;: &quot;TSLA is experiencing significant losses of 3.25%&quot;, &quot;severity&quot;: &quot;high&quot;, &quot;type&quot;: &quot;significant_movement&quot;}, {&quot;message&quot;: &quot;Trading volume is 89% above average, indicating increased interest&quot;, &quot;severity&quot;: &quot;medium&quot;, &quot;type&quot;: &quot;high_volume&quot;}, {&quot;message&quot;: &quot;High beta of 2.1 indicates this stock is more volatile than the market&quot;, &quot;severity&quot;: &quot;low&quot;, &quot;type&quot;: &quot;high_volatility&quot;}]
    at Object.toHaveLength (/Users/rafaelfontes/Desktop/penny-wise/__tests__/unit/services/chat-market-integration.test.ts:493:24)
    at Promise.then.completed (/Users/rafaelfontes/Desktop/penny-wise/node_modules/jest-circus/build/utils.js:298:28)
    at new Promise (&lt;anonymous&gt;)
    at callAsyncCircusFn (/Users/rafaelfontes/Desktop/penny-wise/node_modules/jest-circus/build/utils.js:231:10)
    at _callCircusTest (/Users/rafaelfontes/Desktop/penny-wise/node_modules/jest-circus/build/run.js:316:40)
    at processTicksAndRejections (node:internal/process/task_queues:105:5)
    at _runTest (/Users/rafaelfontes/Desktop/penny-wise/node_modules/jest-circus/build/run.js:252:3)
    at _runTestsForDescribeBlock (/Users/rafaelfontes/Desktop/penny-wise/node_modules/jest-circus/build/run.js:126:9)
    at _runTestsForDescribeBlock (/Users/rafaelfontes/Desktop/penny-wise/node_modules/jest-circus/build/run.js:121:9)
    at _runTestsForDescribeBlock (/Users/rafaelfontes/Desktop/penny-wise/node_modules/jest-circus/build/run.js:121:9)
    at run (/Users/rafaelfontes/Desktop/penny-wise/node_modules/jest-circus/build/run.js:71:3)
    at runAndTransformResultsToJestFormat (/Users/rafaelfontes/Desktop/penny-wise/node_modules/jest-circus/build/legacy-code-todo-rewrite/jestAdapterInit.js:122:21)
    at jestAdapter (/Users/rafaelfontes/Desktop/penny-wise/node_modules/jest-circus/build/legacy-code-todo-rewrite/jestAdapter.js:79:19)
    at runTestInternal (/Users/rafaelfontes/Desktop/penny-wise/node_modules/jest-runner/build/runTest.js:367:16)
    at runTest (/Users/rafaelfontes/Desktop/penny-wise/node_modules/jest-runner/build/runTest.js:444:34)
    at Object.worker (/Users/rafaelfontes/Desktop/penny-wise/node_modules/jest-runner/build/testWorker.js:106:12)</failure>
    </testcase>
    <testcase classname="Chat Market Integration Service Tests Streaming and Real-time Updates should handle streaming market data responses" name="Chat Market Integration Service Tests Streaming and Real-time Updates should handle streaming market data responses" time="0">
    </testcase>
    <testcase classname="Chat Market Integration Service Tests Streaming and Real-time Updates should manage multiple concurrent streams" name="Chat Market Integration Service Tests Streaming and Real-time Updates should manage multiple concurrent streams" time="0">
    </testcase>
    <testcase classname="Chat Market Integration Service Tests Caching and Performance should cache frequently requested market data" name="Chat Market Integration Service Tests Caching and Performance should cache frequently requested market data" time="0.001">
    </testcase>
    <testcase classname="Chat Market Integration Service Tests Caching and Performance should handle cache misses and refresh data" name="Chat Market Integration Service Tests Caching and Performance should handle cache misses and refresh data" time="0">
    </testcase>
    <testcase classname="Chat Market Integration Service Tests Error Handling and Resilience should handle API failures gracefully" name="Chat Market Integration Service Tests Error Handling and Resilience should handle API failures gracefully" time="0">
    </testcase>
    <testcase classname="Chat Market Integration Service Tests Error Handling and Resilience should implement retry logic for transient failures" name="Chat Market Integration Service Tests Error Handling and Resilience should implement retry logic for transient failures" time="0">
    </testcase>
  </testsuite>
  <testsuite name="API Validation Tests - Comprehensive" errors="0" failures="24" skipped="0" timestamp="2025-06-15T22:06:12" time="0.258" tests="42">
    <testcase classname="API Validation Tests - Comprehensive Stock Symbol Validation should validate US stock symbols" name="API Validation Tests - Comprehensive Stock Symbol Validation should validate US stock symbols" time="0">
      <failure>TypeError: (0 , _apivalidation.validateStockSymbol) is not a function
    at Object.&lt;anonymous&gt; (/Users/rafaelfontes/Desktop/penny-wise/__tests__/unit/utils/api-validation-comprehensive.test.ts:28:33)
    at Promise.then.completed (/Users/rafaelfontes/Desktop/penny-wise/node_modules/jest-circus/build/utils.js:298:28)
    at new Promise (&lt;anonymous&gt;)
    at callAsyncCircusFn (/Users/rafaelfontes/Desktop/penny-wise/node_modules/jest-circus/build/utils.js:231:10)
    at _callCircusTest (/Users/rafaelfontes/Desktop/penny-wise/node_modules/jest-circus/build/run.js:316:40)
    at processTicksAndRejections (node:internal/process/task_queues:105:5)
    at _runTest (/Users/rafaelfontes/Desktop/penny-wise/node_modules/jest-circus/build/run.js:252:3)
    at _runTestsForDescribeBlock (/Users/rafaelfontes/Desktop/penny-wise/node_modules/jest-circus/build/run.js:126:9)
    at _runTestsForDescribeBlock (/Users/rafaelfontes/Desktop/penny-wise/node_modules/jest-circus/build/run.js:121:9)
    at _runTestsForDescribeBlock (/Users/rafaelfontes/Desktop/penny-wise/node_modules/jest-circus/build/run.js:121:9)
    at run (/Users/rafaelfontes/Desktop/penny-wise/node_modules/jest-circus/build/run.js:71:3)
    at runAndTransformResultsToJestFormat (/Users/rafaelfontes/Desktop/penny-wise/node_modules/jest-circus/build/legacy-code-todo-rewrite/jestAdapterInit.js:122:21)
    at jestAdapter (/Users/rafaelfontes/Desktop/penny-wise/node_modules/jest-circus/build/legacy-code-todo-rewrite/jestAdapter.js:79:19)
    at runTestInternal (/Users/rafaelfontes/Desktop/penny-wise/node_modules/jest-runner/build/runTest.js:367:16)
    at runTest (/Users/rafaelfontes/Desktop/penny-wise/node_modules/jest-runner/build/runTest.js:444:34)
    at Object.worker (/Users/rafaelfontes/Desktop/penny-wise/node_modules/jest-runner/build/testWorker.js:106:12)</failure>
    </testcase>
    <testcase classname="API Validation Tests - Comprehensive Stock Symbol Validation should validate Brazilian stock symbols" name="API Validation Tests - Comprehensive Stock Symbol Validation should validate Brazilian stock symbols" time="0.001">
      <failure>TypeError: (0 , _apivalidation.validateStockSymbol) is not a function
    at Object.&lt;anonymous&gt; (/Users/rafaelfontes/Desktop/penny-wise/__tests__/unit/utils/api-validation-comprehensive.test.ts:36:33)
    at Promise.then.completed (/Users/rafaelfontes/Desktop/penny-wise/node_modules/jest-circus/build/utils.js:298:28)
    at new Promise (&lt;anonymous&gt;)
    at callAsyncCircusFn (/Users/rafaelfontes/Desktop/penny-wise/node_modules/jest-circus/build/utils.js:231:10)
    at _callCircusTest (/Users/rafaelfontes/Desktop/penny-wise/node_modules/jest-circus/build/run.js:316:40)
    at processTicksAndRejections (node:internal/process/task_queues:105:5)
    at _runTest (/Users/rafaelfontes/Desktop/penny-wise/node_modules/jest-circus/build/run.js:252:3)
    at _runTestsForDescribeBlock (/Users/rafaelfontes/Desktop/penny-wise/node_modules/jest-circus/build/run.js:126:9)
    at _runTestsForDescribeBlock (/Users/rafaelfontes/Desktop/penny-wise/node_modules/jest-circus/build/run.js:121:9)
    at _runTestsForDescribeBlock (/Users/rafaelfontes/Desktop/penny-wise/node_modules/jest-circus/build/run.js:121:9)
    at run (/Users/rafaelfontes/Desktop/penny-wise/node_modules/jest-circus/build/run.js:71:3)
    at runAndTransformResultsToJestFormat (/Users/rafaelfontes/Desktop/penny-wise/node_modules/jest-circus/build/legacy-code-todo-rewrite/jestAdapterInit.js:122:21)
    at jestAdapter (/Users/rafaelfontes/Desktop/penny-wise/node_modules/jest-circus/build/legacy-code-todo-rewrite/jestAdapter.js:79:19)
    at runTestInternal (/Users/rafaelfontes/Desktop/penny-wise/node_modules/jest-runner/build/runTest.js:367:16)
    at runTest (/Users/rafaelfontes/Desktop/penny-wise/node_modules/jest-runner/build/runTest.js:444:34)
    at Object.worker (/Users/rafaelfontes/Desktop/penny-wise/node_modules/jest-runner/build/testWorker.js:106:12)</failure>
    </testcase>
    <testcase classname="API Validation Tests - Comprehensive Stock Symbol Validation should reject invalid stock symbols" name="API Validation Tests - Comprehensive Stock Symbol Validation should reject invalid stock symbols" time="0">
      <failure>TypeError: (0 , _apivalidation.validateStockSymbol) is not a function
    at Object.&lt;anonymous&gt; (/Users/rafaelfontes/Desktop/penny-wise/__tests__/unit/utils/api-validation-comprehensive.test.ts:44:33)
    at Promise.then.completed (/Users/rafaelfontes/Desktop/penny-wise/node_modules/jest-circus/build/utils.js:298:28)
    at new Promise (&lt;anonymous&gt;)
    at callAsyncCircusFn (/Users/rafaelfontes/Desktop/penny-wise/node_modules/jest-circus/build/utils.js:231:10)
    at _callCircusTest (/Users/rafaelfontes/Desktop/penny-wise/node_modules/jest-circus/build/run.js:316:40)
    at processTicksAndRejections (node:internal/process/task_queues:105:5)
    at _runTest (/Users/rafaelfontes/Desktop/penny-wise/node_modules/jest-circus/build/run.js:252:3)
    at _runTestsForDescribeBlock (/Users/rafaelfontes/Desktop/penny-wise/node_modules/jest-circus/build/run.js:126:9)
    at _runTestsForDescribeBlock (/Users/rafaelfontes/Desktop/penny-wise/node_modules/jest-circus/build/run.js:121:9)
    at _runTestsForDescribeBlock (/Users/rafaelfontes/Desktop/penny-wise/node_modules/jest-circus/build/run.js:121:9)
    at run (/Users/rafaelfontes/Desktop/penny-wise/node_modules/jest-circus/build/run.js:71:3)
    at runAndTransformResultsToJestFormat (/Users/rafaelfontes/Desktop/penny-wise/node_modules/jest-circus/build/legacy-code-todo-rewrite/jestAdapterInit.js:122:21)
    at jestAdapter (/Users/rafaelfontes/Desktop/penny-wise/node_modules/jest-circus/build/legacy-code-todo-rewrite/jestAdapter.js:79:19)
    at runTestInternal (/Users/rafaelfontes/Desktop/penny-wise/node_modules/jest-runner/build/runTest.js:367:16)
    at runTest (/Users/rafaelfontes/Desktop/penny-wise/node_modules/jest-runner/build/runTest.js:444:34)
    at Object.worker (/Users/rafaelfontes/Desktop/penny-wise/node_modules/jest-runner/build/testWorker.js:106:12)</failure>
    </testcase>
    <testcase classname="API Validation Tests - Comprehensive Stock Symbol Validation should handle edge cases" name="API Validation Tests - Comprehensive Stock Symbol Validation should handle edge cases" time="0.001">
      <failure>TypeError: (0 , _apivalidation.validateStockSymbol) is not a function
    at Object.&lt;anonymous&gt; (/Users/rafaelfontes/Desktop/penny-wise/__tests__/unit/utils/api-validation-comprehensive.test.ts:53:33)
    at Promise.then.completed (/Users/rafaelfontes/Desktop/penny-wise/node_modules/jest-circus/build/utils.js:298:28)
    at new Promise (&lt;anonymous&gt;)
    at callAsyncCircusFn (/Users/rafaelfontes/Desktop/penny-wise/node_modules/jest-circus/build/utils.js:231:10)
    at _callCircusTest (/Users/rafaelfontes/Desktop/penny-wise/node_modules/jest-circus/build/run.js:316:40)
    at processTicksAndRejections (node:internal/process/task_queues:105:5)
    at _runTest (/Users/rafaelfontes/Desktop/penny-wise/node_modules/jest-circus/build/run.js:252:3)
    at _runTestsForDescribeBlock (/Users/rafaelfontes/Desktop/penny-wise/node_modules/jest-circus/build/run.js:126:9)
    at _runTestsForDescribeBlock (/Users/rafaelfontes/Desktop/penny-wise/node_modules/jest-circus/build/run.js:121:9)
    at _runTestsForDescribeBlock (/Users/rafaelfontes/Desktop/penny-wise/node_modules/jest-circus/build/run.js:121:9)
    at run (/Users/rafaelfontes/Desktop/penny-wise/node_modules/jest-circus/build/run.js:71:3)
    at runAndTransformResultsToJestFormat (/Users/rafaelfontes/Desktop/penny-wise/node_modules/jest-circus/build/legacy-code-todo-rewrite/jestAdapterInit.js:122:21)
    at jestAdapter (/Users/rafaelfontes/Desktop/penny-wise/node_modules/jest-circus/build/legacy-code-todo-rewrite/jestAdapter.js:79:19)
    at runTestInternal (/Users/rafaelfontes/Desktop/penny-wise/node_modules/jest-runner/build/runTest.js:367:16)
    at runTest (/Users/rafaelfontes/Desktop/penny-wise/node_modules/jest-runner/build/runTest.js:444:34)
    at Object.worker (/Users/rafaelfontes/Desktop/penny-wise/node_modules/jest-runner/build/testWorker.js:106:12)</failure>
    </testcase>
    <testcase classname="API Validation Tests - Comprehensive Email Validation should validate correct email formats" name="API Validation Tests - Comprehensive Email Validation should validate correct email formats" time="0.001">
      <failure>TypeError: (0 , _apivalidation.validateEmail) is not a function
    at Object.&lt;anonymous&gt; (/Users/rafaelfontes/Desktop/penny-wise/__tests__/unit/utils/api-validation-comprehensive.test.ts:62:27)
    at Promise.then.completed (/Users/rafaelfontes/Desktop/penny-wise/node_modules/jest-circus/build/utils.js:298:28)
    at new Promise (&lt;anonymous&gt;)
    at callAsyncCircusFn (/Users/rafaelfontes/Desktop/penny-wise/node_modules/jest-circus/build/utils.js:231:10)
    at _callCircusTest (/Users/rafaelfontes/Desktop/penny-wise/node_modules/jest-circus/build/run.js:316:40)
    at processTicksAndRejections (node:internal/process/task_queues:105:5)
    at _runTest (/Users/rafaelfontes/Desktop/penny-wise/node_modules/jest-circus/build/run.js:252:3)
    at _runTestsForDescribeBlock (/Users/rafaelfontes/Desktop/penny-wise/node_modules/jest-circus/build/run.js:126:9)
    at _runTestsForDescribeBlock (/Users/rafaelfontes/Desktop/penny-wise/node_modules/jest-circus/build/run.js:121:9)
    at _runTestsForDescribeBlock (/Users/rafaelfontes/Desktop/penny-wise/node_modules/jest-circus/build/run.js:121:9)
    at run (/Users/rafaelfontes/Desktop/penny-wise/node_modules/jest-circus/build/run.js:71:3)
    at runAndTransformResultsToJestFormat (/Users/rafaelfontes/Desktop/penny-wise/node_modules/jest-circus/build/legacy-code-todo-rewrite/jestAdapterInit.js:122:21)
    at jestAdapter (/Users/rafaelfontes/Desktop/penny-wise/node_modules/jest-circus/build/legacy-code-todo-rewrite/jestAdapter.js:79:19)
    at runTestInternal (/Users/rafaelfontes/Desktop/penny-wise/node_modules/jest-runner/build/runTest.js:367:16)
    at runTest (/Users/rafaelfontes/Desktop/penny-wise/node_modules/jest-runner/build/runTest.js:444:34)
    at Object.worker (/Users/rafaelfontes/Desktop/penny-wise/node_modules/jest-runner/build/testWorker.js:106:12)</failure>
    </testcase>
    <testcase classname="API Validation Tests - Comprehensive Email Validation should reject invalid email formats" name="API Validation Tests - Comprehensive Email Validation should reject invalid email formats" time="0">
      <failure>TypeError: (0 , _apivalidation.validateEmail) is not a function
    at Object.&lt;anonymous&gt; (/Users/rafaelfontes/Desktop/penny-wise/__tests__/unit/utils/api-validation-comprehensive.test.ts:70:27)
    at Promise.then.completed (/Users/rafaelfontes/Desktop/penny-wise/node_modules/jest-circus/build/utils.js:298:28)
    at new Promise (&lt;anonymous&gt;)
    at callAsyncCircusFn (/Users/rafaelfontes/Desktop/penny-wise/node_modules/jest-circus/build/utils.js:231:10)
    at _callCircusTest (/Users/rafaelfontes/Desktop/penny-wise/node_modules/jest-circus/build/run.js:316:40)
    at processTicksAndRejections (node:internal/process/task_queues:105:5)
    at _runTest (/Users/rafaelfontes/Desktop/penny-wise/node_modules/jest-circus/build/run.js:252:3)
    at _runTestsForDescribeBlock (/Users/rafaelfontes/Desktop/penny-wise/node_modules/jest-circus/build/run.js:126:9)
    at _runTestsForDescribeBlock (/Users/rafaelfontes/Desktop/penny-wise/node_modules/jest-circus/build/run.js:121:9)
    at _runTestsForDescribeBlock (/Users/rafaelfontes/Desktop/penny-wise/node_modules/jest-circus/build/run.js:121:9)
    at run (/Users/rafaelfontes/Desktop/penny-wise/node_modules/jest-circus/build/run.js:71:3)
    at runAndTransformResultsToJestFormat (/Users/rafaelfontes/Desktop/penny-wise/node_modules/jest-circus/build/legacy-code-todo-rewrite/jestAdapterInit.js:122:21)
    at jestAdapter (/Users/rafaelfontes/Desktop/penny-wise/node_modules/jest-circus/build/legacy-code-todo-rewrite/jestAdapter.js:79:19)
    at runTestInternal (/Users/rafaelfontes/Desktop/penny-wise/node_modules/jest-runner/build/runTest.js:367:16)
    at runTest (/Users/rafaelfontes/Desktop/penny-wise/node_modules/jest-runner/build/runTest.js:444:34)
    at Object.worker (/Users/rafaelfontes/Desktop/penny-wise/node_modules/jest-runner/build/testWorker.js:106:12)</failure>
    </testcase>
    <testcase classname="API Validation Tests - Comprehensive Email Validation should handle special cases" name="API Validation Tests - Comprehensive Email Validation should handle special cases" time="0">
      <failure>TypeError: (0 , _apivalidation.validateEmail) is not a function
    at Object.&lt;anonymous&gt; (/Users/rafaelfontes/Desktop/penny-wise/__tests__/unit/utils/api-validation-comprehensive.test.ts:80:27)
    at Promise.then.completed (/Users/rafaelfontes/Desktop/penny-wise/node_modules/jest-circus/build/utils.js:298:28)
    at new Promise (&lt;anonymous&gt;)
    at callAsyncCircusFn (/Users/rafaelfontes/Desktop/penny-wise/node_modules/jest-circus/build/utils.js:231:10)
    at _callCircusTest (/Users/rafaelfontes/Desktop/penny-wise/node_modules/jest-circus/build/run.js:316:40)
    at processTicksAndRejections (node:internal/process/task_queues:105:5)
    at _runTest (/Users/rafaelfontes/Desktop/penny-wise/node_modules/jest-circus/build/run.js:252:3)
    at _runTestsForDescribeBlock (/Users/rafaelfontes/Desktop/penny-wise/node_modules/jest-circus/build/run.js:126:9)
    at _runTestsForDescribeBlock (/Users/rafaelfontes/Desktop/penny-wise/node_modules/jest-circus/build/run.js:121:9)
    at _runTestsForDescribeBlock (/Users/rafaelfontes/Desktop/penny-wise/node_modules/jest-circus/build/run.js:121:9)
    at run (/Users/rafaelfontes/Desktop/penny-wise/node_modules/jest-circus/build/run.js:71:3)
    at runAndTransformResultsToJestFormat (/Users/rafaelfontes/Desktop/penny-wise/node_modules/jest-circus/build/legacy-code-todo-rewrite/jestAdapterInit.js:122:21)
    at jestAdapter (/Users/rafaelfontes/Desktop/penny-wise/node_modules/jest-circus/build/legacy-code-todo-rewrite/jestAdapter.js:79:19)
    at runTestInternal (/Users/rafaelfontes/Desktop/penny-wise/node_modules/jest-runner/build/runTest.js:367:16)
    at runTest (/Users/rafaelfontes/Desktop/penny-wise/node_modules/jest-runner/build/runTest.js:444:34)
    at Object.worker (/Users/rafaelfontes/Desktop/penny-wise/node_modules/jest-runner/build/testWorker.js:106:12)</failure>
    </testcase>
    <testcase classname="API Validation Tests - Comprehensive Password Validation should validate strong passwords" name="API Validation Tests - Comprehensive Password Validation should validate strong passwords" time="0">
      <failure>TypeError: (0 , _apivalidation.validatePassword) is not a function
    at Object.&lt;anonymous&gt; (/Users/rafaelfontes/Desktop/penny-wise/__tests__/unit/utils/api-validation-comprehensive.test.ts:89:30)
    at Promise.then.completed (/Users/rafaelfontes/Desktop/penny-wise/node_modules/jest-circus/build/utils.js:298:28)
    at new Promise (&lt;anonymous&gt;)
    at callAsyncCircusFn (/Users/rafaelfontes/Desktop/penny-wise/node_modules/jest-circus/build/utils.js:231:10)
    at _callCircusTest (/Users/rafaelfontes/Desktop/penny-wise/node_modules/jest-circus/build/run.js:316:40)
    at processTicksAndRejections (node:internal/process/task_queues:105:5)
    at _runTest (/Users/rafaelfontes/Desktop/penny-wise/node_modules/jest-circus/build/run.js:252:3)
    at _runTestsForDescribeBlock (/Users/rafaelfontes/Desktop/penny-wise/node_modules/jest-circus/build/run.js:126:9)
    at _runTestsForDescribeBlock (/Users/rafaelfontes/Desktop/penny-wise/node_modules/jest-circus/build/run.js:121:9)
    at _runTestsForDescribeBlock (/Users/rafaelfontes/Desktop/penny-wise/node_modules/jest-circus/build/run.js:121:9)
    at run (/Users/rafaelfontes/Desktop/penny-wise/node_modules/jest-circus/build/run.js:71:3)
    at runAndTransformResultsToJestFormat (/Users/rafaelfontes/Desktop/penny-wise/node_modules/jest-circus/build/legacy-code-todo-rewrite/jestAdapterInit.js:122:21)
    at jestAdapter (/Users/rafaelfontes/Desktop/penny-wise/node_modules/jest-circus/build/legacy-code-todo-rewrite/jestAdapter.js:79:19)
    at runTestInternal (/Users/rafaelfontes/Desktop/penny-wise/node_modules/jest-runner/build/runTest.js:367:16)
    at runTest (/Users/rafaelfontes/Desktop/penny-wise/node_modules/jest-runner/build/runTest.js:444:34)
    at Object.worker (/Users/rafaelfontes/Desktop/penny-wise/node_modules/jest-runner/build/testWorker.js:106:12)</failure>
    </testcase>
    <testcase classname="API Validation Tests - Comprehensive Password Validation should reject weak passwords" name="API Validation Tests - Comprehensive Password Validation should reject weak passwords" time="0.001">
      <failure>TypeError: (0 , _apivalidation.validatePassword) is not a function
    at Object.&lt;anonymous&gt; (/Users/rafaelfontes/Desktop/penny-wise/__tests__/unit/utils/api-validation-comprehensive.test.ts:96:30)
    at Promise.then.completed (/Users/rafaelfontes/Desktop/penny-wise/node_modules/jest-circus/build/utils.js:298:28)
    at new Promise (&lt;anonymous&gt;)
    at callAsyncCircusFn (/Users/rafaelfontes/Desktop/penny-wise/node_modules/jest-circus/build/utils.js:231:10)
    at _callCircusTest (/Users/rafaelfontes/Desktop/penny-wise/node_modules/jest-circus/build/run.js:316:40)
    at processTicksAndRejections (node:internal/process/task_queues:105:5)
    at _runTest (/Users/rafaelfontes/Desktop/penny-wise/node_modules/jest-circus/build/run.js:252:3)
    at _runTestsForDescribeBlock (/Users/rafaelfontes/Desktop/penny-wise/node_modules/jest-circus/build/run.js:126:9)
    at _runTestsForDescribeBlock (/Users/rafaelfontes/Desktop/penny-wise/node_modules/jest-circus/build/run.js:121:9)
    at _runTestsForDescribeBlock (/Users/rafaelfontes/Desktop/penny-wise/node_modules/jest-circus/build/run.js:121:9)
    at run (/Users/rafaelfontes/Desktop/penny-wise/node_modules/jest-circus/build/run.js:71:3)
    at runAndTransformResultsToJestFormat (/Users/rafaelfontes/Desktop/penny-wise/node_modules/jest-circus/build/legacy-code-todo-rewrite/jestAdapterInit.js:122:21)
    at jestAdapter (/Users/rafaelfontes/Desktop/penny-wise/node_modules/jest-circus/build/legacy-code-todo-rewrite/jestAdapter.js:79:19)
    at runTestInternal (/Users/rafaelfontes/Desktop/penny-wise/node_modules/jest-runner/build/runTest.js:367:16)
    at runTest (/Users/rafaelfontes/Desktop/penny-wise/node_modules/jest-runner/build/runTest.js:444:34)
    at Object.worker (/Users/rafaelfontes/Desktop/penny-wise/node_modules/jest-runner/build/testWorker.js:106:12)</failure>
    </testcase>
    <testcase classname="API Validation Tests - Comprehensive Password Validation should handle edge cases" name="API Validation Tests - Comprehensive Password Validation should handle edge cases" time="0">
      <failure>TypeError: (0 , _apivalidation.validatePassword) is not a function
    at Object.&lt;anonymous&gt; (/Users/rafaelfontes/Desktop/penny-wise/__tests__/unit/utils/api-validation-comprehensive.test.ts:105:30)
    at Promise.then.completed (/Users/rafaelfontes/Desktop/penny-wise/node_modules/jest-circus/build/utils.js:298:28)
    at new Promise (&lt;anonymous&gt;)
    at callAsyncCircusFn (/Users/rafaelfontes/Desktop/penny-wise/node_modules/jest-circus/build/utils.js:231:10)
    at _callCircusTest (/Users/rafaelfontes/Desktop/penny-wise/node_modules/jest-circus/build/run.js:316:40)
    at processTicksAndRejections (node:internal/process/task_queues:105:5)
    at _runTest (/Users/rafaelfontes/Desktop/penny-wise/node_modules/jest-circus/build/run.js:252:3)
    at _runTestsForDescribeBlock (/Users/rafaelfontes/Desktop/penny-wise/node_modules/jest-circus/build/run.js:126:9)
    at _runTestsForDescribeBlock (/Users/rafaelfontes/Desktop/penny-wise/node_modules/jest-circus/build/run.js:121:9)
    at _runTestsForDescribeBlock (/Users/rafaelfontes/Desktop/penny-wise/node_modules/jest-circus/build/run.js:121:9)
    at run (/Users/rafaelfontes/Desktop/penny-wise/node_modules/jest-circus/build/run.js:71:3)
    at runAndTransformResultsToJestFormat (/Users/rafaelfontes/Desktop/penny-wise/node_modules/jest-circus/build/legacy-code-todo-rewrite/jestAdapterInit.js:122:21)
    at jestAdapter (/Users/rafaelfontes/Desktop/penny-wise/node_modules/jest-circus/build/legacy-code-todo-rewrite/jestAdapter.js:79:19)
    at runTestInternal (/Users/rafaelfontes/Desktop/penny-wise/node_modules/jest-runner/build/runTest.js:367:16)
    at runTest (/Users/rafaelfontes/Desktop/penny-wise/node_modules/jest-runner/build/runTest.js:444:34)
    at Object.worker (/Users/rafaelfontes/Desktop/penny-wise/node_modules/jest-runner/build/testWorker.js:106:12)</failure>
    </testcase>
    <testcase classname="API Validation Tests - Comprehensive Portfolio Data Validation should validate correct portfolio data" name="API Validation Tests - Comprehensive Portfolio Data Validation should validate correct portfolio data" time="0">
      <failure>TypeError: (0 , _apivalidation.validatePortfolioData) is not a function
    at Object.&lt;anonymous&gt; (/Users/rafaelfontes/Desktop/penny-wise/__tests__/unit/utils/api-validation-comprehensive.test.ts:124:35)
    at Promise.then.completed (/Users/rafaelfontes/Desktop/penny-wise/node_modules/jest-circus/build/utils.js:298:28)
    at new Promise (&lt;anonymous&gt;)
    at callAsyncCircusFn (/Users/rafaelfontes/Desktop/penny-wise/node_modules/jest-circus/build/utils.js:231:10)
    at _callCircusTest (/Users/rafaelfontes/Desktop/penny-wise/node_modules/jest-circus/build/run.js:316:40)
    at processTicksAndRejections (node:internal/process/task_queues:105:5)
    at _runTest (/Users/rafaelfontes/Desktop/penny-wise/node_modules/jest-circus/build/run.js:252:3)
    at _runTestsForDescribeBlock (/Users/rafaelfontes/Desktop/penny-wise/node_modules/jest-circus/build/run.js:126:9)
    at _runTestsForDescribeBlock (/Users/rafaelfontes/Desktop/penny-wise/node_modules/jest-circus/build/run.js:121:9)
    at _runTestsForDescribeBlock (/Users/rafaelfontes/Desktop/penny-wise/node_modules/jest-circus/build/run.js:121:9)
    at run (/Users/rafaelfontes/Desktop/penny-wise/node_modules/jest-circus/build/run.js:71:3)
    at runAndTransformResultsToJestFormat (/Users/rafaelfontes/Desktop/penny-wise/node_modules/jest-circus/build/legacy-code-todo-rewrite/jestAdapterInit.js:122:21)
    at jestAdapter (/Users/rafaelfontes/Desktop/penny-wise/node_modules/jest-circus/build/legacy-code-todo-rewrite/jestAdapter.js:79:19)
    at runTestInternal (/Users/rafaelfontes/Desktop/penny-wise/node_modules/jest-runner/build/runTest.js:367:16)
    at runTest (/Users/rafaelfontes/Desktop/penny-wise/node_modules/jest-runner/build/runTest.js:444:34)
    at Object.worker (/Users/rafaelfontes/Desktop/penny-wise/node_modules/jest-runner/build/testWorker.js:106:12)</failure>
    </testcase>
    <testcase classname="API Validation Tests - Comprehensive Portfolio Data Validation should reject invalid portfolio data" name="API Validation Tests - Comprehensive Portfolio Data Validation should reject invalid portfolio data" time="0">
      <failure>TypeError: (0 , _apivalidation.validatePortfolioData) is not a function
    at /Users/rafaelfontes/Desktop/penny-wise/__tests__/unit/utils/api-validation-comprehensive.test.ts:137:37
    at Array.forEach (&lt;anonymous&gt;)
    at Object.forEach (/Users/rafaelfontes/Desktop/penny-wise/__tests__/unit/utils/api-validation-comprehensive.test.ts:136:25)
    at Promise.then.completed (/Users/rafaelfontes/Desktop/penny-wise/node_modules/jest-circus/build/utils.js:298:28)
    at new Promise (&lt;anonymous&gt;)
    at callAsyncCircusFn (/Users/rafaelfontes/Desktop/penny-wise/node_modules/jest-circus/build/utils.js:231:10)
    at _callCircusTest (/Users/rafaelfontes/Desktop/penny-wise/node_modules/jest-circus/build/run.js:316:40)
    at processTicksAndRejections (node:internal/process/task_queues:105:5)
    at _runTest (/Users/rafaelfontes/Desktop/penny-wise/node_modules/jest-circus/build/run.js:252:3)
    at _runTestsForDescribeBlock (/Users/rafaelfontes/Desktop/penny-wise/node_modules/jest-circus/build/run.js:126:9)
    at _runTestsForDescribeBlock (/Users/rafaelfontes/Desktop/penny-wise/node_modules/jest-circus/build/run.js:121:9)
    at _runTestsForDescribeBlock (/Users/rafaelfontes/Desktop/penny-wise/node_modules/jest-circus/build/run.js:121:9)
    at run (/Users/rafaelfontes/Desktop/penny-wise/node_modules/jest-circus/build/run.js:71:3)
    at runAndTransformResultsToJestFormat (/Users/rafaelfontes/Desktop/penny-wise/node_modules/jest-circus/build/legacy-code-todo-rewrite/jestAdapterInit.js:122:21)
    at jestAdapter (/Users/rafaelfontes/Desktop/penny-wise/node_modules/jest-circus/build/legacy-code-todo-rewrite/jestAdapter.js:79:19)
    at runTestInternal (/Users/rafaelfontes/Desktop/penny-wise/node_modules/jest-runner/build/runTest.js:367:16)
    at runTest (/Users/rafaelfontes/Desktop/penny-wise/node_modules/jest-runner/build/runTest.js:444:34)
    at Object.worker (/Users/rafaelfontes/Desktop/penny-wise/node_modules/jest-runner/build/testWorker.js:106:12)</failure>
    </testcase>
    <testcase classname="API Validation Tests - Comprehensive Market Data Request Validation should validate market data requests" name="API Validation Tests - Comprehensive Market Data Request Validation should validate market data requests" time="0.001">
      <failure>Error: expect(received).toBe(expected) // Object.is equality

Expected: true
Received: false
    at toBe (/Users/rafaelfontes/Desktop/penny-wise/__tests__/unit/utils/api-validation-comprehensive.test.ts:151:52)
    at Array.forEach (&lt;anonymous&gt;)
    at Object.forEach (/Users/rafaelfontes/Desktop/penny-wise/__tests__/unit/utils/api-validation-comprehensive.test.ts:150:21)
    at Promise.then.completed (/Users/rafaelfontes/Desktop/penny-wise/node_modules/jest-circus/build/utils.js:298:28)
    at new Promise (&lt;anonymous&gt;)
    at callAsyncCircusFn (/Users/rafaelfontes/Desktop/penny-wise/node_modules/jest-circus/build/utils.js:231:10)
    at _callCircusTest (/Users/rafaelfontes/Desktop/penny-wise/node_modules/jest-circus/build/run.js:316:40)
    at processTicksAndRejections (node:internal/process/task_queues:105:5)
    at _runTest (/Users/rafaelfontes/Desktop/penny-wise/node_modules/jest-circus/build/run.js:252:3)
    at _runTestsForDescribeBlock (/Users/rafaelfontes/Desktop/penny-wise/node_modules/jest-circus/build/run.js:126:9)
    at _runTestsForDescribeBlock (/Users/rafaelfontes/Desktop/penny-wise/node_modules/jest-circus/build/run.js:121:9)
    at _runTestsForDescribeBlock (/Users/rafaelfontes/Desktop/penny-wise/node_modules/jest-circus/build/run.js:121:9)
    at run (/Users/rafaelfontes/Desktop/penny-wise/node_modules/jest-circus/build/run.js:71:3)
    at runAndTransformResultsToJestFormat (/Users/rafaelfontes/Desktop/penny-wise/node_modules/jest-circus/build/legacy-code-todo-rewrite/jestAdapterInit.js:122:21)
    at jestAdapter (/Users/rafaelfontes/Desktop/penny-wise/node_modules/jest-circus/build/legacy-code-todo-rewrite/jestAdapter.js:79:19)
    at runTestInternal (/Users/rafaelfontes/Desktop/penny-wise/node_modules/jest-runner/build/runTest.js:367:16)
    at runTest (/Users/rafaelfontes/Desktop/penny-wise/node_modules/jest-runner/build/runTest.js:444:34)
    at Object.worker (/Users/rafaelfontes/Desktop/penny-wise/node_modules/jest-runner/build/testWorker.js:106:12)</failure>
    </testcase>
    <testcase classname="API Validation Tests - Comprehensive Market Data Request Validation should reject invalid market data requests" name="API Validation Tests - Comprehensive Market Data Request Validation should reject invalid market data requests" time="0.001">
      <failure>Error: expect(received).toBe(expected) // Object.is equality

Expected: false
Received: true
    at toBe (/Users/rafaelfontes/Desktop/penny-wise/__tests__/unit/utils/api-validation-comprehensive.test.ts:165:52)
    at Array.forEach (&lt;anonymous&gt;)
    at Object.forEach (/Users/rafaelfontes/Desktop/penny-wise/__tests__/unit/utils/api-validation-comprehensive.test.ts:164:23)
    at Promise.then.completed (/Users/rafaelfontes/Desktop/penny-wise/node_modules/jest-circus/build/utils.js:298:28)
    at new Promise (&lt;anonymous&gt;)
    at callAsyncCircusFn (/Users/rafaelfontes/Desktop/penny-wise/node_modules/jest-circus/build/utils.js:231:10)
    at _callCircusTest (/Users/rafaelfontes/Desktop/penny-wise/node_modules/jest-circus/build/run.js:316:40)
    at processTicksAndRejections (node:internal/process/task_queues:105:5)
    at _runTest (/Users/rafaelfontes/Desktop/penny-wise/node_modules/jest-circus/build/run.js:252:3)
    at _runTestsForDescribeBlock (/Users/rafaelfontes/Desktop/penny-wise/node_modules/jest-circus/build/run.js:126:9)
    at _runTestsForDescribeBlock (/Users/rafaelfontes/Desktop/penny-wise/node_modules/jest-circus/build/run.js:121:9)
    at _runTestsForDescribeBlock (/Users/rafaelfontes/Desktop/penny-wise/node_modules/jest-circus/build/run.js:121:9)
    at run (/Users/rafaelfontes/Desktop/penny-wise/node_modules/jest-circus/build/run.js:71:3)
    at runAndTransformResultsToJestFormat (/Users/rafaelfontes/Desktop/penny-wise/node_modules/jest-circus/build/legacy-code-todo-rewrite/jestAdapterInit.js:122:21)
    at jestAdapter (/Users/rafaelfontes/Desktop/penny-wise/node_modules/jest-circus/build/legacy-code-todo-rewrite/jestAdapter.js:79:19)
    at runTestInternal (/Users/rafaelfontes/Desktop/penny-wise/node_modules/jest-runner/build/runTest.js:367:16)
    at runTest (/Users/rafaelfontes/Desktop/penny-wise/node_modules/jest-runner/build/runTest.js:444:34)
    at Object.worker (/Users/rafaelfontes/Desktop/penny-wise/node_modules/jest-runner/build/testWorker.js:106:12)</failure>
    </testcase>
    <testcase classname="API Validation Tests - Comprehensive Input Sanitization should sanitize HTML input" name="API Validation Tests - Comprehensive Input Sanitization should sanitize HTML input" time="0">
    </testcase>
    <testcase classname="API Validation Tests - Comprehensive Input Sanitization should sanitize SQL injection attempts" name="API Validation Tests - Comprehensive Input Sanitization should sanitize SQL injection attempts" time="0">
    </testcase>
    <testcase classname="API Validation Tests - Comprehensive Input Sanitization should preserve safe content" name="API Validation Tests - Comprehensive Input Sanitization should preserve safe content" time="0">
    </testcase>
    <testcase classname="API Validation Tests - Comprehensive API Key Validation should validate API key formats" name="API Validation Tests - Comprehensive API Key Validation should validate API key formats" time="0.001">
    </testcase>
    <testcase classname="API Validation Tests - Comprehensive API Key Validation should reject invalid API keys" name="API Validation Tests - Comprehensive API Key Validation should reject invalid API keys" time="0">
    </testcase>
    <testcase classname="API Validation Tests - Comprehensive Date Range Validation should validate correct date ranges" name="API Validation Tests - Comprehensive Date Range Validation should validate correct date ranges" time="0">
    </testcase>
    <testcase classname="API Validation Tests - Comprehensive Date Range Validation should reject invalid date ranges" name="API Validation Tests - Comprehensive Date Range Validation should reject invalid date ranges" time="0">
    </testcase>
    <testcase classname="API Validation Tests - Comprehensive Numeric Input Validation should validate numeric inputs" name="API Validation Tests - Comprehensive Numeric Input Validation should validate numeric inputs" time="0.007">
    </testcase>
    <testcase classname="API Validation Tests - Comprehensive Numeric Input Validation should reject invalid numeric inputs" name="API Validation Tests - Comprehensive Numeric Input Validation should reject invalid numeric inputs" time="0">
    </testcase>
    <testcase classname="API Validation Tests - Comprehensive Numeric Input Validation should validate numeric ranges" name="API Validation Tests - Comprehensive Numeric Input Validation should validate numeric ranges" time="0.001">
      <failure>Error: expect(received).toBe(expected) // Object.is equality

Expected: false
Received: true
    at Object.toBe (/Users/rafaelfontes/Desktop/penny-wise/__tests__/unit/utils/api-validation-comprehensive.test.ts:263:62)
    at Promise.then.completed (/Users/rafaelfontes/Desktop/penny-wise/node_modules/jest-circus/build/utils.js:298:28)
    at new Promise (&lt;anonymous&gt;)
    at callAsyncCircusFn (/Users/rafaelfontes/Desktop/penny-wise/node_modules/jest-circus/build/utils.js:231:10)
    at _callCircusTest (/Users/rafaelfontes/Desktop/penny-wise/node_modules/jest-circus/build/run.js:316:40)
    at processTicksAndRejections (node:internal/process/task_queues:105:5)
    at _runTest (/Users/rafaelfontes/Desktop/penny-wise/node_modules/jest-circus/build/run.js:252:3)
    at _runTestsForDescribeBlock (/Users/rafaelfontes/Desktop/penny-wise/node_modules/jest-circus/build/run.js:126:9)
    at _runTestsForDescribeBlock (/Users/rafaelfontes/Desktop/penny-wise/node_modules/jest-circus/build/run.js:121:9)
    at _runTestsForDescribeBlock (/Users/rafaelfontes/Desktop/penny-wise/node_modules/jest-circus/build/run.js:121:9)
    at run (/Users/rafaelfontes/Desktop/penny-wise/node_modules/jest-circus/build/run.js:71:3)
    at runAndTransformResultsToJestFormat (/Users/rafaelfontes/Desktop/penny-wise/node_modules/jest-circus/build/legacy-code-todo-rewrite/jestAdapterInit.js:122:21)
    at jestAdapter (/Users/rafaelfontes/Desktop/penny-wise/node_modules/jest-circus/build/legacy-code-todo-rewrite/jestAdapter.js:79:19)
    at runTestInternal (/Users/rafaelfontes/Desktop/penny-wise/node_modules/jest-runner/build/runTest.js:367:16)
    at runTest (/Users/rafaelfontes/Desktop/penny-wise/node_modules/jest-runner/build/runTest.js:444:34)
    at Object.worker (/Users/rafaelfontes/Desktop/penny-wise/node_modules/jest-runner/build/testWorker.js:106:12)</failure>
    </testcase>
    <testcase classname="API Validation Tests - Comprehensive Pagination Parameters should validate pagination parameters" name="API Validation Tests - Comprehensive Pagination Parameters should validate pagination parameters" time="0">
    </testcase>
    <testcase classname="API Validation Tests - Comprehensive Pagination Parameters should reject invalid pagination parameters" name="API Validation Tests - Comprehensive Pagination Parameters should reject invalid pagination parameters" time="0">
    </testcase>
    <testcase classname="API Validation Tests - Comprehensive Sort Parameters should validate sort parameters" name="API Validation Tests - Comprehensive Sort Parameters should validate sort parameters" time="0">
    </testcase>
    <testcase classname="API Validation Tests - Comprehensive Sort Parameters should reject invalid sort parameters" name="API Validation Tests - Comprehensive Sort Parameters should reject invalid sort parameters" time="0.001">
    </testcase>
    <testcase classname="API Validation Tests - Comprehensive Filter Parameters should validate filter parameters" name="API Validation Tests - Comprehensive Filter Parameters should validate filter parameters" time="0">
      <failure>Error: expect(received).toBe(expected) // Object.is equality

Expected: true
Received: false
    at toBe (/Users/rafaelfontes/Desktop/penny-wise/__tests__/unit/utils/api-validation-comprehensive.test.ts:320:46)
    at Array.forEach (&lt;anonymous&gt;)
    at Object.forEach (/Users/rafaelfontes/Desktop/penny-wise/__tests__/unit/utils/api-validation-comprehensive.test.ts:319:20)
    at Promise.then.completed (/Users/rafaelfontes/Desktop/penny-wise/node_modules/jest-circus/build/utils.js:298:28)
    at new Promise (&lt;anonymous&gt;)
    at callAsyncCircusFn (/Users/rafaelfontes/Desktop/penny-wise/node_modules/jest-circus/build/utils.js:231:10)
    at _callCircusTest (/Users/rafaelfontes/Desktop/penny-wise/node_modules/jest-circus/build/run.js:316:40)
    at processTicksAndRejections (node:internal/process/task_queues:105:5)
    at _runTest (/Users/rafaelfontes/Desktop/penny-wise/node_modules/jest-circus/build/run.js:252:3)
    at _runTestsForDescribeBlock (/Users/rafaelfontes/Desktop/penny-wise/node_modules/jest-circus/build/run.js:126:9)
    at _runTestsForDescribeBlock (/Users/rafaelfontes/Desktop/penny-wise/node_modules/jest-circus/build/run.js:121:9)
    at _runTestsForDescribeBlock (/Users/rafaelfontes/Desktop/penny-wise/node_modules/jest-circus/build/run.js:121:9)
    at run (/Users/rafaelfontes/Desktop/penny-wise/node_modules/jest-circus/build/run.js:71:3)
    at runAndTransformResultsToJestFormat (/Users/rafaelfontes/Desktop/penny-wise/node_modules/jest-circus/build/legacy-code-todo-rewrite/jestAdapterInit.js:122:21)
    at jestAdapter (/Users/rafaelfontes/Desktop/penny-wise/node_modules/jest-circus/build/legacy-code-todo-rewrite/jestAdapter.js:79:19)
    at runTestInternal (/Users/rafaelfontes/Desktop/penny-wise/node_modules/jest-runner/build/runTest.js:367:16)
    at runTest (/Users/rafaelfontes/Desktop/penny-wise/node_modules/jest-runner/build/runTest.js:444:34)
    at Object.worker (/Users/rafaelfontes/Desktop/penny-wise/node_modules/jest-runner/build/testWorker.js:106:12)</failure>
    </testcase>
    <testcase classname="API Validation Tests - Comprehensive Filter Parameters should reject invalid filter parameters" name="API Validation Tests - Comprehensive Filter Parameters should reject invalid filter parameters" time="0">
    </testcase>
    <testcase classname="API Validation Tests - Comprehensive Rate Limiting should check rate limits" name="API Validation Tests - Comprehensive Rate Limiting should check rate limits" time="0">
      <failure>TypeError: (0 , _apivalidation.rateLimitCheck) is not a function
    at Object.&lt;anonymous&gt; (/Users/rafaelfontes/Desktop/penny-wise/__tests__/unit/utils/api-validation-comprehensive.test.ts:343:43)
    at Promise.then.completed (/Users/rafaelfontes/Desktop/penny-wise/node_modules/jest-circus/build/utils.js:298:28)
    at new Promise (&lt;anonymous&gt;)
    at callAsyncCircusFn (/Users/rafaelfontes/Desktop/penny-wise/node_modules/jest-circus/build/utils.js:231:10)
    at _callCircusTest (/Users/rafaelfontes/Desktop/penny-wise/node_modules/jest-circus/build/run.js:316:40)
    at processTicksAndRejections (node:internal/process/task_queues:105:5)
    at _runTest (/Users/rafaelfontes/Desktop/penny-wise/node_modules/jest-circus/build/run.js:252:3)
    at _runTestsForDescribeBlock (/Users/rafaelfontes/Desktop/penny-wise/node_modules/jest-circus/build/run.js:126:9)
    at _runTestsForDescribeBlock (/Users/rafaelfontes/Desktop/penny-wise/node_modules/jest-circus/build/run.js:121:9)
    at _runTestsForDescribeBlock (/Users/rafaelfontes/Desktop/penny-wise/node_modules/jest-circus/build/run.js:121:9)
    at run (/Users/rafaelfontes/Desktop/penny-wise/node_modules/jest-circus/build/run.js:71:3)
    at runAndTransformResultsToJestFormat (/Users/rafaelfontes/Desktop/penny-wise/node_modules/jest-circus/build/legacy-code-todo-rewrite/jestAdapterInit.js:122:21)
    at jestAdapter (/Users/rafaelfontes/Desktop/penny-wise/node_modules/jest-circus/build/legacy-code-todo-rewrite/jestAdapter.js:79:19)
    at runTestInternal (/Users/rafaelfontes/Desktop/penny-wise/node_modules/jest-runner/build/runTest.js:367:16)
    at runTest (/Users/rafaelfontes/Desktop/penny-wise/node_modules/jest-runner/build/runTest.js:444:34)
    at Object.worker (/Users/rafaelfontes/Desktop/penny-wise/node_modules/jest-runner/build/testWorker.js:106:12)</failure>
    </testcase>
    <testcase classname="API Validation Tests - Comprehensive Rate Limiting should handle rate limit exceeded" name="API Validation Tests - Comprehensive Rate Limiting should handle rate limit exceeded" time="0">
      <failure>TypeError: (0 , _apivalidation.rateLimitCheck) is not a function
    at /Users/rafaelfontes/Desktop/penny-wise/__tests__/unit/utils/api-validation-comprehensive.test.ts:357:23
    at Function.from (&lt;anonymous&gt;)
    at Object.from (/Users/rafaelfontes/Desktop/penny-wise/__tests__/unit/utils/api-validation-comprehensive.test.ts:356:30)
    at Promise.then.completed (/Users/rafaelfontes/Desktop/penny-wise/node_modules/jest-circus/build/utils.js:298:28)
    at new Promise (&lt;anonymous&gt;)
    at callAsyncCircusFn (/Users/rafaelfontes/Desktop/penny-wise/node_modules/jest-circus/build/utils.js:231:10)
    at _callCircusTest (/Users/rafaelfontes/Desktop/penny-wise/node_modules/jest-circus/build/run.js:316:40)
    at processTicksAndRejections (node:internal/process/task_queues:105:5)
    at _runTest (/Users/rafaelfontes/Desktop/penny-wise/node_modules/jest-circus/build/run.js:252:3)
    at _runTestsForDescribeBlock (/Users/rafaelfontes/Desktop/penny-wise/node_modules/jest-circus/build/run.js:126:9)
    at _runTestsForDescribeBlock (/Users/rafaelfontes/Desktop/penny-wise/node_modules/jest-circus/build/run.js:121:9)
    at _runTestsForDescribeBlock (/Users/rafaelfontes/Desktop/penny-wise/node_modules/jest-circus/build/run.js:121:9)
    at run (/Users/rafaelfontes/Desktop/penny-wise/node_modules/jest-circus/build/run.js:71:3)
    at runAndTransformResultsToJestFormat (/Users/rafaelfontes/Desktop/penny-wise/node_modules/jest-circus/build/legacy-code-todo-rewrite/jestAdapterInit.js:122:21)
    at jestAdapter (/Users/rafaelfontes/Desktop/penny-wise/node_modules/jest-circus/build/legacy-code-todo-rewrite/jestAdapter.js:79:19)
    at runTestInternal (/Users/rafaelfontes/Desktop/penny-wise/node_modules/jest-runner/build/runTest.js:367:16)
    at runTest (/Users/rafaelfontes/Desktop/penny-wise/node_modules/jest-runner/build/runTest.js:444:34)
    at Object.worker (/Users/rafaelfontes/Desktop/penny-wise/node_modules/jest-runner/build/testWorker.js:106:12)</failure>
    </testcase>
    <testcase classname="API Validation Tests - Comprehensive Request Headers Validation should validate required headers" name="API Validation Tests - Comprehensive Request Headers Validation should validate required headers" time="0">
      <failure>Error: expect(received).toBe(expected) // Object.is equality

Expected: true
Received: false
    at Object.toBe (/Users/rafaelfontes/Desktop/penny-wise/__tests__/unit/utils/api-validation-comprehensive.test.ts:375:52)
    at Promise.then.completed (/Users/rafaelfontes/Desktop/penny-wise/node_modules/jest-circus/build/utils.js:298:28)
    at new Promise (&lt;anonymous&gt;)
    at callAsyncCircusFn (/Users/rafaelfontes/Desktop/penny-wise/node_modules/jest-circus/build/utils.js:231:10)
    at _callCircusTest (/Users/rafaelfontes/Desktop/penny-wise/node_modules/jest-circus/build/run.js:316:40)
    at processTicksAndRejections (node:internal/process/task_queues:105:5)
    at _runTest (/Users/rafaelfontes/Desktop/penny-wise/node_modules/jest-circus/build/run.js:252:3)
    at _runTestsForDescribeBlock (/Users/rafaelfontes/Desktop/penny-wise/node_modules/jest-circus/build/run.js:126:9)
    at _runTestsForDescribeBlock (/Users/rafaelfontes/Desktop/penny-wise/node_modules/jest-circus/build/run.js:121:9)
    at _runTestsForDescribeBlock (/Users/rafaelfontes/Desktop/penny-wise/node_modules/jest-circus/build/run.js:121:9)
    at run (/Users/rafaelfontes/Desktop/penny-wise/node_modules/jest-circus/build/run.js:71:3)
    at runAndTransformResultsToJestFormat (/Users/rafaelfontes/Desktop/penny-wise/node_modules/jest-circus/build/legacy-code-todo-rewrite/jestAdapterInit.js:122:21)
    at jestAdapter (/Users/rafaelfontes/Desktop/penny-wise/node_modules/jest-circus/build/legacy-code-todo-rewrite/jestAdapter.js:79:19)
    at runTestInternal (/Users/rafaelfontes/Desktop/penny-wise/node_modules/jest-runner/build/runTest.js:367:16)
    at runTest (/Users/rafaelfontes/Desktop/penny-wise/node_modules/jest-runner/build/runTest.js:444:34)
    at Object.worker (/Users/rafaelfontes/Desktop/penny-wise/node_modules/jest-runner/build/testWorker.js:106:12)</failure>
    </testcase>
    <testcase classname="API Validation Tests - Comprehensive Request Headers Validation should reject missing required headers" name="API Validation Tests - Comprehensive Request Headers Validation should reject missing required headers" time="0">
    </testcase>
    <testcase classname="API Validation Tests - Comprehensive JSON Schema Validation should validate against JSON schema" name="API Validation Tests - Comprehensive JSON Schema Validation should validate against JSON schema" time="0">
    </testcase>
    <testcase classname="API Validation Tests - Comprehensive JSON Schema Validation should reject invalid data against schema" name="API Validation Tests - Comprehensive JSON Schema Validation should reject invalid data against schema" time="0">
      <failure>Error: expect(received).toBe(expected) // Object.is equality

Expected: false
Received: true
    at toBe (/Users/rafaelfontes/Desktop/penny-wise/__tests__/unit/utils/api-validation-comprehensive.test.ts:430:50)
    at Array.forEach (&lt;anonymous&gt;)
    at Object.forEach (/Users/rafaelfontes/Desktop/penny-wise/__tests__/unit/utils/api-validation-comprehensive.test.ts:429:19)
    at Promise.then.completed (/Users/rafaelfontes/Desktop/penny-wise/node_modules/jest-circus/build/utils.js:298:28)
    at new Promise (&lt;anonymous&gt;)
    at callAsyncCircusFn (/Users/rafaelfontes/Desktop/penny-wise/node_modules/jest-circus/build/utils.js:231:10)
    at _callCircusTest (/Users/rafaelfontes/Desktop/penny-wise/node_modules/jest-circus/build/run.js:316:40)
    at processTicksAndRejections (node:internal/process/task_queues:105:5)
    at _runTest (/Users/rafaelfontes/Desktop/penny-wise/node_modules/jest-circus/build/run.js:252:3)
    at _runTestsForDescribeBlock (/Users/rafaelfontes/Desktop/penny-wise/node_modules/jest-circus/build/run.js:126:9)
    at _runTestsForDescribeBlock (/Users/rafaelfontes/Desktop/penny-wise/node_modules/jest-circus/build/run.js:121:9)
    at _runTestsForDescribeBlock (/Users/rafaelfontes/Desktop/penny-wise/node_modules/jest-circus/build/run.js:121:9)
    at run (/Users/rafaelfontes/Desktop/penny-wise/node_modules/jest-circus/build/run.js:71:3)
    at runAndTransformResultsToJestFormat (/Users/rafaelfontes/Desktop/penny-wise/node_modules/jest-circus/build/legacy-code-todo-rewrite/jestAdapterInit.js:122:21)
    at jestAdapter (/Users/rafaelfontes/Desktop/penny-wise/node_modules/jest-circus/build/legacy-code-todo-rewrite/jestAdapter.js:79:19)
    at runTestInternal (/Users/rafaelfontes/Desktop/penny-wise/node_modules/jest-runner/build/runTest.js:367:16)
    at runTest (/Users/rafaelfontes/Desktop/penny-wise/node_modules/jest-runner/build/runTest.js:444:34)
    at Object.worker (/Users/rafaelfontes/Desktop/penny-wise/node_modules/jest-runner/build/testWorker.js:106:12)</failure>
    </testcase>
    <testcase classname="API Validation Tests - Comprehensive File Upload Validation should validate file uploads" name="API Validation Tests - Comprehensive File Upload Validation should validate file uploads" time="0.001">
    </testcase>
    <testcase classname="API Validation Tests - Comprehensive File Upload Validation should reject invalid file uploads" name="API Validation Tests - Comprehensive File Upload Validation should reject invalid file uploads" time="0">
      <failure>Error: expect(received).toBe(expected) // Object.is equality

Expected: false
Received: true
    at toBe (/Users/rafaelfontes/Desktop/penny-wise/__tests__/unit/utils/api-validation-comprehensive.test.ts:455:42)
    at Array.forEach (&lt;anonymous&gt;)
    at Object.forEach (/Users/rafaelfontes/Desktop/penny-wise/__tests__/unit/utils/api-validation-comprehensive.test.ts:454:20)
    at Promise.then.completed (/Users/rafaelfontes/Desktop/penny-wise/node_modules/jest-circus/build/utils.js:298:28)
    at new Promise (&lt;anonymous&gt;)
    at callAsyncCircusFn (/Users/rafaelfontes/Desktop/penny-wise/node_modules/jest-circus/build/utils.js:231:10)
    at _callCircusTest (/Users/rafaelfontes/Desktop/penny-wise/node_modules/jest-circus/build/run.js:316:40)
    at processTicksAndRejections (node:internal/process/task_queues:105:5)
    at _runTest (/Users/rafaelfontes/Desktop/penny-wise/node_modules/jest-circus/build/run.js:252:3)
    at _runTestsForDescribeBlock (/Users/rafaelfontes/Desktop/penny-wise/node_modules/jest-circus/build/run.js:126:9)
    at _runTestsForDescribeBlock (/Users/rafaelfontes/Desktop/penny-wise/node_modules/jest-circus/build/run.js:121:9)
    at _runTestsForDescribeBlock (/Users/rafaelfontes/Desktop/penny-wise/node_modules/jest-circus/build/run.js:121:9)
    at run (/Users/rafaelfontes/Desktop/penny-wise/node_modules/jest-circus/build/run.js:71:3)
    at runAndTransformResultsToJestFormat (/Users/rafaelfontes/Desktop/penny-wise/node_modules/jest-circus/build/legacy-code-todo-rewrite/jestAdapterInit.js:122:21)
    at jestAdapter (/Users/rafaelfontes/Desktop/penny-wise/node_modules/jest-circus/build/legacy-code-todo-rewrite/jestAdapter.js:79:19)
    at runTestInternal (/Users/rafaelfontes/Desktop/penny-wise/node_modules/jest-runner/build/runTest.js:367:16)
    at runTest (/Users/rafaelfontes/Desktop/penny-wise/node_modules/jest-runner/build/runTest.js:444:34)
    at Object.worker (/Users/rafaelfontes/Desktop/penny-wise/node_modules/jest-runner/build/testWorker.js:106:12)</failure>
    </testcase>
    <testcase classname="API Validation Tests - Comprehensive Webhook Payload Validation should validate webhook payloads" name="API Validation Tests - Comprehensive Webhook Payload Validation should validate webhook payloads" time="0">
      <failure>Error: expect(received).toBe(expected) // Object.is equality

Expected: true
Received: false
    at Object.toBe (/Users/rafaelfontes/Desktop/penny-wise/__tests__/unit/utils/api-validation-comprehensive.test.ts:472:52)
    at Promise.then.completed (/Users/rafaelfontes/Desktop/penny-wise/node_modules/jest-circus/build/utils.js:298:28)
    at new Promise (&lt;anonymous&gt;)
    at callAsyncCircusFn (/Users/rafaelfontes/Desktop/penny-wise/node_modules/jest-circus/build/utils.js:231:10)
    at _callCircusTest (/Users/rafaelfontes/Desktop/penny-wise/node_modules/jest-circus/build/run.js:316:40)
    at processTicksAndRejections (node:internal/process/task_queues:105:5)
    at _runTest (/Users/rafaelfontes/Desktop/penny-wise/node_modules/jest-circus/build/run.js:252:3)
    at _runTestsForDescribeBlock (/Users/rafaelfontes/Desktop/penny-wise/node_modules/jest-circus/build/run.js:126:9)
    at _runTestsForDescribeBlock (/Users/rafaelfontes/Desktop/penny-wise/node_modules/jest-circus/build/run.js:121:9)
    at _runTestsForDescribeBlock (/Users/rafaelfontes/Desktop/penny-wise/node_modules/jest-circus/build/run.js:121:9)
    at run (/Users/rafaelfontes/Desktop/penny-wise/node_modules/jest-circus/build/run.js:71:3)
    at runAndTransformResultsToJestFormat (/Users/rafaelfontes/Desktop/penny-wise/node_modules/jest-circus/build/legacy-code-todo-rewrite/jestAdapterInit.js:122:21)
    at jestAdapter (/Users/rafaelfontes/Desktop/penny-wise/node_modules/jest-circus/build/legacy-code-todo-rewrite/jestAdapter.js:79:19)
    at runTestInternal (/Users/rafaelfontes/Desktop/penny-wise/node_modules/jest-runner/build/runTest.js:367:16)
    at runTest (/Users/rafaelfontes/Desktop/penny-wise/node_modules/jest-runner/build/runTest.js:444:34)
    at Object.worker (/Users/rafaelfontes/Desktop/penny-wise/node_modules/jest-runner/build/testWorker.js:106:12)</failure>
    </testcase>
    <testcase classname="API Validation Tests - Comprehensive Webhook Payload Validation should reject invalid webhook payloads" name="API Validation Tests - Comprehensive Webhook Payload Validation should reject invalid webhook payloads" time="0">
    </testcase>
    <testcase classname="API Validation Tests - Comprehensive Security Validation should detect and prevent common attacks" name="API Validation Tests - Comprehensive Security Validation should detect and prevent common attacks" time="0.001">
      <failure>Error: expect(received).not.toContain(expected) // indexOf

Expected substring: not &quot;jndi:&quot;
Received string:        &quot;${jndi:ldap:&amp;#x2F&amp;#x2Fevil.com&amp;#x2Fa}&quot;
    at toContain (/Users/rafaelfontes/Desktop/penny-wise/__tests__/unit/utils/api-validation-comprehensive.test.ts:503:31)
    at Array.forEach (&lt;anonymous&gt;)
    at Object.forEach (/Users/rafaelfontes/Desktop/penny-wise/__tests__/unit/utils/api-validation-comprehensive.test.ts:498:23)
    at Promise.then.completed (/Users/rafaelfontes/Desktop/penny-wise/node_modules/jest-circus/build/utils.js:298:28)
    at new Promise (&lt;anonymous&gt;)
    at callAsyncCircusFn (/Users/rafaelfontes/Desktop/penny-wise/node_modules/jest-circus/build/utils.js:231:10)
    at _callCircusTest (/Users/rafaelfontes/Desktop/penny-wise/node_modules/jest-circus/build/run.js:316:40)
    at processTicksAndRejections (node:internal/process/task_queues:105:5)
    at _runTest (/Users/rafaelfontes/Desktop/penny-wise/node_modules/jest-circus/build/run.js:252:3)
    at _runTestsForDescribeBlock (/Users/rafaelfontes/Desktop/penny-wise/node_modules/jest-circus/build/run.js:126:9)
    at _runTestsForDescribeBlock (/Users/rafaelfontes/Desktop/penny-wise/node_modules/jest-circus/build/run.js:121:9)
    at _runTestsForDescribeBlock (/Users/rafaelfontes/Desktop/penny-wise/node_modules/jest-circus/build/run.js:121:9)
    at run (/Users/rafaelfontes/Desktop/penny-wise/node_modules/jest-circus/build/run.js:71:3)
    at runAndTransformResultsToJestFormat (/Users/rafaelfontes/Desktop/penny-wise/node_modules/jest-circus/build/legacy-code-todo-rewrite/jestAdapterInit.js:122:21)
    at jestAdapter (/Users/rafaelfontes/Desktop/penny-wise/node_modules/jest-circus/build/legacy-code-todo-rewrite/jestAdapter.js:79:19)
    at runTestInternal (/Users/rafaelfontes/Desktop/penny-wise/node_modules/jest-runner/build/runTest.js:367:16)
    at runTest (/Users/rafaelfontes/Desktop/penny-wise/node_modules/jest-runner/build/runTest.js:444:34)
    at Object.worker (/Users/rafaelfontes/Desktop/penny-wise/node_modules/jest-runner/build/testWorker.js:106:12)</failure>
    </testcase>
    <testcase classname="API Validation Tests - Comprehensive Security Validation should validate CSRF tokens" name="API Validation Tests - Comprehensive Security Validation should validate CSRF tokens" time="0">
      <failure>Error: expect(received).toBe(expected) // Object.is equality

Expected: true
Received: false
    at Object.toBe (/Users/rafaelfontes/Desktop/penny-wise/__tests__/unit/utils/api-validation-comprehensive.test.ts:512:42)
    at Promise.then.completed (/Users/rafaelfontes/Desktop/penny-wise/node_modules/jest-circus/build/utils.js:298:28)
    at new Promise (&lt;anonymous&gt;)
    at callAsyncCircusFn (/Users/rafaelfontes/Desktop/penny-wise/node_modules/jest-circus/build/utils.js:231:10)
    at _callCircusTest (/Users/rafaelfontes/Desktop/penny-wise/node_modules/jest-circus/build/run.js:316:40)
    at processTicksAndRejections (node:internal/process/task_queues:105:5)
    at _runTest (/Users/rafaelfontes/Desktop/penny-wise/node_modules/jest-circus/build/run.js:252:3)
    at _runTestsForDescribeBlock (/Users/rafaelfontes/Desktop/penny-wise/node_modules/jest-circus/build/run.js:126:9)
    at _runTestsForDescribeBlock (/Users/rafaelfontes/Desktop/penny-wise/node_modules/jest-circus/build/run.js:121:9)
    at _runTestsForDescribeBlock (/Users/rafaelfontes/Desktop/penny-wise/node_modules/jest-circus/build/run.js:121:9)
    at run (/Users/rafaelfontes/Desktop/penny-wise/node_modules/jest-circus/build/run.js:71:3)
    at runAndTransformResultsToJestFormat (/Users/rafaelfontes/Desktop/penny-wise/node_modules/jest-circus/build/legacy-code-todo-rewrite/jestAdapterInit.js:122:21)
    at jestAdapter (/Users/rafaelfontes/Desktop/penny-wise/node_modules/jest-circus/build/legacy-code-todo-rewrite/jestAdapter.js:79:19)
    at runTestInternal (/Users/rafaelfontes/Desktop/penny-wise/node_modules/jest-runner/build/runTest.js:367:16)
    at runTest (/Users/rafaelfontes/Desktop/penny-wise/node_modules/jest-runner/build/runTest.js:444:34)
    at Object.worker (/Users/rafaelfontes/Desktop/penny-wise/node_modules/jest-runner/build/testWorker.js:106:12)</failure>
    </testcase>
  </testsuite>
  <testsuite name="Utility Functions Tests" errors="0" failures="0" skipped="0" timestamp="2025-06-15T22:06:13" time="0.356" tests="16">
    <testcase classname="Utility Functions Tests Date Formatting should format dates correctly" name="Utility Functions Tests Date Formatting should format dates correctly" time="0">
    </testcase>
    <testcase classname="Utility Functions Tests Date Formatting should handle invalid dates" name="Utility Functions Tests Date Formatting should handle invalid dates" time="0.001">
    </testcase>
    <testcase classname="Utility Functions Tests Currency Formatting should format currency correctly" name="Utility Functions Tests Currency Formatting should format currency correctly" time="0">
    </testcase>
    <testcase classname="Utility Functions Tests Currency Formatting should handle different currencies" name="Utility Functions Tests Currency Formatting should handle different currencies" time="0">
    </testcase>
    <testcase classname="Utility Functions Tests Email Validation should validate email addresses" name="Utility Functions Tests Email Validation should validate email addresses" time="0.001">
    </testcase>
    <testcase classname="Utility Functions Tests Text Processing should truncate long text" name="Utility Functions Tests Text Processing should truncate long text" time="0">
    </testcase>
    <testcase classname="Utility Functions Tests Text Processing should sanitize HTML content" name="Utility Functions Tests Text Processing should sanitize HTML content" time="0">
    </testcase>
    <testcase classname="Utility Functions Tests ID Generation should generate unique IDs" name="Utility Functions Tests ID Generation should generate unique IDs" time="0">
    </testcase>
    <testcase classname="Utility Functions Tests ID Generation should generate UUIDs" name="Utility Functions Tests ID Generation should generate UUIDs" time="0">
    </testcase>
    <testcase classname="Utility Functions Tests Data Processing should sort notifications by priority" name="Utility Functions Tests Data Processing should sort notifications by priority" time="0">
    </testcase>
    <testcase classname="Utility Functions Tests Data Processing should filter notifications by type" name="Utility Functions Tests Data Processing should filter notifications by type" time="0">
    </testcase>
    <testcase classname="Utility Functions Tests Data Processing should group notifications by date" name="Utility Functions Tests Data Processing should group notifications by date" time="0">
    </testcase>
    <testcase classname="Utility Functions Tests Validation Functions should validate component props" name="Utility Functions Tests Validation Functions should validate component props" time="0.003">
    </testcase>
    <testcase classname="Utility Functions Tests Validation Functions should validate URL formats" name="Utility Functions Tests Validation Functions should validate URL formats" time="0.001">
    </testcase>
    <testcase classname="Utility Functions Tests Performance Utilities should debounce function calls" name="Utility Functions Tests Performance Utilities should debounce function calls" time="0.152">
    </testcase>
    <testcase classname="Utility Functions Tests Performance Utilities should throttle function calls" name="Utility Functions Tests Performance Utilities should throttle function calls" time="0.152">
    </testcase>
  </testsuite>
  <testsuite name="API Routes Tests" errors="0" failures="0" skipped="0" timestamp="2025-06-15T22:06:13" time="0.056" tests="27">
    <testcase classname="API Routes Tests Market Quote API should handle single quote request" name="API Routes Tests Market Quote API should handle single quote request" time="0.001">
    </testcase>
    <testcase classname="API Routes Tests Market Quote API should handle multiple quotes request" name="API Routes Tests Market Quote API should handle multiple quotes request" time="0">
    </testcase>
    <testcase classname="API Routes Tests Market Quote API should handle missing parameters" name="API Routes Tests Market Quote API should handle missing parameters" time="0.001">
    </testcase>
    <testcase classname="API Routes Tests Market Quote API should handle authentication errors" name="API Routes Tests Market Quote API should handle authentication errors" time="0">
    </testcase>
    <testcase classname="API Routes Tests Market Analysis API should handle analysis request" name="API Routes Tests Market Analysis API should handle analysis request" time="0">
    </testcase>
    <testcase classname="API Routes Tests Market Analysis API should validate symbol parameter" name="API Routes Tests Market Analysis API should validate symbol parameter" time="0">
    </testcase>
    <testcase classname="API Routes Tests Market Analysis API should handle analysis failure" name="API Routes Tests Market Analysis API should handle analysis failure" time="0">
    </testcase>
    <testcase classname="API Routes Tests Notifications API should get user notifications" name="API Routes Tests Notifications API should get user notifications" time="0">
    </testcase>
    <testcase classname="API Routes Tests Notifications API should filter notifications by type" name="API Routes Tests Notifications API should filter notifications by type" time="0.001">
    </testcase>
    <testcase classname="API Routes Tests Notifications API should create notification" name="API Routes Tests Notifications API should create notification" time="0">
    </testcase>
    <testcase classname="API Routes Tests Notifications API should get notification stats" name="API Routes Tests Notifications API should get notification stats" time="0">
    </testcase>
    <testcase classname="API Routes Tests Alpha Vantage Proxy API should handle valid function parameter" name="API Routes Tests Alpha Vantage Proxy API should handle valid function parameter" time="0">
    </testcase>
    <testcase classname="API Routes Tests Alpha Vantage Proxy API should build Alpha Vantage URL correctly" name="API Routes Tests Alpha Vantage Proxy API should build Alpha Vantage URL correctly" time="0.001">
    </testcase>
    <testcase classname="API Routes Tests Alpha Vantage Proxy API should handle Alpha Vantage error responses" name="API Routes Tests Alpha Vantage Proxy API should handle Alpha Vantage error responses" time="0">
    </testcase>
    <testcase classname="API Routes Tests Chat API Routes should validate chat message" name="API Routes Tests Chat API Routes should validate chat message" time="0">
    </testcase>
    <testcase classname="API Routes Tests Chat API Routes should handle enhanced chat request" name="API Routes Tests Chat API Routes should handle enhanced chat request" time="0.001">
    </testcase>
    <testcase classname="API Routes Tests Chat API Routes should generate conversation ID if not provided" name="API Routes Tests Chat API Routes should generate conversation ID if not provided" time="0">
    </testcase>
    <testcase classname="API Routes Tests OPLAB API Route should handle health check action" name="API Routes Tests OPLAB API Route should handle health check action" time="0.001">
    </testcase>
    <testcase classname="API Routes Tests OPLAB API Route should validate symbol parameter for stock actions" name="API Routes Tests OPLAB API Route should validate symbol parameter for stock actions" time="0">
    </testcase>
    <testcase classname="API Routes Tests OPLAB API Route should handle POST authentication" name="API Routes Tests OPLAB API Route should handle POST authentication" time="0">
    </testcase>
    <testcase classname="API Routes Tests OPLAB API Route should handle unknown actions" name="API Routes Tests OPLAB API Route should handle unknown actions" time="0">
    </testcase>
    <testcase classname="API Routes Tests Error Handling should handle JSON parsing errors" name="API Routes Tests Error Handling should handle JSON parsing errors" time="0">
    </testcase>
    <testcase classname="API Routes Tests Error Handling should handle service errors" name="API Routes Tests Error Handling should handle service errors" time="0.001">
    </testcase>
    <testcase classname="API Routes Tests Error Handling should handle rate limiting" name="API Routes Tests Error Handling should handle rate limiting" time="0">
    </testcase>
    <testcase classname="API Routes Tests Middleware Logic should identify API routes" name="API Routes Tests Middleware Logic should identify API routes" time="0.004">
    </testcase>
    <testcase classname="API Routes Tests Middleware Logic should identify static files" name="API Routes Tests Middleware Logic should identify static files" time="0">
    </testcase>
    <testcase classname="API Routes Tests Middleware Logic should apply rate limiting" name="API Routes Tests Middleware Logic should apply rate limiting" time="0">
    </testcase>
  </testsuite>
  <testsuite name="Notifications Service" errors="0" failures="0" skipped="0" timestamp="2025-06-15T22:06:13" time="0.441" tests="7">
    <testcase classname="Notifications Service Notification Creation should create notification with required fields" name="Notifications Service Notification Creation should create notification with required fields" time="0.003">
    </testcase>
    <testcase classname="Notifications Service Notification Creation should validate notification data" name="Notifications Service Notification Creation should validate notification data" time="0">
    </testcase>
    <testcase classname="Notifications Service Notification Management should manage notification queue" name="Notifications Service Notification Management should manage notification queue" time="0">
    </testcase>
    <testcase classname="Notifications Service Notification Management should filter notifications by criteria" name="Notifications Service Notification Management should filter notifications by criteria" time="0.001">
    </testcase>
    <testcase classname="Notifications Service Notification Delivery should handle delivery channels" name="Notifications Service Notification Delivery should handle delivery channels" time="0">
    </testcase>
    <testcase classname="Notifications Service Notification Delivery should implement retry logic" name="Notifications Service Notification Delivery should implement retry logic" time="0.406">
    </testcase>
    <testcase classname="Notifications Service Notification Templates should render notification templates" name="Notifications Service Notification Templates should render notification templates" time="0.002">
    </testcase>
  </testsuite>
  <testsuite name="useNotifications Hook" errors="0" failures="0" skipped="0" timestamp="2025-06-15T22:06:13" time="0.551" tests="4">
    <testcase classname="useNotifications Hook Notification State Management should manage notifications state" name="useNotifications Hook Notification State Management should manage notifications state" time="0.002">
    </testcase>
    <testcase classname="useNotifications Hook Notification Preferences should manage notification preferences" name="useNotifications Hook Notification Preferences should manage notification preferences" time="0.002">
    </testcase>
    <testcase classname="useNotifications Hook Notification Queue Management should manage notification queue with rate limiting" name="useNotifications Hook Notification Queue Management should manage notification queue with rate limiting" time="0.504">
    </testcase>
    <testcase classname="useNotifications Hook Notification Templates and Formatting should format notifications with templates" name="useNotifications Hook Notification Templates and Formatting should format notifications with templates" time="0.002">
    </testcase>
  </testsuite>
  <testsuite name="useWatchlist Hook" errors="0" failures="6" skipped="0" timestamp="2025-06-15T22:06:12" time="1.75" tests="8">
    <testcase classname="useWatchlist Hook should initialize with empty watchlist" name="useWatchlist Hook should initialize with empty watchlist" time="0.011">
      <failure>Error: expect(received).toBe(expected) // Object.is equality

Expected: true
Received: undefined
    at Object.toBe (/Users/rafaelfontes/Desktop/penny-wise/__tests__/unit/hooks/use-watchlist-real.test.ts:60:38)
    at Promise.then.completed (/Users/rafaelfontes/Desktop/penny-wise/node_modules/jest-circus/build/utils.js:298:28)
    at new Promise (&lt;anonymous&gt;)
    at callAsyncCircusFn (/Users/rafaelfontes/Desktop/penny-wise/node_modules/jest-circus/build/utils.js:231:10)
    at _callCircusTest (/Users/rafaelfontes/Desktop/penny-wise/node_modules/jest-circus/build/run.js:316:40)
    at processTicksAndRejections (node:internal/process/task_queues:105:5)
    at _runTest (/Users/rafaelfontes/Desktop/penny-wise/node_modules/jest-circus/build/run.js:252:3)
    at _runTestsForDescribeBlock (/Users/rafaelfontes/Desktop/penny-wise/node_modules/jest-circus/build/run.js:126:9)
    at _runTestsForDescribeBlock (/Users/rafaelfontes/Desktop/penny-wise/node_modules/jest-circus/build/run.js:121:9)
    at run (/Users/rafaelfontes/Desktop/penny-wise/node_modules/jest-circus/build/run.js:71:3)
    at runAndTransformResultsToJestFormat (/Users/rafaelfontes/Desktop/penny-wise/node_modules/jest-circus/build/legacy-code-todo-rewrite/jestAdapterInit.js:122:21)
    at jestAdapter (/Users/rafaelfontes/Desktop/penny-wise/node_modules/jest-circus/build/legacy-code-todo-rewrite/jestAdapter.js:79:19)
    at runTestInternal (/Users/rafaelfontes/Desktop/penny-wise/node_modules/jest-runner/build/runTest.js:367:16)
    at runTest (/Users/rafaelfontes/Desktop/penny-wise/node_modules/jest-runner/build/runTest.js:444:34)
    at Object.worker (/Users/rafaelfontes/Desktop/penny-wise/node_modules/jest-runner/build/testWorker.js:106:12)</failure>
    </testcase>
    <testcase classname="useWatchlist Hook should add symbol to watchlist" name="useWatchlist Hook should add symbol to watchlist" time="0.005">
      <failure>TypeError: result.current.addToWatchlist is not a function
    at addToWatchlist (/Users/rafaelfontes/Desktop/penny-wise/__tests__/unit/hooks/use-watchlist-real.test.ts:91:28)
    at /Users/rafaelfontes/Desktop/penny-wise/node_modules/@testing-library/react/dist/act-compat.js:48:24
    at Object.&lt;anonymous&gt;.process.env.NODE_ENV.exports.act (/Users/rafaelfontes/Desktop/penny-wise/node_modules/react/cjs/react.development.js:789:22)
    at /Users/rafaelfontes/Desktop/penny-wise/node_modules/@testing-library/react/dist/act-compat.js:47:25
    at Object.&lt;anonymous&gt; (/Users/rafaelfontes/Desktop/penny-wise/__tests__/unit/hooks/use-watchlist-real.test.ts:90:14)
    at Promise.then.completed (/Users/rafaelfontes/Desktop/penny-wise/node_modules/jest-circus/build/utils.js:298:28)
    at new Promise (&lt;anonymous&gt;)
    at callAsyncCircusFn (/Users/rafaelfontes/Desktop/penny-wise/node_modules/jest-circus/build/utils.js:231:10)
    at _callCircusTest (/Users/rafaelfontes/Desktop/penny-wise/node_modules/jest-circus/build/run.js:316:40)
    at processTicksAndRejections (node:internal/process/task_queues:105:5)
    at _runTest (/Users/rafaelfontes/Desktop/penny-wise/node_modules/jest-circus/build/run.js:252:3)
    at _runTestsForDescribeBlock (/Users/rafaelfontes/Desktop/penny-wise/node_modules/jest-circus/build/run.js:126:9)
    at _runTestsForDescribeBlock (/Users/rafaelfontes/Desktop/penny-wise/node_modules/jest-circus/build/run.js:121:9)
    at run (/Users/rafaelfontes/Desktop/penny-wise/node_modules/jest-circus/build/run.js:71:3)
    at runAndTransformResultsToJestFormat (/Users/rafaelfontes/Desktop/penny-wise/node_modules/jest-circus/build/legacy-code-todo-rewrite/jestAdapterInit.js:122:21)
    at jestAdapter (/Users/rafaelfontes/Desktop/penny-wise/node_modules/jest-circus/build/legacy-code-todo-rewrite/jestAdapter.js:79:19)
    at runTestInternal (/Users/rafaelfontes/Desktop/penny-wise/node_modules/jest-runner/build/runTest.js:367:16)
    at runTest (/Users/rafaelfontes/Desktop/penny-wise/node_modules/jest-runner/build/runTest.js:444:34)
    at Object.worker (/Users/rafaelfontes/Desktop/penny-wise/node_modules/jest-runner/build/testWorker.js:106:12)</failure>
    </testcase>
    <testcase classname="useWatchlist Hook should remove symbol from watchlist" name="useWatchlist Hook should remove symbol from watchlist" time="0.004">
      <failure>TypeError: result.current.removeFromWatchlist is not a function
    at removeFromWatchlist (/Users/rafaelfontes/Desktop/penny-wise/__tests__/unit/hooks/use-watchlist-real.test.ts:126:28)
    at /Users/rafaelfontes/Desktop/penny-wise/node_modules/@testing-library/react/dist/act-compat.js:48:24
    at Object.&lt;anonymous&gt;.process.env.NODE_ENV.exports.act (/Users/rafaelfontes/Desktop/penny-wise/node_modules/react/cjs/react.development.js:789:22)
    at /Users/rafaelfontes/Desktop/penny-wise/node_modules/@testing-library/react/dist/act-compat.js:47:25
    at Object.&lt;anonymous&gt; (/Users/rafaelfontes/Desktop/penny-wise/__tests__/unit/hooks/use-watchlist-real.test.ts:125:14)
    at Promise.then.completed (/Users/rafaelfontes/Desktop/penny-wise/node_modules/jest-circus/build/utils.js:298:28)
    at new Promise (&lt;anonymous&gt;)
    at callAsyncCircusFn (/Users/rafaelfontes/Desktop/penny-wise/node_modules/jest-circus/build/utils.js:231:10)
    at _callCircusTest (/Users/rafaelfontes/Desktop/penny-wise/node_modules/jest-circus/build/run.js:316:40)
    at processTicksAndRejections (node:internal/process/task_queues:105:5)
    at _runTest (/Users/rafaelfontes/Desktop/penny-wise/node_modules/jest-circus/build/run.js:252:3)
    at _runTestsForDescribeBlock (/Users/rafaelfontes/Desktop/penny-wise/node_modules/jest-circus/build/run.js:126:9)
    at _runTestsForDescribeBlock (/Users/rafaelfontes/Desktop/penny-wise/node_modules/jest-circus/build/run.js:121:9)
    at run (/Users/rafaelfontes/Desktop/penny-wise/node_modules/jest-circus/build/run.js:71:3)
    at runAndTransformResultsToJestFormat (/Users/rafaelfontes/Desktop/penny-wise/node_modules/jest-circus/build/legacy-code-todo-rewrite/jestAdapterInit.js:122:21)
    at jestAdapter (/Users/rafaelfontes/Desktop/penny-wise/node_modules/jest-circus/build/legacy-code-todo-rewrite/jestAdapter.js:79:19)
    at runTestInternal (/Users/rafaelfontes/Desktop/penny-wise/node_modules/jest-runner/build/runTest.js:367:16)
    at runTest (/Users/rafaelfontes/Desktop/penny-wise/node_modules/jest-runner/build/runTest.js:444:34)
    at Object.worker (/Users/rafaelfontes/Desktop/penny-wise/node_modules/jest-runner/build/testWorker.js:106:12)</failure>
    </testcase>
    <testcase classname="useWatchlist Hook should handle errors gracefully" name="useWatchlist Hook should handle errors gracefully" time="1.027">
      <failure>Error: expect(received).toBe(expected) // Object.is equality

Expected: &quot;Database error&quot;
Received: &quot;supabase.auth.getSession is not a function&quot;

Ignored nodes: comments, script, style
&lt;html&gt;
  &lt;head /&gt;
  &lt;body&gt;
    &lt;div /&gt;
  &lt;/body&gt;
&lt;/html&gt;
    at toBe (/Users/rafaelfontes/Desktop/penny-wise/__tests__/unit/hooks/use-watchlist-real.test.ts:148:36)
    at runWithExpensiveErrorDiagnosticsDisabled (/Users/rafaelfontes/Desktop/penny-wise/node_modules/@testing-library/dom/dist/config.js:47:12)
    at checkCallback (/Users/rafaelfontes/Desktop/penny-wise/node_modules/@testing-library/dom/dist/wait-for.js:124:77)
    at checkRealTimersCallback (/Users/rafaelfontes/Desktop/penny-wise/node_modules/@testing-library/dom/dist/wait-for.js:118:16)
    at Timeout.task [as _onTimeout] (/Users/rafaelfontes/Desktop/penny-wise/node_modules/jsdom/lib/jsdom/browser/Window.js:579:19)
    at listOnTimeout (node:internal/timers:594:17)
    at processTimers (node:internal/timers:529:7)</failure>
    </testcase>
    <testcase classname="useWatchlist Hook should refresh quotes for watchlist items" name="useWatchlist Hook should refresh quotes for watchlist items" time="0.006">
      <failure>TypeError: result.current.refreshQuotes is not a function
    at refreshQuotes (/Users/rafaelfontes/Desktop/penny-wise/__tests__/unit/hooks/use-watchlist-real.test.ts:181:28)
    at /Users/rafaelfontes/Desktop/penny-wise/node_modules/@testing-library/react/dist/act-compat.js:48:24
    at Object.&lt;anonymous&gt;.process.env.NODE_ENV.exports.act (/Users/rafaelfontes/Desktop/penny-wise/node_modules/react/cjs/react.development.js:789:22)
    at /Users/rafaelfontes/Desktop/penny-wise/node_modules/@testing-library/react/dist/act-compat.js:47:25
    at Object.&lt;anonymous&gt; (/Users/rafaelfontes/Desktop/penny-wise/__tests__/unit/hooks/use-watchlist-real.test.ts:180:14)
    at Promise.then.completed (/Users/rafaelfontes/Desktop/penny-wise/node_modules/jest-circus/build/utils.js:298:28)
    at new Promise (&lt;anonymous&gt;)
    at callAsyncCircusFn (/Users/rafaelfontes/Desktop/penny-wise/node_modules/jest-circus/build/utils.js:231:10)
    at _callCircusTest (/Users/rafaelfontes/Desktop/penny-wise/node_modules/jest-circus/build/run.js:316:40)
    at _runTest (/Users/rafaelfontes/Desktop/penny-wise/node_modules/jest-circus/build/run.js:252:3)
    at _runTestsForDescribeBlock (/Users/rafaelfontes/Desktop/penny-wise/node_modules/jest-circus/build/run.js:126:9)
    at _runTestsForDescribeBlock (/Users/rafaelfontes/Desktop/penny-wise/node_modules/jest-circus/build/run.js:121:9)
    at run (/Users/rafaelfontes/Desktop/penny-wise/node_modules/jest-circus/build/run.js:71:3)
    at runAndTransformResultsToJestFormat (/Users/rafaelfontes/Desktop/penny-wise/node_modules/jest-circus/build/legacy-code-todo-rewrite/jestAdapterInit.js:122:21)
    at jestAdapter (/Users/rafaelfontes/Desktop/penny-wise/node_modules/jest-circus/build/legacy-code-todo-rewrite/jestAdapter.js:79:19)
    at runTestInternal (/Users/rafaelfontes/Desktop/penny-wise/node_modules/jest-runner/build/runTest.js:367:16)
    at runTest (/Users/rafaelfontes/Desktop/penny-wise/node_modules/jest-runner/build/runTest.js:444:34)
    at Object.worker (/Users/rafaelfontes/Desktop/penny-wise/node_modules/jest-runner/build/testWorker.js:106:12)</failure>
    </testcase>
    <testcase classname="useWatchlist Hook should validate symbol format" name="useWatchlist Hook should validate symbol format" time="0.003">
    </testcase>
    <testcase classname="useWatchlist Hook should prevent duplicate symbols" name="useWatchlist Hook should prevent duplicate symbols" time="0.003">
    </testcase>
    <testcase classname="useWatchlist Hook should update watchlist positions" name="useWatchlist Hook should update watchlist positions" time="0.004">
      <failure>Error: expect(jest.fn()).toHaveBeenCalledWith(...expected)

Expected: {&quot;position&quot;: 2}

Number of calls: 0
    at Object.toHaveBeenCalledWith (/Users/rafaelfontes/Desktop/penny-wise/__tests__/unit/hooks/use-watchlist-real.test.ts:264:24)</failure>
    </testcase>
  </testsuite>
  <testsuite name="useAlerts Hook" errors="0" failures="0" skipped="0" timestamp="2025-06-15T22:06:13" time="0.169" tests="5">
    <testcase classname="useAlerts Hook Alert State Management should manage alerts state" name="useAlerts Hook Alert State Management should manage alerts state" time="0.103">
    </testcase>
    <testcase classname="useAlerts Hook Alert State Management should handle alert validation" name="useAlerts Hook Alert State Management should handle alert validation" time="0.001">
    </testcase>
    <testcase classname="useAlerts Hook Alert Filtering and Sorting should filter and sort alerts" name="useAlerts Hook Alert Filtering and Sorting should filter and sort alerts" time="0.001">
    </testcase>
    <testcase classname="useAlerts Hook Alert Statistics should calculate alert statistics" name="useAlerts Hook Alert Statistics should calculate alert statistics" time="0.001">
    </testcase>
    <testcase classname="useAlerts Hook Alert Persistence should handle local storage persistence" name="useAlerts Hook Alert Persistence should handle local storage persistence" time="0.002">
    </testcase>
  </testsuite>
  <testsuite name="Data Processing Utilities Tests" errors="0" failures="0" skipped="0" timestamp="2025-06-15T22:06:13" time="0.366" tests="22">
    <testcase classname="Data Processing Utilities Tests Array Processing should chunk arrays into smaller arrays" name="Data Processing Utilities Tests Array Processing should chunk arrays into smaller arrays" time="0.001">
    </testcase>
    <testcase classname="Data Processing Utilities Tests Array Processing should remove duplicates from arrays" name="Data Processing Utilities Tests Array Processing should remove duplicates from arrays" time="0">
    </testcase>
    <testcase classname="Data Processing Utilities Tests Array Processing should flatten nested arrays" name="Data Processing Utilities Tests Array Processing should flatten nested arrays" time="0">
    </testcase>
    <testcase classname="Data Processing Utilities Tests Array Processing should group array elements by key" name="Data Processing Utilities Tests Array Processing should group array elements by key" time="0">
    </testcase>
    <testcase classname="Data Processing Utilities Tests Array Processing should sort arrays by multiple criteria" name="Data Processing Utilities Tests Array Processing should sort arrays by multiple criteria" time="0.001">
    </testcase>
    <testcase classname="Data Processing Utilities Tests Object Processing should deep clone objects" name="Data Processing Utilities Tests Object Processing should deep clone objects" time="0">
    </testcase>
    <testcase classname="Data Processing Utilities Tests Object Processing should merge objects deeply" name="Data Processing Utilities Tests Object Processing should merge objects deeply" time="0">
    </testcase>
    <testcase classname="Data Processing Utilities Tests Object Processing should pick specific properties from objects" name="Data Processing Utilities Tests Object Processing should pick specific properties from objects" time="0">
    </testcase>
    <testcase classname="Data Processing Utilities Tests Object Processing should omit specific properties from objects" name="Data Processing Utilities Tests Object Processing should omit specific properties from objects" time="0.001">
    </testcase>
    <testcase classname="Data Processing Utilities Tests Data Validation should validate stock symbols" name="Data Processing Utilities Tests Data Validation should validate stock symbols" time="0.001">
    </testcase>
    <testcase classname="Data Processing Utilities Tests Data Validation should validate email addresses" name="Data Processing Utilities Tests Data Validation should validate email addresses" time="0.003">
    </testcase>
    <testcase classname="Data Processing Utilities Tests Data Validation should validate numeric ranges" name="Data Processing Utilities Tests Data Validation should validate numeric ranges" time="0.001">
    </testcase>
    <testcase classname="Data Processing Utilities Tests Data Validation should validate required fields" name="Data Processing Utilities Tests Data Validation should validate required fields" time="0.001">
    </testcase>
    <testcase classname="Data Processing Utilities Tests Data Transformation should transform API quote responses" name="Data Processing Utilities Tests Data Transformation should transform API quote responses" time="0.001">
    </testcase>
    <testcase classname="Data Processing Utilities Tests Data Transformation should normalize data structures" name="Data Processing Utilities Tests Data Transformation should normalize data structures" time="0">
    </testcase>
    <testcase classname="Data Processing Utilities Tests Data Transformation should aggregate data by time periods" name="Data Processing Utilities Tests Data Transformation should aggregate data by time periods" time="0">
    </testcase>
    <testcase classname="Data Processing Utilities Tests Data Filtering and Searching should filter data by multiple criteria" name="Data Processing Utilities Tests Data Filtering and Searching should filter data by multiple criteria" time="0.01">
    </testcase>
    <testcase classname="Data Processing Utilities Tests Data Filtering and Searching should implement fuzzy search" name="Data Processing Utilities Tests Data Filtering and Searching should implement fuzzy search" time="0.003">
    </testcase>
    <testcase classname="Data Processing Utilities Tests Data Filtering and Searching should paginate data" name="Data Processing Utilities Tests Data Filtering and Searching should paginate data" time="0">
    </testcase>
    <testcase classname="Data Processing Utilities Tests Performance Optimization should debounce function calls" name="Data Processing Utilities Tests Performance Optimization should debounce function calls" time="0.152">
    </testcase>
    <testcase classname="Data Processing Utilities Tests Performance Optimization should throttle function calls" name="Data Processing Utilities Tests Performance Optimization should throttle function calls" time="0.152">
    </testcase>
    <testcase classname="Data Processing Utilities Tests Performance Optimization should memoize function results" name="Data Processing Utilities Tests Performance Optimization should memoize function results" time="0.001">
    </testcase>
  </testsuite>
  <testsuite name="Market Analysis API Tests" errors="0" failures="0" skipped="0" timestamp="2025-06-15T22:06:13" time="0.089" tests="1">
    <testcase classname="Market Analysis API Tests should analyze market data" name="Market Analysis API Tests should analyze market data" time="0">
    </testcase>
  </testsuite>
  <testsuite name="CacheService Tests" errors="0" failures="0" skipped="0" timestamp="2025-06-15T22:06:13" time="0.325" tests="14">
    <testcase classname="CacheService Tests Basic Operations should set and get cache items" name="CacheService Tests Basic Operations should set and get cache items" time="0.001">
    </testcase>
    <testcase classname="CacheService Tests Basic Operations should return null for non-existent keys" name="CacheService Tests Basic Operations should return null for non-existent keys" time="0">
    </testcase>
    <testcase classname="CacheService Tests Basic Operations should check if key exists" name="CacheService Tests Basic Operations should check if key exists" time="0">
    </testcase>
    <testcase classname="CacheService Tests Basic Operations should delete cache items" name="CacheService Tests Basic Operations should delete cache items" time="0">
    </testcase>
    <testcase classname="CacheService Tests Basic Operations should clear all cache items" name="CacheService Tests Basic Operations should clear all cache items" time="0">
    </testcase>
    <testcase classname="CacheService Tests TTL and Expiration should respect custom TTL" name="CacheService Tests TTL and Expiration should respect custom TTL" time="0.151">
    </testcase>
    <testcase classname="CacheService Tests TTL and Expiration should identify expired items" name="CacheService Tests TTL and Expiration should identify expired items" time="0.104">
    </testcase>
    <testcase classname="CacheService Tests getOrSet Method should return cached value if exists" name="CacheService Tests getOrSet Method should return cached value if exists" time="0.001">
    </testcase>
    <testcase classname="CacheService Tests getOrSet Method should fetch and cache new value if not exists" name="CacheService Tests getOrSet Method should fetch and cache new value if not exists" time="0.001">
    </testcase>
    <testcase classname="CacheService Tests Cache Statistics should track hit and miss statistics" name="CacheService Tests Cache Statistics should track hit and miss statistics" time="0.001">
    </testcase>
    <testcase classname="CacheService Tests Cache Statistics should track cache size" name="CacheService Tests Cache Statistics should track cache size" time="0">
    </testcase>
    <testcase classname="CacheService Tests Cache Statistics should track memory usage" name="CacheService Tests Cache Statistics should track memory usage" time="0">
    </testcase>
    <testcase classname="CacheService Tests Data Types should handle different data types" name="CacheService Tests Data Types should handle different data types" time="0.002">
    </testcase>
    <testcase classname="CacheService Tests Configuration should respect disabled stats configuration" name="CacheService Tests Configuration should respect disabled stats configuration" time="0">
    </testcase>
  </testsuite>
  <testsuite name="Data Processing Utilities Tests" errors="0" failures="0" skipped="0" timestamp="2025-06-15T22:06:13" time="0.402" tests="22">
    <testcase classname="Data Processing Utilities Tests Array Processing should chunk arrays into smaller arrays" name="Data Processing Utilities Tests Array Processing should chunk arrays into smaller arrays" time="0.001">
    </testcase>
    <testcase classname="Data Processing Utilities Tests Array Processing should remove duplicates from arrays" name="Data Processing Utilities Tests Array Processing should remove duplicates from arrays" time="0.001">
    </testcase>
    <testcase classname="Data Processing Utilities Tests Array Processing should flatten nested arrays" name="Data Processing Utilities Tests Array Processing should flatten nested arrays" time="0">
    </testcase>
    <testcase classname="Data Processing Utilities Tests Array Processing should group array elements by key" name="Data Processing Utilities Tests Array Processing should group array elements by key" time="0">
    </testcase>
    <testcase classname="Data Processing Utilities Tests Array Processing should sort arrays by multiple criteria" name="Data Processing Utilities Tests Array Processing should sort arrays by multiple criteria" time="0.001">
    </testcase>
    <testcase classname="Data Processing Utilities Tests Object Processing should deep clone objects" name="Data Processing Utilities Tests Object Processing should deep clone objects" time="0">
    </testcase>
    <testcase classname="Data Processing Utilities Tests Object Processing should merge objects deeply" name="Data Processing Utilities Tests Object Processing should merge objects deeply" time="0">
    </testcase>
    <testcase classname="Data Processing Utilities Tests Object Processing should pick specific properties from objects" name="Data Processing Utilities Tests Object Processing should pick specific properties from objects" time="0.001">
    </testcase>
    <testcase classname="Data Processing Utilities Tests Object Processing should omit specific properties from objects" name="Data Processing Utilities Tests Object Processing should omit specific properties from objects" time="0">
    </testcase>
    <testcase classname="Data Processing Utilities Tests Data Validation should validate stock symbols" name="Data Processing Utilities Tests Data Validation should validate stock symbols" time="0.004">
    </testcase>
    <testcase classname="Data Processing Utilities Tests Data Validation should validate email addresses" name="Data Processing Utilities Tests Data Validation should validate email addresses" time="0.001">
    </testcase>
    <testcase classname="Data Processing Utilities Tests Data Validation should validate numeric ranges" name="Data Processing Utilities Tests Data Validation should validate numeric ranges" time="0">
    </testcase>
    <testcase classname="Data Processing Utilities Tests Data Validation should validate required fields" name="Data Processing Utilities Tests Data Validation should validate required fields" time="0">
    </testcase>
    <testcase classname="Data Processing Utilities Tests Data Transformation should transform API quote responses" name="Data Processing Utilities Tests Data Transformation should transform API quote responses" time="0">
    </testcase>
    <testcase classname="Data Processing Utilities Tests Data Transformation should normalize data structures" name="Data Processing Utilities Tests Data Transformation should normalize data structures" time="0.001">
    </testcase>
    <testcase classname="Data Processing Utilities Tests Data Transformation should aggregate data by time periods" name="Data Processing Utilities Tests Data Transformation should aggregate data by time periods" time="0">
    </testcase>
    <testcase classname="Data Processing Utilities Tests Data Filtering and Searching should filter data by multiple criteria" name="Data Processing Utilities Tests Data Filtering and Searching should filter data by multiple criteria" time="0">
    </testcase>
    <testcase classname="Data Processing Utilities Tests Data Filtering and Searching should implement fuzzy search" name="Data Processing Utilities Tests Data Filtering and Searching should implement fuzzy search" time="0.001">
    </testcase>
    <testcase classname="Data Processing Utilities Tests Data Filtering and Searching should paginate data" name="Data Processing Utilities Tests Data Filtering and Searching should paginate data" time="0">
    </testcase>
    <testcase classname="Data Processing Utilities Tests Performance Optimization should debounce function calls" name="Data Processing Utilities Tests Performance Optimization should debounce function calls" time="0.155">
    </testcase>
    <testcase classname="Data Processing Utilities Tests Performance Optimization should throttle function calls" name="Data Processing Utilities Tests Performance Optimization should throttle function calls" time="0.153">
    </testcase>
    <testcase classname="Data Processing Utilities Tests Performance Optimization should memoize function results" name="Data Processing Utilities Tests Performance Optimization should memoize function results" time="0.001">
    </testcase>
  </testsuite>
  <testsuite name="UUID Utility Tests" errors="0" failures="0" skipped="0" timestamp="2025-06-15T22:06:14" time="0.074" tests="16">
    <testcase classname="UUID Utility Tests generateUUID should generate valid UUID format" name="UUID Utility Tests generateUUID should generate valid UUID format" time="0.001">
    </testcase>
    <testcase classname="UUID Utility Tests generateUUID should generate unique UUIDs" name="UUID Utility Tests generateUUID should generate unique UUIDs" time="0">
    </testcase>
    <testcase classname="UUID Utility Tests generateUUID should have correct UUID structure" name="UUID Utility Tests generateUUID should have correct UUID structure" time="0.01">
    </testcase>
    <testcase classname="UUID Utility Tests generateUUID should generate UUID v4" name="UUID Utility Tests generateUUID should generate UUID v4" time="0">
    </testcase>
    <testcase classname="UUID Utility Tests generateUUID should only contain valid hexadecimal characters" name="UUID Utility Tests generateUUID should only contain valid hexadecimal characters" time="0">
    </testcase>
    <testcase classname="UUID Utility Tests generateShortId should generate short ID with variable length" name="UUID Utility Tests generateShortId should generate short ID with variable length" time="0">
    </testcase>
    <testcase classname="UUID Utility Tests generateShortId should generate unique short IDs" name="UUID Utility Tests generateShortId should generate unique short IDs" time="0">
    </testcase>
    <testcase classname="UUID Utility Tests generateShortId should only contain alphanumeric characters" name="UUID Utility Tests generateShortId should only contain alphanumeric characters" time="0">
    </testcase>
    <testcase classname="UUID Utility Tests generateShortId should not contain special characters" name="UUID Utility Tests generateShortId should not contain special characters" time="0.001">
    </testcase>
    <testcase classname="UUID Utility Tests generateShortId should be shorter than UUID" name="UUID Utility Tests generateShortId should be shorter than UUID" time="0">
    </testcase>
    <testcase classname="UUID Utility Tests generateShortId should work consistently across multiple calls" name="UUID Utility Tests generateShortId should work consistently across multiple calls" time="0.001">
    </testcase>
    <testcase classname="UUID Utility Tests Performance Tests should generate UUIDs quickly" name="UUID Utility Tests Performance Tests should generate UUIDs quickly" time="0.002">
    </testcase>
    <testcase classname="UUID Utility Tests Performance Tests should generate short IDs quickly" name="UUID Utility Tests Performance Tests should generate short IDs quickly" time="0">
    </testcase>
    <testcase classname="UUID Utility Tests Format Validation UUID should be safe for database storage" name="UUID Utility Tests Format Validation UUID should be safe for database storage" time="0">
    </testcase>
    <testcase classname="UUID Utility Tests Format Validation short ID should be URL-safe" name="UUID Utility Tests Format Validation short ID should be URL-safe" time="0.001">
    </testcase>
    <testcase classname="UUID Utility Tests Format Validation should be compatible with JSON serialization" name="UUID Utility Tests Format Validation should be compatible with JSON serialization" time="0">
    </testcase>
  </testsuite>
  <testsuite name="Component Integration" errors="0" failures="0" skipped="0" timestamp="2025-06-15T22:06:14" time="0.063" tests="1">
    <testcase classname="Component Integration should render components correctly" name="Component Integration should render components correctly" time="0.001">
    </testcase>
  </testsuite>
  <testsuite name="LangChain Chat API Tests" errors="0" failures="0" skipped="0" timestamp="2025-06-15T22:06:14" time="0.055" tests="1">
    <testcase classname="LangChain Chat API Tests should handle chat requests" name="LangChain Chat API Tests should handle chat requests" time="0.001">
    </testcase>
  </testsuite>
  <testsuite name="Portfolio Components Tests" errors="0" failures="0" skipped="0" timestamp="2025-06-15T22:06:14" time="0.05" tests="1">
    <testcase classname="Portfolio Components Tests should render portfolio" name="Portfolio Components Tests should render portfolio" time="0.001">
    </testcase>
  </testsuite>
  <testsuite name="Error Handler Working Tests" errors="0" failures="0" skipped="0" timestamp="2025-06-15T22:06:14" time="0.156" tests="35">
    <testcase classname="Error Handler Working Tests ErrorHandler.createApiError should create API error from Error object" name="Error Handler Working Tests ErrorHandler.createApiError should create API error from Error object" time="0.001">
    </testcase>
    <testcase classname="Error Handler Working Tests ErrorHandler.createApiError should categorize network errors correctly" name="Error Handler Working Tests ErrorHandler.createApiError should categorize network errors correctly" time="0">
    </testcase>
    <testcase classname="Error Handler Working Tests ErrorHandler.createApiError should categorize fetch errors correctly" name="Error Handler Working Tests ErrorHandler.createApiError should categorize fetch errors correctly" time="0">
    </testcase>
    <testcase classname="Error Handler Working Tests ErrorHandler.createApiError should categorize timeout errors correctly" name="Error Handler Working Tests ErrorHandler.createApiError should categorize timeout errors correctly" time="0">
    </testcase>
    <testcase classname="Error Handler Working Tests ErrorHandler.createApiError should categorize auth errors correctly" name="Error Handler Working Tests ErrorHandler.createApiError should categorize auth errors correctly" time="0.001">
    </testcase>
    <testcase classname="Error Handler Working Tests ErrorHandler.createApiError should categorize validation errors correctly" name="Error Handler Working Tests ErrorHandler.createApiError should categorize validation errors correctly" time="0">
    </testcase>
    <testcase classname="Error Handler Working Tests ErrorHandler.createApiError should categorize rate limit errors correctly" name="Error Handler Working Tests ErrorHandler.createApiError should categorize rate limit errors correctly" time="0">
    </testcase>
    <testcase classname="Error Handler Working Tests ErrorHandler.createApiError should categorize server errors correctly" name="Error Handler Working Tests ErrorHandler.createApiError should categorize server errors correctly" time="0.001">
    </testcase>
    <testcase classname="Error Handler Working Tests ErrorHandler.createApiError should handle string errors" name="Error Handler Working Tests ErrorHandler.createApiError should handle string errors" time="0">
    </testcase>
    <testcase classname="Error Handler Working Tests ErrorHandler.createApiError should handle unknown error types" name="Error Handler Working Tests ErrorHandler.createApiError should handle unknown error types" time="0.001">
    </testcase>
    <testcase classname="Error Handler Working Tests ErrorHandler.createApiError should respect custom retryable parameter" name="Error Handler Working Tests ErrorHandler.createApiError should respect custom retryable parameter" time="0">
    </testcase>
    <testcase classname="Error Handler Working Tests ErrorHandler.handleServiceError should handle service errors and return standard response" name="Error Handler Working Tests ErrorHandler.handleServiceError should handle service errors and return standard response" time="0.008">
    </testcase>
    <testcase classname="Error Handler Working Tests ErrorHandler.handleServiceError should log errors when handling service errors" name="Error Handler Working Tests ErrorHandler.handleServiceError should log errors when handling service errors" time="0">
    </testcase>
    <testcase classname="Error Handler Working Tests ErrorHandler.handleServiceError should include error metadata in response" name="Error Handler Working Tests ErrorHandler.handleServiceError should include error metadata in response" time="0.001">
    </testcase>
    <testcase classname="Error Handler Working Tests ErrorHandler.handleAsyncOperation should handle successful async operations" name="Error Handler Working Tests ErrorHandler.handleAsyncOperation should handle successful async operations" time="0">
    </testcase>
    <testcase classname="Error Handler Working Tests ErrorHandler.handleAsyncOperation should retry failed operations" name="Error Handler Working Tests ErrorHandler.handleAsyncOperation should retry failed operations" time="0.032">
    </testcase>
    <testcase classname="Error Handler Working Tests ErrorHandler.handleAsyncOperation should return error response after max retries" name="Error Handler Working Tests ErrorHandler.handleAsyncOperation should return error response after max retries" time="0.012">
    </testcase>
    <testcase classname="Error Handler Working Tests ErrorHandler.handleAsyncOperation should handle non-retryable errors without retrying" name="Error Handler Working Tests ErrorHandler.handleAsyncOperation should handle non-retryable errors without retrying" time="0">
    </testcase>
    <testcase classname="Error Handler Working Tests ErrorHandler.isRetryableError should identify retryable errors" name="Error Handler Working Tests ErrorHandler.isRetryableError should identify retryable errors" time="0">
    </testcase>
    <testcase classname="Error Handler Working Tests ErrorHandler.isRetryableError should identify non-retryable errors by type" name="Error Handler Working Tests ErrorHandler.isRetryableError should identify non-retryable errors by type" time="0">
    </testcase>
    <testcase classname="Error Handler Working Tests ErrorHandler.isRetryableError should identify non-retryable errors by flag" name="Error Handler Working Tests ErrorHandler.isRetryableError should identify non-retryable errors by flag" time="0.001">
    </testcase>
    <testcase classname="Error Handler Working Tests ErrorHandler.shouldRetryAfter should return correct delay for rate limit errors" name="Error Handler Working Tests ErrorHandler.shouldRetryAfter should return correct delay for rate limit errors" time="0">
    </testcase>
    <testcase classname="Error Handler Working Tests ErrorHandler.shouldRetryAfter should return correct delay for timeout errors" name="Error Handler Working Tests ErrorHandler.shouldRetryAfter should return correct delay for timeout errors" time="0">
    </testcase>
    <testcase classname="Error Handler Working Tests ErrorHandler.shouldRetryAfter should return correct delay for network errors" name="Error Handler Working Tests ErrorHandler.shouldRetryAfter should return correct delay for network errors" time="0">
    </testcase>
    <testcase classname="Error Handler Working Tests ErrorHandler.shouldRetryAfter should return correct delay for server errors" name="Error Handler Working Tests ErrorHandler.shouldRetryAfter should return correct delay for server errors" time="0">
    </testcase>
    <testcase classname="Error Handler Working Tests ErrorHandler.shouldRetryAfter should return default delay for unknown errors" name="Error Handler Working Tests ErrorHandler.shouldRetryAfter should return default delay for unknown errors" time="0">
    </testcase>
    <testcase classname="Error Handler Working Tests logError utility should log errors with context" name="Error Handler Working Tests logError utility should log errors with context" time="0">
    </testcase>
    <testcase classname="Error Handler Working Tests logError utility should log errors without context" name="Error Handler Working Tests logError utility should log errors without context" time="0.001">
    </testcase>
    <testcase classname="Error Handler Working Tests logError utility should handle string errors" name="Error Handler Working Tests logError utility should handle string errors" time="0">
    </testcase>
    <testcase classname="Error Handler Working Tests logError utility should handle non-Error objects" name="Error Handler Working Tests logError utility should handle non-Error objects" time="0">
    </testcase>
    <testcase classname="Error Handler Working Tests Error Types and Enums should have all required error types" name="Error Handler Working Tests Error Types and Enums should have all required error types" time="0">
    </testcase>
    <testcase classname="Error Handler Working Tests Error Types and Enums should have all severity levels" name="Error Handler Working Tests Error Types and Enums should have all severity levels" time="0.003">
    </testcase>
    <testcase classname="Error Handler Working Tests Integration Tests should handle complex error scenarios" name="Error Handler Working Tests Integration Tests should handle complex error scenarios" time="0.033">
    </testcase>
    <testcase classname="Error Handler Working Tests Integration Tests should handle mixed error types in sequence" name="Error Handler Working Tests Integration Tests should handle mixed error types in sequence" time="0.001">
    </testcase>
    <testcase classname="Error Handler Working Tests Integration Tests should handle service error with proper metadata" name="Error Handler Working Tests Integration Tests should handle service error with proper metadata" time="0.001">
    </testcase>
  </testsuite>
  <testsuite name="Alpha Vantage Service Extended Tests" errors="0" failures="0" skipped="0" timestamp="2025-06-15T22:06:13" time="1.197" tests="24">
    <testcase classname="Alpha Vantage Service Extended Tests API Request Handling should make successful API request" name="Alpha Vantage Service Extended Tests API Request Handling should make successful API request" time="0.001">
    </testcase>
    <testcase classname="Alpha Vantage Service Extended Tests API Request Handling should handle API rate limit error" name="Alpha Vantage Service Extended Tests API Request Handling should handle API rate limit error" time="0">
    </testcase>
    <testcase classname="Alpha Vantage Service Extended Tests API Request Handling should handle API error message" name="Alpha Vantage Service Extended Tests API Request Handling should handle API error message" time="0">
    </testcase>
    <testcase classname="Alpha Vantage Service Extended Tests API Request Handling should handle network errors" name="Alpha Vantage Service Extended Tests API Request Handling should handle network errors" time="0.001">
    </testcase>
    <testcase classname="Alpha Vantage Service Extended Tests API Request Handling should handle HTTP error responses" name="Alpha Vantage Service Extended Tests API Request Handling should handle HTTP error responses" time="0.001">
    </testcase>
    <testcase classname="Alpha Vantage Service Extended Tests Data Parsing and Transformation should parse stock quote data correctly" name="Alpha Vantage Service Extended Tests Data Parsing and Transformation should parse stock quote data correctly" time="0.001">
    </testcase>
    <testcase classname="Alpha Vantage Service Extended Tests Data Parsing and Transformation should parse company overview data" name="Alpha Vantage Service Extended Tests Data Parsing and Transformation should parse company overview data" time="0.001">
    </testcase>
    <testcase classname="Alpha Vantage Service Extended Tests Data Parsing and Transformation should parse time series data" name="Alpha Vantage Service Extended Tests Data Parsing and Transformation should parse time series data" time="0.001">
    </testcase>
    <testcase classname="Alpha Vantage Service Extended Tests Data Parsing and Transformation should parse technical indicator data" name="Alpha Vantage Service Extended Tests Data Parsing and Transformation should parse technical indicator data" time="0.001">
    </testcase>
    <testcase classname="Alpha Vantage Service Extended Tests Data Parsing and Transformation should parse search results" name="Alpha Vantage Service Extended Tests Data Parsing and Transformation should parse search results" time="0.004">
    </testcase>
    <testcase classname="Alpha Vantage Service Extended Tests URL Construction should build correct API URLs" name="Alpha Vantage Service Extended Tests URL Construction should build correct API URLs" time="0.007">
    </testcase>
    <testcase classname="Alpha Vantage Service Extended Tests URL Construction should handle special characters in symbols" name="Alpha Vantage Service Extended Tests URL Construction should handle special characters in symbols" time="0.002">
    </testcase>
    <testcase classname="Alpha Vantage Service Extended Tests Error Handling Scenarios should handle missing API key" name="Alpha Vantage Service Extended Tests Error Handling Scenarios should handle missing API key" time="0">
    </testcase>
    <testcase classname="Alpha Vantage Service Extended Tests Error Handling Scenarios should handle malformed JSON response" name="Alpha Vantage Service Extended Tests Error Handling Scenarios should handle malformed JSON response" time="0.001">
    </testcase>
    <testcase classname="Alpha Vantage Service Extended Tests Error Handling Scenarios should handle empty response data" name="Alpha Vantage Service Extended Tests Error Handling Scenarios should handle empty response data" time="0">
    </testcase>
    <testcase classname="Alpha Vantage Service Extended Tests Error Handling Scenarios should handle timeout scenarios" name="Alpha Vantage Service Extended Tests Error Handling Scenarios should handle timeout scenarios" time="1.004">
    </testcase>
    <testcase classname="Alpha Vantage Service Extended Tests Data Validation should validate numeric values" name="Alpha Vantage Service Extended Tests Data Validation should validate numeric values" time="0.002">
    </testcase>
    <testcase classname="Alpha Vantage Service Extended Tests Data Validation should validate date formats" name="Alpha Vantage Service Extended Tests Data Validation should validate date formats" time="0.001">
    </testcase>
    <testcase classname="Alpha Vantage Service Extended Tests Data Validation should validate symbol formats" name="Alpha Vantage Service Extended Tests Data Validation should validate symbol formats" time="0.002">
    </testcase>
    <testcase classname="Alpha Vantage Service Extended Tests Performance and Caching should handle concurrent requests" name="Alpha Vantage Service Extended Tests Performance and Caching should handle concurrent requests" time="0.001">
    </testcase>
    <testcase classname="Alpha Vantage Service Extended Tests Performance and Caching should measure response times" name="Alpha Vantage Service Extended Tests Performance and Caching should measure response times" time="0.101">
    </testcase>
    <testcase classname="Alpha Vantage Service Extended Tests Performance and Caching should handle rate limiting gracefully" name="Alpha Vantage Service Extended Tests Performance and Caching should handle rate limiting gracefully" time="0.001">
    </testcase>
    <testcase classname="Alpha Vantage Service Extended Tests Integration Scenarios should handle complete stock analysis workflow" name="Alpha Vantage Service Extended Tests Integration Scenarios should handle complete stock analysis workflow" time="0">
    </testcase>
    <testcase classname="Alpha Vantage Service Extended Tests Integration Scenarios should handle batch symbol processing" name="Alpha Vantage Service Extended Tests Integration Scenarios should handle batch symbol processing" time="0.006">
    </testcase>
  </testsuite>
  <testsuite name="Cache Service Comprehensive Tests" errors="0" failures="3" skipped="0" timestamp="2025-06-15T22:06:12" time="2.291" tests="25">
    <testcase classname="Cache Service Comprehensive Tests Basic Cache Operations should set and get cache items" name="Cache Service Comprehensive Tests Basic Cache Operations should set and get cache items" time="0.014">
    </testcase>
    <testcase classname="Cache Service Comprehensive Tests Basic Cache Operations should return null for non-existent keys" name="Cache Service Comprehensive Tests Basic Cache Operations should return null for non-existent keys" time="0">
    </testcase>
    <testcase classname="Cache Service Comprehensive Tests Basic Cache Operations should handle different data types" name="Cache Service Comprehensive Tests Basic Cache Operations should handle different data types" time="0.001">
    </testcase>
    <testcase classname="Cache Service Comprehensive Tests Basic Cache Operations should check if key exists" name="Cache Service Comprehensive Tests Basic Cache Operations should check if key exists" time="0.001">
    </testcase>
    <testcase classname="Cache Service Comprehensive Tests Basic Cache Operations should delete cache items" name="Cache Service Comprehensive Tests Basic Cache Operations should delete cache items" time="0">
    </testcase>
    <testcase classname="Cache Service Comprehensive Tests Basic Cache Operations should clear all cache items" name="Cache Service Comprehensive Tests Basic Cache Operations should clear all cache items" time="0.001">
    </testcase>
    <testcase classname="Cache Service Comprehensive Tests TTL and Expiration should respect custom TTL" name="Cache Service Comprehensive Tests TTL and Expiration should respect custom TTL" time="0.151">
    </testcase>
    <testcase classname="Cache Service Comprehensive Tests TTL and Expiration should use default TTL when not specified" name="Cache Service Comprehensive Tests TTL and Expiration should use default TTL when not specified" time="1.104">
    </testcase>
    <testcase classname="Cache Service Comprehensive Tests TTL and Expiration should remove expired items on access" name="Cache Service Comprehensive Tests TTL and Expiration should remove expired items on access" time="0.102">
    </testcase>
    <testcase classname="Cache Service Comprehensive Tests Advanced Operations should implement getOrSet pattern" name="Cache Service Comprehensive Tests Advanced Operations should implement getOrSet pattern" time="0.002">
    </testcase>
    <testcase classname="Cache Service Comprehensive Tests Advanced Operations should handle batch operations" name="Cache Service Comprehensive Tests Advanced Operations should handle batch operations" time="0">
    </testcase>
    <testcase classname="Cache Service Comprehensive Tests Advanced Operations should handle batch fetch failures gracefully" name="Cache Service Comprehensive Tests Advanced Operations should handle batch fetch failures gracefully" time="0.018">
      <failure>Error: expect(received).toBe(expected) // Object.is equality

Expected: &quot;expired-value&quot;
Received: undefined
    at Object.toBe (/Users/rafaelfontes/Desktop/penny-wise/__tests__/unit/utils/cache-service-comprehensive.test.ts:168:27)</failure>
    </testcase>
    <testcase classname="Cache Service Comprehensive Tests Statistics and Monitoring should track cache statistics" name="Cache Service Comprehensive Tests Statistics and Monitoring should track cache statistics" time="0.003">
    </testcase>
    <testcase classname="Cache Service Comprehensive Tests Statistics and Monitoring should track oldest and newest entries" name="Cache Service Comprehensive Tests Statistics and Monitoring should track oldest and newest entries" time="0.001">
    </testcase>
    <testcase classname="Cache Service Comprehensive Tests Statistics and Monitoring should identify expired items" name="Cache Service Comprehensive Tests Statistics and Monitoring should identify expired items" time="0.103">
    </testcase>
    <testcase classname="Cache Service Comprehensive Tests Memory Management should enforce maximum cache size" name="Cache Service Comprehensive Tests Memory Management should enforce maximum cache size" time="0.001">
    </testcase>
    <testcase classname="Cache Service Comprehensive Tests Memory Management should implement LRU eviction" name="Cache Service Comprehensive Tests Memory Management should implement LRU eviction" time="0">
      <failure>Error: expect(received).toBe(expected) // Object.is equality

Expected: true
Received: false
    at Object.toBe (/Users/rafaelfontes/Desktop/penny-wise/__tests__/unit/utils/cache-service-comprehensive.test.ts:251:38)
    at Promise.then.completed (/Users/rafaelfontes/Desktop/penny-wise/node_modules/jest-circus/build/utils.js:298:28)
    at new Promise (&lt;anonymous&gt;)
    at callAsyncCircusFn (/Users/rafaelfontes/Desktop/penny-wise/node_modules/jest-circus/build/utils.js:231:10)
    at _callCircusTest (/Users/rafaelfontes/Desktop/penny-wise/node_modules/jest-circus/build/run.js:316:40)
    at _runTest (/Users/rafaelfontes/Desktop/penny-wise/node_modules/jest-circus/build/run.js:252:3)
    at _runTestsForDescribeBlock (/Users/rafaelfontes/Desktop/penny-wise/node_modules/jest-circus/build/run.js:126:9)
    at _runTestsForDescribeBlock (/Users/rafaelfontes/Desktop/penny-wise/node_modules/jest-circus/build/run.js:121:9)
    at _runTestsForDescribeBlock (/Users/rafaelfontes/Desktop/penny-wise/node_modules/jest-circus/build/run.js:121:9)
    at run (/Users/rafaelfontes/Desktop/penny-wise/node_modules/jest-circus/build/run.js:71:3)
    at runAndTransformResultsToJestFormat (/Users/rafaelfontes/Desktop/penny-wise/node_modules/jest-circus/build/legacy-code-todo-rewrite/jestAdapterInit.js:122:21)
    at jestAdapter (/Users/rafaelfontes/Desktop/penny-wise/node_modules/jest-circus/build/legacy-code-todo-rewrite/jestAdapter.js:79:19)
    at runTestInternal (/Users/rafaelfontes/Desktop/penny-wise/node_modules/jest-runner/build/runTest.js:367:16)
    at runTest (/Users/rafaelfontes/Desktop/penny-wise/node_modules/jest-runner/build/runTest.js:444:34)
    at Object.worker (/Users/rafaelfontes/Desktop/penny-wise/node_modules/jest-runner/build/testWorker.js:106:12)</failure>
    </testcase>
    <testcase classname="Cache Service Comprehensive Tests Memory Management should estimate memory usage" name="Cache Service Comprehensive Tests Memory Management should estimate memory usage" time="0.001">
    </testcase>
    <testcase classname="Cache Service Comprehensive Tests Configuration and Lifecycle should accept custom configuration" name="Cache Service Comprehensive Tests Configuration and Lifecycle should accept custom configuration" time="0">
    </testcase>
    <testcase classname="Cache Service Comprehensive Tests Configuration and Lifecycle should handle cleanup timer lifecycle" name="Cache Service Comprehensive Tests Configuration and Lifecycle should handle cleanup timer lifecycle" time="0.201">
    </testcase>
    <testcase classname="Cache Service Comprehensive Tests Edge Cases and Error Handling should handle zero and negative TTL" name="Cache Service Comprehensive Tests Edge Cases and Error Handling should handle zero and negative TTL" time="0">
      <failure>Error: expect(received).toBe(expected) // Object.is equality

Expected: null
Received: &quot;value&quot;
    at Object.toBe (/Users/rafaelfontes/Desktop/penny-wise/__tests__/unit/utils/cache-service-comprehensive.test.ts:301:43)
    at Promise.then.completed (/Users/rafaelfontes/Desktop/penny-wise/node_modules/jest-circus/build/utils.js:298:28)
    at new Promise (&lt;anonymous&gt;)
    at callAsyncCircusFn (/Users/rafaelfontes/Desktop/penny-wise/node_modules/jest-circus/build/utils.js:231:10)
    at _callCircusTest (/Users/rafaelfontes/Desktop/penny-wise/node_modules/jest-circus/build/run.js:316:40)
    at _runTest (/Users/rafaelfontes/Desktop/penny-wise/node_modules/jest-circus/build/run.js:252:3)
    at _runTestsForDescribeBlock (/Users/rafaelfontes/Desktop/penny-wise/node_modules/jest-circus/build/run.js:126:9)
    at _runTestsForDescribeBlock (/Users/rafaelfontes/Desktop/penny-wise/node_modules/jest-circus/build/run.js:121:9)
    at _runTestsForDescribeBlock (/Users/rafaelfontes/Desktop/penny-wise/node_modules/jest-circus/build/run.js:121:9)
    at run (/Users/rafaelfontes/Desktop/penny-wise/node_modules/jest-circus/build/run.js:71:3)
    at runAndTransformResultsToJestFormat (/Users/rafaelfontes/Desktop/penny-wise/node_modules/jest-circus/build/legacy-code-todo-rewrite/jestAdapterInit.js:122:21)
    at jestAdapter (/Users/rafaelfontes/Desktop/penny-wise/node_modules/jest-circus/build/legacy-code-todo-rewrite/jestAdapter.js:79:19)
    at runTestInternal (/Users/rafaelfontes/Desktop/penny-wise/node_modules/jest-runner/build/runTest.js:367:16)
    at runTest (/Users/rafaelfontes/Desktop/penny-wise/node_modules/jest-runner/build/runTest.js:444:34)
    at Object.worker (/Users/rafaelfontes/Desktop/penny-wise/node_modules/jest-runner/build/testWorker.js:106:12)</failure>
    </testcase>
    <testcase classname="Cache Service Comprehensive Tests Edge Cases and Error Handling should handle very large TTL values" name="Cache Service Comprehensive Tests Edge Cases and Error Handling should handle very large TTL values" time="0">
    </testcase>
    <testcase classname="Cache Service Comprehensive Tests Edge Cases and Error Handling should handle special key values" name="Cache Service Comprehensive Tests Edge Cases and Error Handling should handle special key values" time="0.001">
    </testcase>
    <testcase classname="Cache Service Comprehensive Tests Edge Cases and Error Handling should handle concurrent operations" name="Cache Service Comprehensive Tests Edge Cases and Error Handling should handle concurrent operations" time="0.011">
    </testcase>
    <testcase classname="Cache Service Comprehensive Tests Edge Cases and Error Handling should handle circular references in objects" name="Cache Service Comprehensive Tests Edge Cases and Error Handling should handle circular references in objects" time="0.001">
    </testcase>
  </testsuite>
  <testsuite name="Alerts Service" errors="0" failures="0" skipped="0" timestamp="2025-06-15T22:06:14" time="0.063" tests="7">
    <testcase classname="Alerts Service Alert Creation should create price alert with valid data" name="Alerts Service Alert Creation should create price alert with valid data" time="0.001">
    </testcase>
    <testcase classname="Alerts Service Alert Creation should validate alert data" name="Alerts Service Alert Creation should validate alert data" time="0">
    </testcase>
    <testcase classname="Alerts Service Alert Conditions should evaluate alert conditions correctly" name="Alerts Service Alert Conditions should evaluate alert conditions correctly" time="0">
    </testcase>
    <testcase classname="Alerts Service Alert Conditions should handle complex alert conditions" name="Alerts Service Alert Conditions should handle complex alert conditions" time="0">
    </testcase>
    <testcase classname="Alerts Service Alert Management should manage alert lifecycle" name="Alerts Service Alert Management should manage alert lifecycle" time="0.001">
    </testcase>
    <testcase classname="Alerts Service Alert Processing should process market data against alerts" name="Alerts Service Alert Processing should process market data against alerts" time="0.001">
    </testcase>
    <testcase classname="Alerts Service Alert Processing should handle batch processing" name="Alerts Service Alert Processing should handle batch processing" time="0">
    </testcase>
  </testsuite>
  <testsuite name="UI Components" errors="0" failures="0" skipped="0" timestamp="2025-06-15T22:06:14" time="0.123" tests="17">
    <testcase classname="UI Components Button Component should render button with text" name="UI Components Button Component should render button with text" time="0.006">
    </testcase>
    <testcase classname="UI Components Button Component should handle click events" name="UI Components Button Component should handle click events" time="0.004">
    </testcase>
    <testcase classname="UI Components Button Component should be disabled when disabled prop is true" name="UI Components Button Component should be disabled when disabled prop is true" time="0.002">
    </testcase>
    <testcase classname="UI Components Input Component should render input with placeholder" name="UI Components Input Component should render input with placeholder" time="0.001">
    </testcase>
    <testcase classname="UI Components Input Component should handle value changes" name="UI Components Input Component should handle value changes" time="0.003">
    </testcase>
    <testcase classname="UI Components Card Component should render card with title and content" name="UI Components Card Component should render card with title and content" time="0.002">
    </testcase>
    <testcase classname="UI Components Card Component should render card without title" name="UI Components Card Component should render card without title" time="0.001">
    </testcase>
    <testcase classname="UI Components Modal Component should render modal when open" name="UI Components Modal Component should render modal when open" time="0.001">
    </testcase>
    <testcase classname="UI Components Modal Component should not render modal when closed" name="UI Components Modal Component should not render modal when closed" time="0.001">
    </testcase>
    <testcase classname="UI Components Modal Component should call onClose when close button is clicked" name="UI Components Modal Component should call onClose when close button is clicked" time="0.002">
    </testcase>
    <testcase classname="UI Components Loading Component should render loading spinner" name="UI Components Loading Component should render loading spinner" time="0.002">
    </testcase>
    <testcase classname="UI Components Loading Component should render loading with text" name="UI Components Loading Component should render loading with text" time="0.008">
    </testcase>
    <testcase classname="UI Components Alert Component should render alert with different types" name="UI Components Alert Component should render alert with different types" time="0.006">
    </testcase>
    <testcase classname="UI Components Alert Component should call onClose when close button is clicked" name="UI Components Alert Component should call onClose when close button is clicked" time="0.005">
    </testcase>
    <testcase classname="UI Components Form Components should render form with validation" name="UI Components Form Components should render form with validation" time="0.022">
    </testcase>
    <testcase classname="UI Components List Components should render list with items" name="UI Components List Components should render list with items" time="0.002">
    </testcase>
    <testcase classname="UI Components List Components should render empty list message" name="UI Components List Components should render empty list message" time="0.001">
    </testcase>
  </testsuite>
  <testsuite name="Error Handler Comprehensive Tests" errors="0" failures="7" skipped="0" timestamp="2025-06-15T22:06:12" time="2.306" tests="34">
    <testcase classname="Error Handler Comprehensive Tests ErrorHandler.createApiError should create API error from Error object" name="Error Handler Comprehensive Tests ErrorHandler.createApiError should create API error from Error object" time="0.018">
      <failure>Error: expect(received).toBe(expected) // Object.is equality

Expected: &quot;network&quot;
Received: &quot;unknown&quot;
    at Object.toBe (/Users/rafaelfontes/Desktop/penny-wise/__tests__/unit/utils/error-handler-comprehensive.test.ts:31:29)
    at Promise.then.completed (/Users/rafaelfontes/Desktop/penny-wise/node_modules/jest-circus/build/utils.js:298:28)
    at new Promise (&lt;anonymous&gt;)
    at callAsyncCircusFn (/Users/rafaelfontes/Desktop/penny-wise/node_modules/jest-circus/build/utils.js:231:10)
    at _callCircusTest (/Users/rafaelfontes/Desktop/penny-wise/node_modules/jest-circus/build/run.js:316:40)
    at processTicksAndRejections (node:internal/process/task_queues:105:5)
    at _runTest (/Users/rafaelfontes/Desktop/penny-wise/node_modules/jest-circus/build/run.js:252:3)
    at _runTestsForDescribeBlock (/Users/rafaelfontes/Desktop/penny-wise/node_modules/jest-circus/build/run.js:126:9)
    at _runTestsForDescribeBlock (/Users/rafaelfontes/Desktop/penny-wise/node_modules/jest-circus/build/run.js:121:9)
    at _runTestsForDescribeBlock (/Users/rafaelfontes/Desktop/penny-wise/node_modules/jest-circus/build/run.js:121:9)
    at run (/Users/rafaelfontes/Desktop/penny-wise/node_modules/jest-circus/build/run.js:71:3)
    at runAndTransformResultsToJestFormat (/Users/rafaelfontes/Desktop/penny-wise/node_modules/jest-circus/build/legacy-code-todo-rewrite/jestAdapterInit.js:122:21)
    at jestAdapter (/Users/rafaelfontes/Desktop/penny-wise/node_modules/jest-circus/build/legacy-code-todo-rewrite/jestAdapter.js:79:19)
    at runTestInternal (/Users/rafaelfontes/Desktop/penny-wise/node_modules/jest-runner/build/runTest.js:367:16)
    at runTest (/Users/rafaelfontes/Desktop/penny-wise/node_modules/jest-runner/build/runTest.js:444:34)
    at Object.worker (/Users/rafaelfontes/Desktop/penny-wise/node_modules/jest-runner/build/testWorker.js:106:12)</failure>
    </testcase>
    <testcase classname="Error Handler Comprehensive Tests ErrorHandler.createApiError should categorize timeout errors correctly" name="Error Handler Comprehensive Tests ErrorHandler.createApiError should categorize timeout errors correctly" time="0">
    </testcase>
    <testcase classname="Error Handler Comprehensive Tests ErrorHandler.createApiError should categorize auth errors correctly" name="Error Handler Comprehensive Tests ErrorHandler.createApiError should categorize auth errors correctly" time="0.001">
    </testcase>
    <testcase classname="Error Handler Comprehensive Tests ErrorHandler.createApiError should categorize validation errors correctly" name="Error Handler Comprehensive Tests ErrorHandler.createApiError should categorize validation errors correctly" time="0">
    </testcase>
    <testcase classname="Error Handler Comprehensive Tests ErrorHandler.createApiError should categorize rate limit errors correctly" name="Error Handler Comprehensive Tests ErrorHandler.createApiError should categorize rate limit errors correctly" time="0">
    </testcase>
    <testcase classname="Error Handler Comprehensive Tests ErrorHandler.createApiError should categorize server errors correctly" name="Error Handler Comprehensive Tests ErrorHandler.createApiError should categorize server errors correctly" time="0">
    </testcase>
    <testcase classname="Error Handler Comprehensive Tests ErrorHandler.createApiError should handle string errors" name="Error Handler Comprehensive Tests ErrorHandler.createApiError should handle string errors" time="0">
    </testcase>
    <testcase classname="Error Handler Comprehensive Tests ErrorHandler.createApiError should handle unknown error types" name="Error Handler Comprehensive Tests ErrorHandler.createApiError should handle unknown error types" time="0.001">
    </testcase>
    <testcase classname="Error Handler Comprehensive Tests ErrorHandler.createApiError should respect custom retryable parameter" name="Error Handler Comprehensive Tests ErrorHandler.createApiError should respect custom retryable parameter" time="0">
    </testcase>
    <testcase classname="Error Handler Comprehensive Tests ErrorHandler.handleServiceError should handle service errors and return standard response" name="Error Handler Comprehensive Tests ErrorHandler.handleServiceError should handle service errors and return standard response" time="0.001">
    </testcase>
    <testcase classname="Error Handler Comprehensive Tests ErrorHandler.handleServiceError should log errors when handling service errors" name="Error Handler Comprehensive Tests ErrorHandler.handleServiceError should log errors when handling service errors" time="0">
    </testcase>
    <testcase classname="Error Handler Comprehensive Tests ErrorHandler.handleServiceError should include error metadata in response" name="Error Handler Comprehensive Tests ErrorHandler.handleServiceError should include error metadata in response" time="0">
    </testcase>
    <testcase classname="Error Handler Comprehensive Tests ErrorHandler.handleAsyncOperation should handle successful async operations" name="Error Handler Comprehensive Tests ErrorHandler.handleAsyncOperation should handle successful async operations" time="0.001">
    </testcase>
    <testcase classname="Error Handler Comprehensive Tests ErrorHandler.handleAsyncOperation should retry failed operations" name="Error Handler Comprehensive Tests ErrorHandler.handleAsyncOperation should retry failed operations" time="0.304">
    </testcase>
    <testcase classname="Error Handler Comprehensive Tests ErrorHandler.handleAsyncOperation should return error response after max retries" name="Error Handler Comprehensive Tests ErrorHandler.handleAsyncOperation should return error response after max retries" time="0.055">
    </testcase>
    <testcase classname="Error Handler Comprehensive Tests ErrorHandler.handleAsyncOperation should handle non-retryable errors without retrying" name="Error Handler Comprehensive Tests ErrorHandler.handleAsyncOperation should handle non-retryable errors without retrying" time="0.001">
    </testcase>
    <testcase classname="Error Handler Comprehensive Tests ErrorHandler.handleAsyncOperation should include retry metadata in response" name="Error Handler Comprehensive Tests ErrorHandler.handleAsyncOperation should include retry metadata in response" time="1.016">
      <failure>Error: expect(received).toBe(expected) // Object.is equality

Expected: 2
Received: undefined
    at Object.toBe (/Users/rafaelfontes/Desktop/penny-wise/__tests__/unit/utils/error-handler-comprehensive.test.ts:210:48)</failure>
    </testcase>
    <testcase classname="Error Handler Comprehensive Tests ErrorHandler.isRetryableError should identify retryable errors" name="Error Handler Comprehensive Tests ErrorHandler.isRetryableError should identify retryable errors" time="0.001">
    </testcase>
    <testcase classname="Error Handler Comprehensive Tests ErrorHandler.isRetryableError should identify non-retryable errors" name="Error Handler Comprehensive Tests ErrorHandler.isRetryableError should identify non-retryable errors" time="0">
    </testcase>
    <testcase classname="Error Handler Comprehensive Tests ErrorHandler.shouldRetryAfter should return default retry delay for retryable errors" name="Error Handler Comprehensive Tests ErrorHandler.shouldRetryAfter should return default retry delay for retryable errors" time="0.001">
    </testcase>
    <testcase classname="Error Handler Comprehensive Tests ErrorHandler.shouldRetryAfter should return 0 for non-retryable errors" name="Error Handler Comprehensive Tests ErrorHandler.shouldRetryAfter should return 0 for non-retryable errors" time="0.001">
      <failure>Error: expect(received).toBe(expected) // Object.is equality

Expected: 0
Received: 1000
    at Object.toBe (/Users/rafaelfontes/Desktop/penny-wise/__tests__/unit/utils/error-handler-comprehensive.test.ts:261:26)
    at Promise.then.completed (/Users/rafaelfontes/Desktop/penny-wise/node_modules/jest-circus/build/utils.js:298:28)
    at new Promise (&lt;anonymous&gt;)
    at callAsyncCircusFn (/Users/rafaelfontes/Desktop/penny-wise/node_modules/jest-circus/build/utils.js:231:10)
    at _callCircusTest (/Users/rafaelfontes/Desktop/penny-wise/node_modules/jest-circus/build/run.js:316:40)
    at _runTest (/Users/rafaelfontes/Desktop/penny-wise/node_modules/jest-circus/build/run.js:252:3)
    at _runTestsForDescribeBlock (/Users/rafaelfontes/Desktop/penny-wise/node_modules/jest-circus/build/run.js:126:9)
    at _runTestsForDescribeBlock (/Users/rafaelfontes/Desktop/penny-wise/node_modules/jest-circus/build/run.js:121:9)
    at _runTestsForDescribeBlock (/Users/rafaelfontes/Desktop/penny-wise/node_modules/jest-circus/build/run.js:121:9)
    at run (/Users/rafaelfontes/Desktop/penny-wise/node_modules/jest-circus/build/run.js:71:3)
    at runAndTransformResultsToJestFormat (/Users/rafaelfontes/Desktop/penny-wise/node_modules/jest-circus/build/legacy-code-todo-rewrite/jestAdapterInit.js:122:21)
    at jestAdapter (/Users/rafaelfontes/Desktop/penny-wise/node_modules/jest-circus/build/legacy-code-todo-rewrite/jestAdapter.js:79:19)
    at runTestInternal (/Users/rafaelfontes/Desktop/penny-wise/node_modules/jest-runner/build/runTest.js:367:16)
    at runTest (/Users/rafaelfontes/Desktop/penny-wise/node_modules/jest-runner/build/runTest.js:444:34)
    at Object.worker (/Users/rafaelfontes/Desktop/penny-wise/node_modules/jest-runner/build/testWorker.js:106:12)</failure>
    </testcase>
    <testcase classname="Error Handler Comprehensive Tests ErrorHandler.shouldRetryAfter should respect custom retryAfter value" name="Error Handler Comprehensive Tests ErrorHandler.shouldRetryAfter should respect custom retryAfter value" time="0">
      <failure>Error: expect(received).toBe(expected) // Object.is equality

Expected: 60
Received: 60000
    at Object.toBe (/Users/rafaelfontes/Desktop/penny-wise/__tests__/unit/utils/error-handler-comprehensive.test.ts:274:26)
    at Promise.then.completed (/Users/rafaelfontes/Desktop/penny-wise/node_modules/jest-circus/build/utils.js:298:28)
    at new Promise (&lt;anonymous&gt;)
    at callAsyncCircusFn (/Users/rafaelfontes/Desktop/penny-wise/node_modules/jest-circus/build/utils.js:231:10)
    at _callCircusTest (/Users/rafaelfontes/Desktop/penny-wise/node_modules/jest-circus/build/run.js:316:40)
    at _runTest (/Users/rafaelfontes/Desktop/penny-wise/node_modules/jest-circus/build/run.js:252:3)
    at _runTestsForDescribeBlock (/Users/rafaelfontes/Desktop/penny-wise/node_modules/jest-circus/build/run.js:126:9)
    at _runTestsForDescribeBlock (/Users/rafaelfontes/Desktop/penny-wise/node_modules/jest-circus/build/run.js:121:9)
    at _runTestsForDescribeBlock (/Users/rafaelfontes/Desktop/penny-wise/node_modules/jest-circus/build/run.js:121:9)
    at run (/Users/rafaelfontes/Desktop/penny-wise/node_modules/jest-circus/build/run.js:71:3)
    at runAndTransformResultsToJestFormat (/Users/rafaelfontes/Desktop/penny-wise/node_modules/jest-circus/build/legacy-code-todo-rewrite/jestAdapterInit.js:122:21)
    at jestAdapter (/Users/rafaelfontes/Desktop/penny-wise/node_modules/jest-circus/build/legacy-code-todo-rewrite/jestAdapter.js:79:19)
    at runTestInternal (/Users/rafaelfontes/Desktop/penny-wise/node_modules/jest-runner/build/runTest.js:367:16)
    at runTest (/Users/rafaelfontes/Desktop/penny-wise/node_modules/jest-runner/build/runTest.js:444:34)
    at Object.worker (/Users/rafaelfontes/Desktop/penny-wise/node_modules/jest-runner/build/testWorker.js:106:12)</failure>
    </testcase>
    <testcase classname="Error Handler Comprehensive Tests handleErrors decorator should wrap function with error handling" name="Error Handler Comprehensive Tests handleErrors decorator should wrap function with error handling" time="0.001">
      <failure>TypeError: Cannot read properties of undefined (reading &apos;value&apos;)
    at value (/Users/rafaelfontes/Desktop/penny-wise/src/lib/utils/error-handler.ts:258:31)
    at Object.&lt;anonymous&gt; (/Users/rafaelfontes/Desktop/penny-wise/__tests__/unit/utils/error-handler-comprehensive.test.ts:284:60)
    at Promise.then.completed (/Users/rafaelfontes/Desktop/penny-wise/node_modules/jest-circus/build/utils.js:298:28)
    at new Promise (&lt;anonymous&gt;)
    at callAsyncCircusFn (/Users/rafaelfontes/Desktop/penny-wise/node_modules/jest-circus/build/utils.js:231:10)
    at _callCircusTest (/Users/rafaelfontes/Desktop/penny-wise/node_modules/jest-circus/build/run.js:316:40)
    at _runTest (/Users/rafaelfontes/Desktop/penny-wise/node_modules/jest-circus/build/run.js:252:3)
    at _runTestsForDescribeBlock (/Users/rafaelfontes/Desktop/penny-wise/node_modules/jest-circus/build/run.js:126:9)
    at _runTestsForDescribeBlock (/Users/rafaelfontes/Desktop/penny-wise/node_modules/jest-circus/build/run.js:121:9)
    at _runTestsForDescribeBlock (/Users/rafaelfontes/Desktop/penny-wise/node_modules/jest-circus/build/run.js:121:9)
    at run (/Users/rafaelfontes/Desktop/penny-wise/node_modules/jest-circus/build/run.js:71:3)
    at runAndTransformResultsToJestFormat (/Users/rafaelfontes/Desktop/penny-wise/node_modules/jest-circus/build/legacy-code-todo-rewrite/jestAdapterInit.js:122:21)
    at jestAdapter (/Users/rafaelfontes/Desktop/penny-wise/node_modules/jest-circus/build/legacy-code-todo-rewrite/jestAdapter.js:79:19)
    at runTestInternal (/Users/rafaelfontes/Desktop/penny-wise/node_modules/jest-runner/build/runTest.js:367:16)
    at runTest (/Users/rafaelfontes/Desktop/penny-wise/node_modules/jest-runner/build/runTest.js:444:34)
    at Object.worker (/Users/rafaelfontes/Desktop/penny-wise/node_modules/jest-runner/build/testWorker.js:106:12)</failure>
    </testcase>
    <testcase classname="Error Handler Comprehensive Tests handleErrors decorator should pass through successful results" name="Error Handler Comprehensive Tests handleErrors decorator should pass through successful results" time="0.001">
      <failure>TypeError: Cannot read properties of undefined (reading &apos;value&apos;)
    at value (/Users/rafaelfontes/Desktop/penny-wise/src/lib/utils/error-handler.ts:258:31)
    at Object.&lt;anonymous&gt; (/Users/rafaelfontes/Desktop/penny-wise/__tests__/unit/utils/error-handler-comprehensive.test.ts:296:44)
    at Promise.then.completed (/Users/rafaelfontes/Desktop/penny-wise/node_modules/jest-circus/build/utils.js:298:28)
    at new Promise (&lt;anonymous&gt;)
    at callAsyncCircusFn (/Users/rafaelfontes/Desktop/penny-wise/node_modules/jest-circus/build/utils.js:231:10)
    at _callCircusTest (/Users/rafaelfontes/Desktop/penny-wise/node_modules/jest-circus/build/run.js:316:40)
    at _runTest (/Users/rafaelfontes/Desktop/penny-wise/node_modules/jest-circus/build/run.js:252:3)
    at _runTestsForDescribeBlock (/Users/rafaelfontes/Desktop/penny-wise/node_modules/jest-circus/build/run.js:126:9)
    at _runTestsForDescribeBlock (/Users/rafaelfontes/Desktop/penny-wise/node_modules/jest-circus/build/run.js:121:9)
    at _runTestsForDescribeBlock (/Users/rafaelfontes/Desktop/penny-wise/node_modules/jest-circus/build/run.js:121:9)
    at run (/Users/rafaelfontes/Desktop/penny-wise/node_modules/jest-circus/build/run.js:71:3)
    at runAndTransformResultsToJestFormat (/Users/rafaelfontes/Desktop/penny-wise/node_modules/jest-circus/build/legacy-code-todo-rewrite/jestAdapterInit.js:122:21)
    at jestAdapter (/Users/rafaelfontes/Desktop/penny-wise/node_modules/jest-circus/build/legacy-code-todo-rewrite/jestAdapter.js:79:19)
    at runTestInternal (/Users/rafaelfontes/Desktop/penny-wise/node_modules/jest-runner/build/runTest.js:367:16)
    at runTest (/Users/rafaelfontes/Desktop/penny-wise/node_modules/jest-runner/build/runTest.js:444:34)
    at Object.worker (/Users/rafaelfontes/Desktop/penny-wise/node_modules/jest-runner/build/testWorker.js:106:12)</failure>
    </testcase>
    <testcase classname="Error Handler Comprehensive Tests logError utility should log errors with context" name="Error Handler Comprehensive Tests logError utility should log errors with context" time="0.002">
    </testcase>
    <testcase classname="Error Handler Comprehensive Tests logError utility should log errors without context" name="Error Handler Comprehensive Tests logError utility should log errors without context" time="0.001">
    </testcase>
    <testcase classname="Error Handler Comprehensive Tests logError utility should handle string errors" name="Error Handler Comprehensive Tests logError utility should handle string errors" time="0.001">
    </testcase>
    <testcase classname="Error Handler Comprehensive Tests logError utility should handle non-Error objects" name="Error Handler Comprehensive Tests logError utility should handle non-Error objects" time="0">
    </testcase>
    <testcase classname="Error Handler Comprehensive Tests Error Types and Enums should have all required error types" name="Error Handler Comprehensive Tests Error Types and Enums should have all required error types" time="0.004">
    </testcase>
    <testcase classname="Error Handler Comprehensive Tests Error Types and Enums should have all severity levels" name="Error Handler Comprehensive Tests Error Types and Enums should have all severity levels" time="0.001">
    </testcase>
    <testcase classname="Error Handler Comprehensive Tests Error Context and Metadata should handle error context properly" name="Error Handler Comprehensive Tests Error Context and Metadata should handle error context properly" time="0.001">
    </testcase>
    <testcase classname="Error Handler Comprehensive Tests Error Context and Metadata should create standard error with all properties" name="Error Handler Comprehensive Tests Error Context and Metadata should create standard error with all properties" time="0.001">
    </testcase>
    <testcase classname="Error Handler Comprehensive Tests Integration Tests should handle complex error scenarios" name="Error Handler Comprehensive Tests Integration Tests should handle complex error scenarios" time="0.304">
    </testcase>
    <testcase classname="Error Handler Comprehensive Tests Integration Tests should handle mixed error types in sequence" name="Error Handler Comprehensive Tests Integration Tests should handle mixed error types in sequence" time="0.001">
      <failure>Error: expect(received).toBe(expected) // Object.is equality

Expected: &quot;network&quot;
Received: &quot;unknown&quot;
    at Object.toBe (/Users/rafaelfontes/Desktop/penny-wise/__tests__/unit/utils/error-handler-comprehensive.test.ts:436:33)
    at Promise.then.completed (/Users/rafaelfontes/Desktop/penny-wise/node_modules/jest-circus/build/utils.js:298:28)
    at new Promise (&lt;anonymous&gt;)
    at callAsyncCircusFn (/Users/rafaelfontes/Desktop/penny-wise/node_modules/jest-circus/build/utils.js:231:10)
    at _callCircusTest (/Users/rafaelfontes/Desktop/penny-wise/node_modules/jest-circus/build/run.js:316:40)
    at _runTest (/Users/rafaelfontes/Desktop/penny-wise/node_modules/jest-circus/build/run.js:252:3)
    at _runTestsForDescribeBlock (/Users/rafaelfontes/Desktop/penny-wise/node_modules/jest-circus/build/run.js:126:9)
    at _runTestsForDescribeBlock (/Users/rafaelfontes/Desktop/penny-wise/node_modules/jest-circus/build/run.js:121:9)
    at _runTestsForDescribeBlock (/Users/rafaelfontes/Desktop/penny-wise/node_modules/jest-circus/build/run.js:121:9)
    at run (/Users/rafaelfontes/Desktop/penny-wise/node_modules/jest-circus/build/run.js:71:3)
    at runAndTransformResultsToJestFormat (/Users/rafaelfontes/Desktop/penny-wise/node_modules/jest-circus/build/legacy-code-todo-rewrite/jestAdapterInit.js:122:21)
    at jestAdapter (/Users/rafaelfontes/Desktop/penny-wise/node_modules/jest-circus/build/legacy-code-todo-rewrite/jestAdapter.js:79:19)
    at runTestInternal (/Users/rafaelfontes/Desktop/penny-wise/node_modules/jest-runner/build/runTest.js:367:16)
    at runTest (/Users/rafaelfontes/Desktop/penny-wise/node_modules/jest-runner/build/runTest.js:444:34)
    at Object.worker (/Users/rafaelfontes/Desktop/penny-wise/node_modules/jest-runner/build/testWorker.js:106:12)</failure>
    </testcase>
  </testsuite>
  <testsuite name="Real Services Extended Tests" errors="0" failures="0" skipped="0" timestamp="2025-06-15T22:06:14" time="0.095" tests="25">
    <testcase classname="Real Services Extended Tests Alpha Vantage Service should handle API key validation" name="Real Services Extended Tests Alpha Vantage Service should handle API key validation" time="0">
    </testcase>
    <testcase classname="Real Services Extended Tests Alpha Vantage Service should construct proper API URLs" name="Real Services Extended Tests Alpha Vantage Service should construct proper API URLs" time="0">
    </testcase>
    <testcase classname="Real Services Extended Tests Alpha Vantage Service should handle API response structure" name="Real Services Extended Tests Alpha Vantage Service should handle API response structure" time="0.012">
    </testcase>
    <testcase classname="Real Services Extended Tests Alpha Vantage Service should handle error responses" name="Real Services Extended Tests Alpha Vantage Service should handle error responses" time="0.001">
    </testcase>
    <testcase classname="Real Services Extended Tests Yahoo Finance Service should handle symbol formatting" name="Real Services Extended Tests Yahoo Finance Service should handle symbol formatting" time="0">
    </testcase>
    <testcase classname="Real Services Extended Tests Yahoo Finance Service should process quote data" name="Real Services Extended Tests Yahoo Finance Service should process quote data" time="0.001">
    </testcase>
    <testcase classname="Real Services Extended Tests Yahoo Finance Service should handle market hours calculation" name="Real Services Extended Tests Yahoo Finance Service should handle market hours calculation" time="0">
    </testcase>
    <testcase classname="Real Services Extended Tests Market Data Processing should format currency values" name="Real Services Extended Tests Market Data Processing should format currency values" time="0.018">
    </testcase>
    <testcase classname="Real Services Extended Tests Market Data Processing should calculate percentage changes" name="Real Services Extended Tests Market Data Processing should calculate percentage changes" time="0">
    </testcase>
    <testcase classname="Real Services Extended Tests Market Data Processing should validate stock symbols" name="Real Services Extended Tests Market Data Processing should validate stock symbols" time="0.001">
    </testcase>
    <testcase classname="Real Services Extended Tests Market Data Processing should handle time zone conversions" name="Real Services Extended Tests Market Data Processing should handle time zone conversions" time="0">
    </testcase>
    <testcase classname="Real Services Extended Tests Cache Management should handle cache key generation" name="Real Services Extended Tests Cache Management should handle cache key generation" time="0">
    </testcase>
    <testcase classname="Real Services Extended Tests Cache Management should validate cache TTL" name="Real Services Extended Tests Cache Management should validate cache TTL" time="0">
    </testcase>
    <testcase classname="Real Services Extended Tests Cache Management should handle cache invalidation" name="Real Services Extended Tests Cache Management should handle cache invalidation" time="0">
    </testcase>
    <testcase classname="Real Services Extended Tests Error Handling should handle network errors" name="Real Services Extended Tests Error Handling should handle network errors" time="0">
    </testcase>
    <testcase classname="Real Services Extended Tests Error Handling should handle API rate limiting" name="Real Services Extended Tests Error Handling should handle API rate limiting" time="0">
    </testcase>
    <testcase classname="Real Services Extended Tests Error Handling should handle invalid API responses" name="Real Services Extended Tests Error Handling should handle invalid API responses" time="0">
    </testcase>
    <testcase classname="Real Services Extended Tests Data Validation should validate price data" name="Real Services Extended Tests Data Validation should validate price data" time="0.001">
    </testcase>
    <testcase classname="Real Services Extended Tests Data Validation should validate volume data" name="Real Services Extended Tests Data Validation should validate volume data" time="0.001">
    </testcase>
    <testcase classname="Real Services Extended Tests Data Validation should validate timestamp data" name="Real Services Extended Tests Data Validation should validate timestamp data" time="0.001">
    </testcase>
    <testcase classname="Real Services Extended Tests Performance Optimization should handle batch requests efficiently" name="Real Services Extended Tests Performance Optimization should handle batch requests efficiently" time="0">
    </testcase>
    <testcase classname="Real Services Extended Tests Performance Optimization should implement request throttling" name="Real Services Extended Tests Performance Optimization should implement request throttling" time="0.001">
    </testcase>
    <testcase classname="Real Services Extended Tests Performance Optimization should handle concurrent request limits" name="Real Services Extended Tests Performance Optimization should handle concurrent request limits" time="0">
    </testcase>
    <testcase classname="Real Services Extended Tests Configuration Management should handle environment configuration" name="Real Services Extended Tests Configuration Management should handle environment configuration" time="0.001">
    </testcase>
    <testcase classname="Real Services Extended Tests Configuration Management should validate configuration values" name="Real Services Extended Tests Configuration Management should validate configuration values" time="0">
    </testcase>
  </testsuite>
  <testsuite name="UI Components" errors="0" failures="0" skipped="0" timestamp="2025-06-15T22:06:13" time="0.441" tests="25">
    <testcase classname="UI Components Button Component should render button with default variant" name="UI Components Button Component should render button with default variant" time="0.067">
    </testcase>
    <testcase classname="UI Components Button Component should render button with different variants" name="UI Components Button Component should render button with different variants" time="0.019">
    </testcase>
    <testcase classname="UI Components Button Component should render button with different sizes" name="UI Components Button Component should render button with different sizes" time="0.009">
    </testcase>
    <testcase classname="UI Components Button Component should handle disabled state" name="UI Components Button Component should handle disabled state" time="0.002">
    </testcase>
    <testcase classname="UI Components Button Component should accept custom className" name="UI Components Button Component should accept custom className" time="0.004">
    </testcase>
    <testcase classname="UI Components Button Component should handle asChild prop" name="UI Components Button Component should handle asChild prop" time="0.003">
    </testcase>
    <testcase classname="UI Components Card Components should render card with content" name="UI Components Card Components should render card with content" time="0.006">
    </testcase>
    <testcase classname="UI Components Card Components should accept custom className for all card components" name="UI Components Card Components should accept custom className for all card components" time="0.004">
    </testcase>
    <testcase classname="UI Components Input Component should render input with default props" name="UI Components Input Component should render input with default props" time="0.003">
    </testcase>
    <testcase classname="UI Components Input Component should render input with different types" name="UI Components Input Component should render input with different types" time="0.006">
    </testcase>
    <testcase classname="UI Components Input Component should handle placeholder" name="UI Components Input Component should handle placeholder" time="0.003">
    </testcase>
    <testcase classname="UI Components Input Component should handle disabled state" name="UI Components Input Component should handle disabled state" time="0.005">
    </testcase>
    <testcase classname="UI Components Input Component should accept custom className" name="UI Components Input Component should accept custom className" time="0.004">
    </testcase>
    <testcase classname="UI Components Input Component should handle value prop" name="UI Components Input Component should handle value prop" time="0.001">
    </testcase>
    <testcase classname="UI Components Label Component should render label with text" name="UI Components Label Component should render label with text" time="0.001">
    </testcase>
    <testcase classname="UI Components Label Component should accept custom className" name="UI Components Label Component should accept custom className" time="0">
    </testcase>
    <testcase classname="UI Components Label Component should handle htmlFor attribute" name="UI Components Label Component should handle htmlFor attribute" time="0.001">
    </testcase>
    <testcase classname="UI Components Label Component should work with Input component" name="UI Components Label Component should work with Input component" time="0.003">
    </testcase>
    <testcase classname="UI Components Alert Components should render alert with default variant" name="UI Components Alert Components should render alert with default variant" time="0.084">
    </testcase>
    <testcase classname="UI Components Alert Components should render alert with destructive variant" name="UI Components Alert Components should render alert with destructive variant" time="0.005">
    </testcase>
    <testcase classname="UI Components Alert Components should accept custom className" name="UI Components Alert Components should accept custom className" time="0.003">
    </testcase>
    <testcase classname="UI Components Alert Components should handle multiple alert descriptions" name="UI Components Alert Components should handle multiple alert descriptions" time="0.002">
    </testcase>
    <testcase classname="UI Components Component Integration should render form with multiple UI components" name="UI Components Component Integration should render form with multiple UI components" time="0.033">
    </testcase>
    <testcase classname="UI Components Component Integration should render alert card with button" name="UI Components Component Integration should render alert card with button" time="0.002">
    </testcase>
    <testcase classname="UI Components Component Integration should handle complex nested structure" name="UI Components Component Integration should handle complex nested structure" time="0.005">
    </testcase>
  </testsuite>
  <testsuite name="Comprehensive Hook Tests" errors="0" failures="0" skipped="0" timestamp="2025-06-15T22:06:14" time="0.082" tests="3">
    <testcase classname="Comprehensive Hook Tests useNotifications comprehensive" name="Comprehensive Hook Tests useNotifications comprehensive" time="0.001">
    </testcase>
    <testcase classname="Comprehensive Hook Tests useAlerts comprehensive" name="Comprehensive Hook Tests useAlerts comprehensive" time="0">
    </testcase>
    <testcase classname="Comprehensive Hook Tests useWatchlist comprehensive" name="Comprehensive Hook Tests useWatchlist comprehensive" time="0">
    </testcase>
  </testsuite>
  <testsuite name="Error Handler Tests" errors="0" failures="0" skipped="0" timestamp="2025-06-15T22:06:14" time="0.092" tests="1">
    <testcase classname="Error Handler Tests should handle API errors" name="Error Handler Tests should handle API errors" time="0">
    </testcase>
  </testsuite>
  <testsuite name="Database Operations Tests" errors="0" failures="0" skipped="0" timestamp="2025-06-15T22:06:14" time="0.064" tests="3">
    <testcase classname="Database Operations Tests Supabase client operations" name="Database Operations Tests Supabase client operations" time="0">
    </testcase>
    <testcase classname="Database Operations Tests Real-time subscriptions" name="Database Operations Tests Real-time subscriptions" time="0">
    </testcase>
    <testcase classname="Database Operations Tests Database functions" name="Database Operations Tests Database functions" time="0">
    </testcase>
  </testsuite>
  <testsuite name="Quote API Tests" errors="0" failures="0" skipped="0" timestamp="2025-06-15T22:06:14" time="0.092" tests="1">
    <testcase classname="Quote API Tests should fetch quotes" name="Quote API Tests should fetch quotes" time="0.001">
    </testcase>
  </testsuite>
  <testsuite name="Logger Service" errors="0" failures="0" skipped="0" timestamp="2025-06-15T22:06:14" time="0.091" tests="13">
    <testcase classname="Logger Service Service Logger Creation should create logger with service name" name="Logger Service Service Logger Creation should create logger with service name" time="0.001">
    </testcase>
    <testcase classname="Logger Service Service Logger Creation should log different levels correctly" name="Logger Service Service Logger Creation should log different levels correctly" time="0.001">
    </testcase>
    <testcase classname="Logger Service Specialized Logging Methods should log API requests" name="Logger Service Specialized Logging Methods should log API requests" time="0.001">
    </testcase>
    <testcase classname="Logger Service Specialized Logging Methods should log API errors" name="Logger Service Specialized Logging Methods should log API errors" time="0">
    </testcase>
    <testcase classname="Logger Service Specialized Logging Methods should log database operations" name="Logger Service Specialized Logging Methods should log database operations" time="0.001">
    </testcase>
    <testcase classname="Logger Service Specialized Logging Methods should log cache operations" name="Logger Service Specialized Logging Methods should log cache operations" time="0">
    </testcase>
    <testcase classname="Logger Service Specialized Logging Methods should log user actions" name="Logger Service Specialized Logging Methods should log user actions" time="0">
    </testcase>
    <testcase classname="Logger Service Pre-configured Service Loggers should have all required service loggers" name="Logger Service Pre-configured Service Loggers should have all required service loggers" time="0.001">
    </testcase>
    <testcase classname="Logger Service Pre-configured Service Loggers should use correct service names in logs" name="Logger Service Pre-configured Service Loggers should use correct service names in logs" time="0.005">
    </testcase>
    <testcase classname="Logger Service Data Sanitization should not expose sensitive data in logs" name="Logger Service Data Sanitization should not expose sensitive data in logs" time="0">
    </testcase>
    <testcase classname="Logger Service Data Sanitization should sanitize API keys and tokens" name="Logger Service Data Sanitization should sanitize API keys and tokens" time="0">
    </testcase>
    <testcase classname="Logger Service Error Handling should handle Error objects properly" name="Logger Service Error Handling should handle Error objects properly" time="0">
    </testcase>
    <testcase classname="Logger Service Error Handling should handle non-Error objects" name="Logger Service Error Handling should handle non-Error objects" time="0">
    </testcase>
  </testsuite>
  <testsuite name="Alpha Vantage Service Tests" errors="0" failures="0" skipped="0" timestamp="2025-06-15T22:06:14" time="0.046" tests="1">
    <testcase classname="Alpha Vantage Service Tests should handle API calls" name="Alpha Vantage Service Tests should handle API calls" time="0">
    </testcase>
  </testsuite>
  <testsuite name="API Validation Tests" errors="0" failures="0" skipped="0" timestamp="2025-06-15T22:06:14" time="0.139" tests="14">
    <testcase classname="API Validation Tests Request Validation should validate JSON payloads" name="API Validation Tests Request Validation should validate JSON payloads" time="0.001">
    </testcase>
    <testcase classname="API Validation Tests Request Validation should detect malformed JSON" name="API Validation Tests Request Validation should detect malformed JSON" time="0.006">
    </testcase>
    <testcase classname="API Validation Tests Request Validation should validate required fields" name="API Validation Tests Request Validation should validate required fields" time="0">
    </testcase>
    <testcase classname="API Validation Tests Security Validation should detect XSS attempts in payloads" name="API Validation Tests Security Validation should detect XSS attempts in payloads" time="0.001">
    </testcase>
    <testcase classname="API Validation Tests Security Validation should detect SQL injection attempts" name="API Validation Tests Security Validation should detect SQL injection attempts" time="0.004">
    </testcase>
    <testcase classname="API Validation Tests Security Validation should validate content types" name="API Validation Tests Security Validation should validate content types" time="0.003">
    </testcase>
    <testcase classname="API Validation Tests Response Format Validation should validate success response format" name="API Validation Tests Response Format Validation should validate success response format" time="0.001">
    </testcase>
    <testcase classname="API Validation Tests Response Format Validation should validate error response format" name="API Validation Tests Response Format Validation should validate error response format" time="0.001">
    </testcase>
    <testcase classname="API Validation Tests Response Format Validation should validate notification response format" name="API Validation Tests Response Format Validation should validate notification response format" time="0.002">
    </testcase>
    <testcase classname="API Validation Tests Rate Limiting Validation should handle multiple rapid requests" name="API Validation Tests Rate Limiting Validation should handle multiple rapid requests" time="0">
    </testcase>
    <testcase classname="API Validation Tests Rate Limiting Validation should validate request size limits" name="API Validation Tests Rate Limiting Validation should validate request size limits" time="0">
    </testcase>
    <testcase classname="API Validation Tests Authentication Validation should validate JWT token format" name="API Validation Tests Authentication Validation should validate JWT token format" time="0.007">
    </testcase>
    <testcase classname="API Validation Tests Authentication Validation should validate API key format" name="API Validation Tests Authentication Validation should validate API key format" time="0.001">
    </testcase>
    <testcase classname="API Validation Tests Authentication Validation should validate session data" name="API Validation Tests Authentication Validation should validate session data" time="0">
    </testcase>
  </testsuite>
  <testsuite name="Logger Basic Functionality" errors="0" failures="0" skipped="0" timestamp="2025-06-15T22:06:14" time="0.091" tests="8">
    <testcase classname="Logger Basic Functionality should create logger instance" name="Logger Basic Functionality should create logger instance" time="0.001">
    </testcase>
    <testcase classname="Logger Basic Functionality should log error messages (always visible)" name="Logger Basic Functionality should log error messages (always visible)" time="0.001">
    </testcase>
    <testcase classname="Logger Basic Functionality should log warning messages (visible in test)" name="Logger Basic Functionality should log warning messages (visible in test)" time="0">
    </testcase>
    <testcase classname="Logger Basic Functionality should have pre-configured loggers" name="Logger Basic Functionality should have pre-configured loggers" time="0">
    </testcase>
    <testcase classname="Logger Basic Functionality should sanitize sensitive data in error logs" name="Logger Basic Functionality should sanitize sensitive data in error logs" time="0.001">
    </testcase>
    <testcase classname="Logger Basic Functionality should handle Error objects properly" name="Logger Basic Functionality should handle Error objects properly" time="0.01">
    </testcase>
    <testcase classname="Logger Basic Functionality should handle specialized logging methods" name="Logger Basic Functionality should handle specialized logging methods" time="0.001">
    </testcase>
    <testcase classname="Logger Basic Functionality should not crash with circular references" name="Logger Basic Functionality should not crash with circular references" time="0.001">
    </testcase>
  </testsuite>
  <testsuite name="String Utilities Tests" errors="0" failures="1" skipped="0" timestamp="2025-06-15T22:06:14" time="0.099" tests="25">
    <testcase classname="String Utilities Tests Text Formatting should capitalize first letter" name="String Utilities Tests Text Formatting should capitalize first letter" time="0">
    </testcase>
    <testcase classname="String Utilities Tests Text Formatting should convert strings to title case" name="String Utilities Tests Text Formatting should convert strings to title case" time="0.001">
    </testcase>
    <testcase classname="String Utilities Tests Text Formatting should convert camelCase to kebab-case" name="String Utilities Tests Text Formatting should convert camelCase to kebab-case" time="0">
    </testcase>
    <testcase classname="String Utilities Tests Text Formatting should convert kebab-case to camelCase" name="String Utilities Tests Text Formatting should convert kebab-case to camelCase" time="0">
    </testcase>
    <testcase classname="String Utilities Tests Text Formatting should truncate long strings with ellipsis" name="String Utilities Tests Text Formatting should truncate long strings with ellipsis" time="0">
    </testcase>
    <testcase classname="String Utilities Tests String Validation should validate stock symbols" name="String Utilities Tests String Validation should validate stock symbols" time="0.001">
    </testcase>
    <testcase classname="String Utilities Tests String Validation should validate Brazilian stock symbols" name="String Utilities Tests String Validation should validate Brazilian stock symbols" time="0.001">
    </testcase>
    <testcase classname="String Utilities Tests String Validation should validate email addresses" name="String Utilities Tests String Validation should validate email addresses" time="0.009">
    </testcase>
    <testcase classname="String Utilities Tests String Validation should validate phone numbers" name="String Utilities Tests String Validation should validate phone numbers" time="0.001">
    </testcase>
    <testcase classname="String Utilities Tests String Validation should validate URLs" name="String Utilities Tests String Validation should validate URLs" time="0">
    </testcase>
    <testcase classname="String Utilities Tests String Parsing and Extraction should extract stock symbols from text" name="String Utilities Tests String Parsing and Extraction should extract stock symbols from text" time="0">
    </testcase>
    <testcase classname="String Utilities Tests String Parsing and Extraction should extract numbers from text" name="String Utilities Tests String Parsing and Extraction should extract numbers from text" time="0">
    </testcase>
    <testcase classname="String Utilities Tests String Parsing and Extraction should extract currency amounts" name="String Utilities Tests String Parsing and Extraction should extract currency amounts" time="0">
    </testcase>
    <testcase classname="String Utilities Tests String Parsing and Extraction should parse CSV strings" name="String Utilities Tests String Parsing and Extraction should parse CSV strings" time="0">
    </testcase>
    <testcase classname="String Utilities Tests String Sanitization and Security should sanitize HTML content" name="String Utilities Tests String Sanitization and Security should sanitize HTML content" time="0.001">
    </testcase>
    <testcase classname="String Utilities Tests String Sanitization and Security should prevent SQL injection" name="String Utilities Tests String Sanitization and Security should prevent SQL injection" time="0">
    </testcase>
    <testcase classname="String Utilities Tests String Sanitization and Security should sanitize log messages" name="String Utilities Tests String Sanitization and Security should sanitize log messages" time="0">
    </testcase>
    <testcase classname="String Utilities Tests String Sanitization and Security should sanitize file names" name="String Utilities Tests String Sanitization and Security should sanitize file names" time="0">
    </testcase>
    <testcase classname="String Utilities Tests String Comparison and Similarity should calculate Levenshtein distance" name="String Utilities Tests String Comparison and Similarity should calculate Levenshtein distance" time="0">
    </testcase>
    <testcase classname="String Utilities Tests String Comparison and Similarity should calculate string similarity" name="String Utilities Tests String Comparison and Similarity should calculate string similarity" time="0">
    </testcase>
    <testcase classname="String Utilities Tests String Templating and Formatting should interpolate template strings" name="String Utilities Tests String Templating and Formatting should interpolate template strings" time="0.001">
    </testcase>
    <testcase classname="String Utilities Tests String Templating and Formatting should format conditional strings" name="String Utilities Tests String Templating and Formatting should format conditional strings" time="0">
    </testcase>
    <testcase classname="String Utilities Tests String Encoding and Decoding should encode and decode base64" name="String Utilities Tests String Encoding and Decoding should encode and decode base64" time="0">
      <failure>ReferenceError: TextEncoder is not defined
    at base64Encode (/Users/rafaelfontes/Desktop/penny-wise/src/lib/utils/string-utilities.ts:272:21)
    at Object.&lt;anonymous&gt; (/Users/rafaelfontes/Desktop/penny-wise/__tests__/unit/utils/string-utilities-fixed.test.ts:245:35)
    at Promise.then.completed (/Users/rafaelfontes/Desktop/penny-wise/node_modules/jest-circus/build/utils.js:298:28)
    at new Promise (&lt;anonymous&gt;)
    at callAsyncCircusFn (/Users/rafaelfontes/Desktop/penny-wise/node_modules/jest-circus/build/utils.js:231:10)
    at _callCircusTest (/Users/rafaelfontes/Desktop/penny-wise/node_modules/jest-circus/build/run.js:316:40)
    at processTicksAndRejections (node:internal/process/task_queues:105:5)
    at _runTest (/Users/rafaelfontes/Desktop/penny-wise/node_modules/jest-circus/build/run.js:252:3)
    at _runTestsForDescribeBlock (/Users/rafaelfontes/Desktop/penny-wise/node_modules/jest-circus/build/run.js:126:9)
    at _runTestsForDescribeBlock (/Users/rafaelfontes/Desktop/penny-wise/node_modules/jest-circus/build/run.js:121:9)
    at _runTestsForDescribeBlock (/Users/rafaelfontes/Desktop/penny-wise/node_modules/jest-circus/build/run.js:121:9)
    at run (/Users/rafaelfontes/Desktop/penny-wise/node_modules/jest-circus/build/run.js:71:3)
    at runAndTransformResultsToJestFormat (/Users/rafaelfontes/Desktop/penny-wise/node_modules/jest-circus/build/legacy-code-todo-rewrite/jestAdapterInit.js:122:21)
    at jestAdapter (/Users/rafaelfontes/Desktop/penny-wise/node_modules/jest-circus/build/legacy-code-todo-rewrite/jestAdapter.js:79:19)
    at runTestInternal (/Users/rafaelfontes/Desktop/penny-wise/node_modules/jest-runner/build/runTest.js:367:16)
    at runTest (/Users/rafaelfontes/Desktop/penny-wise/node_modules/jest-runner/build/runTest.js:444:34)
    at Object.worker (/Users/rafaelfontes/Desktop/penny-wise/node_modules/jest-runner/build/testWorker.js:106:12)</failure>
    </testcase>
    <testcase classname="String Utilities Tests String Encoding and Decoding should encode and decode URLs" name="String Utilities Tests String Encoding and Decoding should encode and decode URLs" time="0">
    </testcase>
    <testcase classname="String Utilities Tests String Encoding and Decoding should escape JSON strings" name="String Utilities Tests String Encoding and Decoding should escape JSON strings" time="0">
    </testcase>
  </testsuite>
  <testsuite name="String Utilities Tests" errors="0" failures="1" skipped="0" timestamp="2025-06-15T22:06:14" time="0.118" tests="25">
    <testcase classname="String Utilities Tests Text Formatting should capitalize first letter" name="String Utilities Tests Text Formatting should capitalize first letter" time="0.001">
    </testcase>
    <testcase classname="String Utilities Tests Text Formatting should convert strings to title case" name="String Utilities Tests Text Formatting should convert strings to title case" time="0">
    </testcase>
    <testcase classname="String Utilities Tests Text Formatting should convert camelCase to kebab-case" name="String Utilities Tests Text Formatting should convert camelCase to kebab-case" time="0">
    </testcase>
    <testcase classname="String Utilities Tests Text Formatting should convert kebab-case to camelCase" name="String Utilities Tests Text Formatting should convert kebab-case to camelCase" time="0">
    </testcase>
    <testcase classname="String Utilities Tests Text Formatting should truncate long strings with ellipsis" name="String Utilities Tests Text Formatting should truncate long strings with ellipsis" time="0">
    </testcase>
    <testcase classname="String Utilities Tests String Validation should validate stock symbols" name="String Utilities Tests String Validation should validate stock symbols" time="0">
    </testcase>
    <testcase classname="String Utilities Tests String Validation should validate Brazilian stock symbols" name="String Utilities Tests String Validation should validate Brazilian stock symbols" time="0.001">
    </testcase>
    <testcase classname="String Utilities Tests String Validation should validate email addresses" name="String Utilities Tests String Validation should validate email addresses" time="0">
    </testcase>
    <testcase classname="String Utilities Tests String Validation should validate phone numbers" name="String Utilities Tests String Validation should validate phone numbers" time="0">
    </testcase>
    <testcase classname="String Utilities Tests String Validation should validate URLs" name="String Utilities Tests String Validation should validate URLs" time="0.004">
    </testcase>
    <testcase classname="String Utilities Tests String Parsing and Extraction should extract stock symbols from text" name="String Utilities Tests String Parsing and Extraction should extract stock symbols from text" time="0.001">
    </testcase>
    <testcase classname="String Utilities Tests String Parsing and Extraction should extract numbers from text" name="String Utilities Tests String Parsing and Extraction should extract numbers from text" time="0">
    </testcase>
    <testcase classname="String Utilities Tests String Parsing and Extraction should extract currency amounts" name="String Utilities Tests String Parsing and Extraction should extract currency amounts" time="0.001">
    </testcase>
    <testcase classname="String Utilities Tests String Parsing and Extraction should parse CSV strings" name="String Utilities Tests String Parsing and Extraction should parse CSV strings" time="0.001">
    </testcase>
    <testcase classname="String Utilities Tests String Sanitization and Security should sanitize HTML content" name="String Utilities Tests String Sanitization and Security should sanitize HTML content" time="0">
    </testcase>
    <testcase classname="String Utilities Tests String Sanitization and Security should prevent SQL injection" name="String Utilities Tests String Sanitization and Security should prevent SQL injection" time="0.004">
    </testcase>
    <testcase classname="String Utilities Tests String Sanitization and Security should sanitize log messages" name="String Utilities Tests String Sanitization and Security should sanitize log messages" time="0">
    </testcase>
    <testcase classname="String Utilities Tests String Sanitization and Security should sanitize file names" name="String Utilities Tests String Sanitization and Security should sanitize file names" time="0">
    </testcase>
    <testcase classname="String Utilities Tests String Comparison and Similarity should calculate Levenshtein distance" name="String Utilities Tests String Comparison and Similarity should calculate Levenshtein distance" time="0">
    </testcase>
    <testcase classname="String Utilities Tests String Comparison and Similarity should calculate string similarity" name="String Utilities Tests String Comparison and Similarity should calculate string similarity" time="0.001">
    </testcase>
    <testcase classname="String Utilities Tests String Templating and Formatting should interpolate template strings" name="String Utilities Tests String Templating and Formatting should interpolate template strings" time="0">
    </testcase>
    <testcase classname="String Utilities Tests String Templating and Formatting should format conditional strings" name="String Utilities Tests String Templating and Formatting should format conditional strings" time="0">
    </testcase>
    <testcase classname="String Utilities Tests String Encoding and Decoding should encode and decode base64" name="String Utilities Tests String Encoding and Decoding should encode and decode base64" time="0">
      <failure>ReferenceError: TextEncoder is not defined
    at base64Encode (/Users/rafaelfontes/Desktop/penny-wise/src/lib/utils/string-utilities.ts:272:21)
    at Object.&lt;anonymous&gt; (/Users/rafaelfontes/Desktop/penny-wise/__tests__/unit/utils/string-utilities-working.test.ts:245:35)
    at Promise.then.completed (/Users/rafaelfontes/Desktop/penny-wise/node_modules/jest-circus/build/utils.js:298:28)
    at new Promise (&lt;anonymous&gt;)
    at callAsyncCircusFn (/Users/rafaelfontes/Desktop/penny-wise/node_modules/jest-circus/build/utils.js:231:10)
    at _callCircusTest (/Users/rafaelfontes/Desktop/penny-wise/node_modules/jest-circus/build/run.js:316:40)
    at processTicksAndRejections (node:internal/process/task_queues:105:5)
    at _runTest (/Users/rafaelfontes/Desktop/penny-wise/node_modules/jest-circus/build/run.js:252:3)
    at _runTestsForDescribeBlock (/Users/rafaelfontes/Desktop/penny-wise/node_modules/jest-circus/build/run.js:126:9)
    at _runTestsForDescribeBlock (/Users/rafaelfontes/Desktop/penny-wise/node_modules/jest-circus/build/run.js:121:9)
    at _runTestsForDescribeBlock (/Users/rafaelfontes/Desktop/penny-wise/node_modules/jest-circus/build/run.js:121:9)
    at run (/Users/rafaelfontes/Desktop/penny-wise/node_modules/jest-circus/build/run.js:71:3)
    at runAndTransformResultsToJestFormat (/Users/rafaelfontes/Desktop/penny-wise/node_modules/jest-circus/build/legacy-code-todo-rewrite/jestAdapterInit.js:122:21)
    at jestAdapter (/Users/rafaelfontes/Desktop/penny-wise/node_modules/jest-circus/build/legacy-code-todo-rewrite/jestAdapter.js:79:19)
    at runTestInternal (/Users/rafaelfontes/Desktop/penny-wise/node_modules/jest-runner/build/runTest.js:367:16)
    at runTest (/Users/rafaelfontes/Desktop/penny-wise/node_modules/jest-runner/build/runTest.js:444:34)
    at Object.worker (/Users/rafaelfontes/Desktop/penny-wise/node_modules/jest-runner/build/testWorker.js:106:12)</failure>
    </testcase>
    <testcase classname="String Utilities Tests String Encoding and Decoding should encode and decode URLs" name="String Utilities Tests String Encoding and Decoding should encode and decode URLs" time="0.001">
    </testcase>
    <testcase classname="String Utilities Tests String Encoding and Decoding should escape JSON strings" name="String Utilities Tests String Encoding and Decoding should escape JSON strings" time="0">
    </testcase>
  </testsuite>
  <testsuite name="Utils Library" errors="0" failures="0" skipped="0" timestamp="2025-06-15T22:06:14" time="0.082" tests="18">
    <testcase classname="Utils Library cn function should combine class names correctly" name="Utils Library cn function should combine class names correctly" time="0.003">
    </testcase>
    <testcase classname="Utils Library cn function should handle conditional classes" name="Utils Library cn function should handle conditional classes" time="0">
    </testcase>
    <testcase classname="Utils Library cn function should handle object-style classes" name="Utils Library cn function should handle object-style classes" time="0">
    </testcase>
    <testcase classname="Utils Library cn function should handle arrays of classes" name="Utils Library cn function should handle arrays of classes" time="0.001">
    </testcase>
    <testcase classname="Utils Library cn function should handle empty inputs" name="Utils Library cn function should handle empty inputs" time="0">
    </testcase>
    <testcase classname="Utils Library cn function should merge Tailwind classes correctly" name="Utils Library cn function should merge Tailwind classes correctly" time="0">
    </testcase>
    <testcase classname="Utils Library cn function should handle complex combinations" name="Utils Library cn function should handle complex combinations" time="0.001">
    </testcase>
    <testcase classname="Utils Library cn function should handle Tailwind responsive classes" name="Utils Library cn function should handle Tailwind responsive classes" time="0">
    </testcase>
    <testcase classname="Utils Library cn function should handle Tailwind state variants" name="Utils Library cn function should handle Tailwind state variants" time="0">
    </testcase>
    <testcase classname="Utils Library cn function should handle dark mode classes" name="Utils Library cn function should handle dark mode classes" time="0">
    </testcase>
    <testcase classname="Utils Library cn function should merge conflicting Tailwind utilities" name="Utils Library cn function should merge conflicting Tailwind utilities" time="0">
    </testcase>
    <testcase classname="Utils Library cn function should preserve non-conflicting classes" name="Utils Library cn function should preserve non-conflicting classes" time="0.001">
    </testcase>
    <testcase classname="Utils Library cn function should handle complex Tailwind class merging" name="Utils Library cn function should handle complex Tailwind class merging" time="0.001">
    </testcase>
    <testcase classname="Utils Library cn function should handle arbitrary value classes" name="Utils Library cn function should handle arbitrary value classes" time="0">
    </testcase>
    <testcase classname="Utils Library cn function should handle important modifier" name="Utils Library cn function should handle important modifier" time="0">
    </testcase>
    <testcase classname="Utils Library cn function should handle negative values" name="Utils Library cn function should handle negative values" time="0">
    </testcase>
    <testcase classname="Utils Library cn function should handle fraction values" name="Utils Library cn function should handle fraction values" time="0.001">
    </testcase>
    <testcase classname="Utils Library cn function should handle decimal values" name="Utils Library cn function should handle decimal values" time="0">
    </testcase>
  </testsuite>
  <testsuite name="Database Operations" errors="0" failures="0" skipped="0" timestamp="2025-06-15T22:06:14" time="0.072" tests="1">
    <testcase classname="Database Operations should handle Supabase queries" name="Database Operations should handle Supabase queries" time="0.001">
    </testcase>
  </testsuite>
  <testsuite name="Business Calculations" errors="0" failures="0" skipped="0" timestamp="2025-06-15T22:06:14" time="0.125" tests="1">
    <testcase classname="Business Calculations should calculate percentage change" name="Business Calculations should calculate percentage change" time="0">
    </testcase>
  </testsuite>
  <testsuite name="Market Data Service Tests" errors="0" failures="0" skipped="0" timestamp="2025-06-15T22:06:14" time="0.093" tests="1">
    <testcase classname="Market Data Service Tests should fetch market data" name="Market Data Service Tests should fetch market data" time="0">
    </testcase>
  </testsuite>
  <testsuite name="Dashboard Components Tests" errors="0" failures="0" skipped="0" timestamp="2025-06-15T22:06:14" time="0.064" tests="1">
    <testcase classname="Dashboard Components Tests should render dashboard" name="Dashboard Components Tests should render dashboard" time="0">
    </testcase>
  </testsuite>
  <testsuite name="Notifications API Tests" errors="0" failures="0" skipped="0" timestamp="2025-06-15T22:06:14" time="0.074" tests="1">
    <testcase classname="Notifications API Tests should handle CRUD operations" name="Notifications API Tests should handle CRUD operations" time="0.001">
    </testcase>
  </testsuite>
  <testsuite name="Chart Components Tests" errors="0" failures="0" skipped="0" timestamp="2025-06-15T22:06:14" time="0.092" tests="1">
    <testcase classname="Chart Components Tests should render charts" name="Chart Components Tests should render charts" time="0">
    </testcase>
  </testsuite>
  <testsuite name="Financial Calculations Tests - Fixed" errors="0" failures="1" skipped="0" timestamp="2025-06-15T22:06:14" time="0.144" tests="23">
    <testcase classname="Financial Calculations Tests - Fixed Percentage Calculations should calculate percentage change correctly" name="Financial Calculations Tests - Fixed Percentage Calculations should calculate percentage change correctly" time="0.001">
    </testcase>
    <testcase classname="Financial Calculations Tests - Fixed Percentage Calculations should calculate compound annual growth rate (CAGR)" name="Financial Calculations Tests - Fixed Percentage Calculations should calculate compound annual growth rate (CAGR)" time="0">
    </testcase>
    <testcase classname="Financial Calculations Tests - Fixed Percentage Calculations should calculate return on investment (ROI)" name="Financial Calculations Tests - Fixed Percentage Calculations should calculate return on investment (ROI)" time="0">
    </testcase>
    <testcase classname="Financial Calculations Tests - Fixed Moving Averages should calculate simple moving average" name="Financial Calculations Tests - Fixed Moving Averages should calculate simple moving average" time="0">
    </testcase>
    <testcase classname="Financial Calculations Tests - Fixed Moving Averages should calculate exponential moving average" name="Financial Calculations Tests - Fixed Moving Averages should calculate exponential moving average" time="0.001">
    </testcase>
    <testcase classname="Financial Calculations Tests - Fixed Volatility Calculations should calculate standard deviation" name="Financial Calculations Tests - Fixed Volatility Calculations should calculate standard deviation" time="0">
    </testcase>
    <testcase classname="Financial Calculations Tests - Fixed Risk Metrics should calculate Sharpe ratio" name="Financial Calculations Tests - Fixed Risk Metrics should calculate Sharpe ratio" time="0">
      <failure>Error: expect(received).toBeCloseTo(expected, precision)

Expected: 2.07
Received: 2.17

Expected precision:    1
Expected difference: &lt; 0.05
Received difference:   0.10000000000000009
    at Object.toBeCloseTo (/Users/rafaelfontes/Desktop/penny-wise/__tests__/unit/utils/financial-calculations-fixed.test.ts:88:27)
    at Promise.then.completed (/Users/rafaelfontes/Desktop/penny-wise/node_modules/jest-circus/build/utils.js:298:28)
    at new Promise (&lt;anonymous&gt;)
    at callAsyncCircusFn (/Users/rafaelfontes/Desktop/penny-wise/node_modules/jest-circus/build/utils.js:231:10)
    at _callCircusTest (/Users/rafaelfontes/Desktop/penny-wise/node_modules/jest-circus/build/run.js:316:40)
    at processTicksAndRejections (node:internal/process/task_queues:105:5)
    at _runTest (/Users/rafaelfontes/Desktop/penny-wise/node_modules/jest-circus/build/run.js:252:3)
    at _runTestsForDescribeBlock (/Users/rafaelfontes/Desktop/penny-wise/node_modules/jest-circus/build/run.js:126:9)
    at _runTestsForDescribeBlock (/Users/rafaelfontes/Desktop/penny-wise/node_modules/jest-circus/build/run.js:121:9)
    at _runTestsForDescribeBlock (/Users/rafaelfontes/Desktop/penny-wise/node_modules/jest-circus/build/run.js:121:9)
    at run (/Users/rafaelfontes/Desktop/penny-wise/node_modules/jest-circus/build/run.js:71:3)
    at runAndTransformResultsToJestFormat (/Users/rafaelfontes/Desktop/penny-wise/node_modules/jest-circus/build/legacy-code-todo-rewrite/jestAdapterInit.js:122:21)
    at jestAdapter (/Users/rafaelfontes/Desktop/penny-wise/node_modules/jest-circus/build/legacy-code-todo-rewrite/jestAdapter.js:79:19)
    at runTestInternal (/Users/rafaelfontes/Desktop/penny-wise/node_modules/jest-runner/build/runTest.js:367:16)
    at runTest (/Users/rafaelfontes/Desktop/penny-wise/node_modules/jest-runner/build/runTest.js:444:34)
    at Object.worker (/Users/rafaelfontes/Desktop/penny-wise/node_modules/jest-runner/build/testWorker.js:106:12)</failure>
    </testcase>
    <testcase classname="Financial Calculations Tests - Fixed Risk Metrics should calculate maximum drawdown" name="Financial Calculations Tests - Fixed Risk Metrics should calculate maximum drawdown" time="0.001">
    </testcase>
    <testcase classname="Financial Calculations Tests - Fixed Risk Metrics should calculate Value at Risk (VaR)" name="Financial Calculations Tests - Fixed Risk Metrics should calculate Value at Risk (VaR)" time="0">
    </testcase>
    <testcase classname="Financial Calculations Tests - Fixed Technical Indicators should calculate Relative Strength Index (RSI)" name="Financial Calculations Tests - Fixed Technical Indicators should calculate Relative Strength Index (RSI)" time="0">
    </testcase>
    <testcase classname="Financial Calculations Tests - Fixed Technical Indicators should calculate Bollinger Bands" name="Financial Calculations Tests - Fixed Technical Indicators should calculate Bollinger Bands" time="0.005">
    </testcase>
    <testcase classname="Financial Calculations Tests - Fixed Portfolio Calculations should calculate portfolio weights" name="Financial Calculations Tests - Fixed Portfolio Calculations should calculate portfolio weights" time="0">
    </testcase>
    <testcase classname="Financial Calculations Tests - Fixed Portfolio Calculations should calculate portfolio beta" name="Financial Calculations Tests - Fixed Portfolio Calculations should calculate portfolio beta" time="0.001">
    </testcase>
    <testcase classname="Financial Calculations Tests - Fixed Portfolio Calculations should calculate correlation" name="Financial Calculations Tests - Fixed Portfolio Calculations should calculate correlation" time="0">
    </testcase>
    <testcase classname="Financial Calculations Tests - Fixed Formatting Functions should format currency correctly" name="Financial Calculations Tests - Fixed Formatting Functions should format currency correctly" time="0.014">
    </testcase>
    <testcase classname="Financial Calculations Tests - Fixed Formatting Functions should format percentage correctly" name="Financial Calculations Tests - Fixed Formatting Functions should format percentage correctly" time="0">
    </testcase>
    <testcase classname="Financial Calculations Tests - Fixed Formatting Functions should format numbers correctly" name="Financial Calculations Tests - Fixed Formatting Functions should format numbers correctly" time="0.001">
    </testcase>
    <testcase classname="Financial Calculations Tests - Fixed Date and Time Utilities should check if market is open" name="Financial Calculations Tests - Fixed Date and Time Utilities should check if market is open" time="0">
    </testcase>
    <testcase classname="Financial Calculations Tests - Fixed Date and Time Utilities should calculate business days between dates" name="Financial Calculations Tests - Fixed Date and Time Utilities should calculate business days between dates" time="0">
    </testcase>
    <testcase classname="Financial Calculations Tests - Fixed Date and Time Utilities should get market hours" name="Financial Calculations Tests - Fixed Date and Time Utilities should get market hours" time="0.001">
    </testcase>
    <testcase classname="Financial Calculations Tests - Fixed Edge Cases and Error Handling should handle empty arrays" name="Financial Calculations Tests - Fixed Edge Cases and Error Handling should handle empty arrays" time="0">
    </testcase>
    <testcase classname="Financial Calculations Tests - Fixed Edge Cases and Error Handling should handle invalid inputs" name="Financial Calculations Tests - Fixed Edge Cases and Error Handling should handle invalid inputs" time="0">
    </testcase>
    <testcase classname="Financial Calculations Tests - Fixed Edge Cases and Error Handling should handle single value arrays" name="Financial Calculations Tests - Fixed Edge Cases and Error Handling should handle single value arrays" time="0">
    </testcase>
  </testsuite>
</testsuites>